  Integration method chemical reactions:          Euler fully implicit

  Number of targets:   30


  Time step:

      1.00000E+00

  Final time:

      1.00000E+01


  Dimension + Mixing ratios (by rows) (including boundary and sink/source terms):

     32   -5.00000E-01    0.00000E+00    1.50000E+00    0.00000E+00    0.00000E+00    0.00000E+00    0.00000E+00    0.00000E+00    0.00000E+00    0.00000E+00    0.00000E+00    0.00000E+00    0.00000E+00    0.00000E+00    0.00000E+00    0.00000E+00    0.00000E+00    0.00000E+00    0.00000E+00    0.00000E+00    0.00000E+00    0.00000E+00    0.00000E+00    0.00000E+00    0.00000E+00    0.00000E+00    0.00000E+00    0.00000E+00    0.00000E+00    0.00000E+00    0.00000E+00    0.00000E+00
     32    6.51473E-01    0.00000E+00    4.69060E-01   -1.56353E-01    3.39533E-02    1.76957E-03    9.22264E-05    4.80664E-06    2.50512E-07    1.30561E-08    6.80456E-10    3.54639E-11    1.84830E-12    9.63295E-14    5.02048E-15    2.61657E-16    1.36370E-17    7.10730E-19    3.70417E-20    1.93053E-21    1.00615E-22    5.24384E-24    2.73298E-25    1.42437E-26    7.42350E-28    3.86896E-29    2.01642E-30    1.05091E-31    5.47714E-33    2.85459E-34    1.48865E-35    8.04677E-37
     32    6.62090E-01    0.00000E+00    1.46678E-01   -4.88928E-02    2.03720E-01    3.45067E-02    1.79841E-03    9.37295E-05    4.88498E-06    2.54594E-07    1.32689E-08    6.91546E-10    3.60419E-11    1.87842E-12    9.78994E-14    5.10230E-15    2.65921E-16    1.38592E-17    7.22313E-19    3.76454E-20    1.96199E-21    1.02255E-22    5.32930E-24    2.77752E-25    1.44758E-26    7.54448E-28    3.93202E-29    2.04928E-30    1.06804E-31    5.56646E-33    2.90287E-34    1.56912E-35
     32    6.62263E-01    0.00000E+00    4.58674E-02   -1.52891E-02    6.37047E-02    2.07040E-01    3.45157E-02    1.79888E-03    9.37539E-05    4.88625E-06    2.54661E-07    1.32724E-08    6.91727E-10    3.60513E-11    1.87892E-12    9.79250E-14    5.10364E-15    2.65991E-16    1.38628E-17    7.22502E-19    3.76552E-20    1.96251E-21    1.02282E-22    5.33070E-24    2.77824E-25    1.44796E-26    7.54645E-28    3.93305E-29    2.04982E-30    1.06833E-31    5.57129E-33    3.01151E-34
     32    6.62266E-01    0.00000E+00    1.43430E-02   -4.78102E-03    1.99209E-02    6.47429E-02    2.07094E-01    3.45159E-02    1.79889E-03    9.37543E-05    4.88627E-06    2.54662E-07    1.32724E-08    6.91730E-10    3.60515E-11    1.87892E-12    9.79254E-14    5.10366E-15    2.65992E-16    1.38629E-17    7.22505E-19    3.76554E-20    1.96252E-21    1.02282E-22    5.33072E-24    2.77825E-25    1.44797E-26    7.54648E-28    3.93306E-29    2.04985E-30    1.06898E-31    5.77829E-33
     32    6.62266E-01    0.00000E+00    4.48517E-03   -1.49506E-03    6.22940E-03    2.02456E-02    6.47598E-02    2.07095E-01    3.45159E-02    1.79889E-03    9.37544E-05    4.88627E-06    2.54662E-07    1.32724E-08    6.91730E-10    3.60515E-11    1.87892E-12    9.79254E-14    5.10366E-15    2.65992E-16    1.38629E-17    7.22505E-19    3.76554E-20    1.96252E-21    1.02282E-22    5.33072E-24    2.77826E-25    1.44797E-26    7.54649E-28    3.93310E-29    2.05109E-30    1.10870E-31
     32    6.62266E-01    0.00000E+00    1.40254E-03   -4.67515E-04    1.94798E-03    6.33093E-03    2.02509E-02    6.47601E-02    2.07095E-01    3.45159E-02    1.79889E-03    9.37544E-05    4.88627E-06    2.54662E-07    1.32724E-08    6.91730E-10    3.60515E-11    1.87892E-12    9.79254E-14    5.10366E-15    2.65992E-16    1.38629E-17    7.22505E-19    3.76554E-20    1.96252E-21    1.02282E-22    5.33072E-24    2.77826E-25    1.44797E-26    7.54656E-28    3.93549E-29    2.12729E-30
     32    6.62266E-01    0.00000E+00    4.38585E-04   -1.46195E-04    6.09146E-04    1.97973E-03    6.33258E-03    2.02509E-02    6.47601E-02    2.07095E-01    3.45159E-02    1.79889E-03    9.37544E-05    4.88627E-06    2.54662E-07    1.32724E-08    6.91730E-10    3.60515E-11    1.87892E-12    9.79254E-14    5.10366E-15    2.65992E-16    1.38629E-17    7.22505E-19    3.76554E-20    1.96252E-21    1.02282E-22    5.33072E-24    2.77826E-25    1.44798E-26    7.55113E-28    4.08169E-29
     32    6.62266E-01    0.00000E+00    1.37149E-04   -4.57162E-05    1.90484E-04    6.19074E-04    1.98024E-03    6.33261E-03    2.02509E-02    6.47601E-02    2.07095E-01    3.45159E-02    1.79889E-03    9.37544E-05    4.88627E-06    2.54662E-07    1.32724E-08    6.91730E-10    3.60515E-11    1.87892E-12    9.79254E-14    5.10366E-15    2.65992E-16    1.38629E-17    7.22505E-19    3.76554E-20    1.96252E-21    1.02282E-22    5.33072E-24    2.77828E-25    1.44886E-26    7.83166E-28
     32    6.62266E-01    0.00000E+00    4.28873E-05   -1.42958E-05    5.95658E-05    1.93589E-04    6.19236E-04    1.98025E-03    6.33261E-03    2.02509E-02    6.47601E-02    2.07095E-01    3.45159E-02    1.79889E-03    9.37544E-05    4.88627E-06    2.54662E-07    1.32724E-08    6.91730E-10    3.60515E-11    1.87892E-12    9.79254E-14    5.10366E-15    2.65992E-16    1.38629E-17    7.22505E-19    3.76554E-20    1.96252E-21    1.02282E-22    5.33077E-24    2.77997E-25    1.50268E-26
     32    6.62266E-01    0.00000E+00    1.34112E-05   -4.47039E-06    1.86266E-05    6.05365E-05    1.93639E-04    6.19238E-04    1.98025E-03    6.33261E-03    2.02509E-02    6.47601E-02    2.07095E-01    3.45159E-02    1.79889E-03    9.37544E-05    4.88627E-06    2.54662E-07    1.32724E-08    6.91730E-10    3.60515E-11    1.87892E-12    9.79254E-14    5.10366E-15    2.65992E-16    1.38629E-17    7.22505E-19    3.76554E-20    1.96252E-21    1.02283E-22    5.33400E-24    2.88324E-25
     32    6.62266E-01    0.00000E+00    4.19377E-06   -1.39792E-06    5.82468E-06    1.89302E-05    6.05524E-05    1.93640E-04    6.19238E-04    1.98025E-03    6.33261E-03    2.02509E-02    6.47601E-02    2.07095E-01    3.45159E-02    1.79889E-03    9.37544E-05    4.88627E-06    2.54662E-07    1.32724E-08    6.91730E-10    3.60515E-11    1.87892E-12    9.79254E-14    5.10366E-15    2.65992E-16    1.38629E-17    7.22505E-19    3.76554E-20    1.96254E-21    1.02345E-22    5.53217E-24
     32    6.62266E-01    0.00000E+00    1.31142E-06   -4.37140E-07    1.82142E-06    5.91960E-06    1.89351E-05    6.05526E-05    1.93640E-04    6.19238E-04    1.98025E-03    6.33261E-03    2.02509E-02    6.47601E-02    2.07095E-01    3.45159E-02    1.79889E-03    9.37544E-05    4.88627E-06    2.54662E-07    1.32724E-08    6.91730E-10    3.60515E-11    1.87892E-12    9.79254E-14    5.10366E-15    2.65992E-16    1.38629E-17    7.22505E-19    3.76558E-20    1.96372E-21    1.06147E-22
     32    6.62266E-01    0.00000E+00    4.10090E-07   -1.36697E-07    5.69570E-07    1.85110E-06    5.92115E-06    1.89352E-05    6.05526E-05    1.93640E-04    6.19238E-04    1.98025E-03    6.33261E-03    2.02509E-02    6.47601E-02    2.07095E-01    3.45159E-02    1.79889E-03    9.37544E-05    4.88627E-06    2.54662E-07    1.32724E-08    6.91730E-10    3.60515E-11    1.87892E-12    9.79254E-14    5.10366E-15    2.65992E-16    1.38629E-17    7.22512E-19    3.76786E-20    2.03668E-21
     32    6.62266E-01    0.00000E+00    1.28238E-07   -4.27460E-08    1.78108E-07    5.78852E-07    1.85159E-06    5.92118E-06    1.89352E-05    6.05526E-05    1.93640E-04    6.19238E-04    1.98025E-03    6.33261E-03    2.02509E-02    6.47601E-02    2.07095E-01    3.45159E-02    1.79889E-03    9.37544E-05    4.88627E-06    2.54662E-07    1.32724E-08    6.91730E-10    3.60515E-11    1.87892E-12    9.79254E-14    5.10366E-15    2.65992E-16    1.38630E-17    7.22950E-19    3.90784E-20
     32    6.62266E-01    0.00000E+00    4.01009E-08   -1.33670E-08    5.56957E-08    1.81011E-07    5.79004E-07    1.85159E-06    5.92118E-06    1.89352E-05    6.05526E-05    1.93640E-04    6.19238E-04    1.98025E-03    6.33261E-03    2.02509E-02    6.47601E-02    2.07095E-01    3.45159E-02    1.79889E-03    9.37544E-05    4.88627E-06    2.54662E-07    1.32724E-08    6.91730E-10    3.60515E-11    1.87892E-12    9.79254E-14    5.10366E-15    2.65994E-16    1.38714E-17    7.49808E-19
     32    6.62266E-01    0.00000E+00    1.25398E-08   -4.17995E-09    1.74164E-08    5.66034E-08    1.81058E-07    5.79006E-07    1.85159E-06    5.92118E-06    1.89352E-05    6.05526E-05    1.93640E-04    6.19238E-04    1.98025E-03    6.33261E-03    2.02509E-02    6.47601E-02    2.07095E-01    3.45159E-02    1.79889E-03    9.37544E-05    4.88627E-06    2.54662E-07    1.32724E-08    6.91730E-10    3.60515E-11    1.87892E-12    9.79254E-14    5.10371E-15    2.66156E-16    1.43868E-17
     32    6.62266E-01    0.00000E+00    3.92129E-09   -1.30710E-09    5.44624E-09    1.77003E-08    5.66182E-08    1.81059E-07    5.79006E-07    1.85159E-06    5.92118E-06    1.89352E-05    6.05526E-05    1.93640E-04    6.19238E-04    1.98025E-03    6.33261E-03    2.02509E-02    6.47601E-02    2.07095E-01    3.45159E-02    1.79889E-03    9.37544E-05    4.88627E-06    2.54662E-07    1.32724E-08    6.91730E-10    3.60515E-11    1.87892E-12    9.79264E-14    5.10680E-15    2.76043E-16
     32    6.62266E-01    0.00000E+00    1.22622E-09   -4.08739E-10    1.70308E-09    5.53500E-09    1.77049E-08    5.66185E-08    1.81059E-07    5.79006E-07    1.85159E-06    5.92118E-06    1.89352E-05    6.05526E-05    1.93640E-04    6.19238E-04    1.98025E-03    6.33261E-03    2.02509E-02    6.47601E-02    2.07095E-01    3.45159E-02    1.79889E-03    9.37544E-05    4.88627E-06    2.54662E-07    1.32724E-08    6.91730E-10    3.60515E-11    1.87894E-12    9.79857E-14    5.29653E-15
     32    6.62266E-01    0.00000E+00    3.83446E-10   -1.27815E-10    5.32564E-10    1.73083E-09    5.53645E-09    1.77050E-08    5.66185E-08    1.81059E-07    5.79006E-07    1.85159E-06    5.92118E-06    1.89352E-05    6.05526E-05    1.93640E-04    6.19238E-04    1.98025E-03    6.33261E-03    2.02509E-02    6.47601E-02    2.07095E-01    3.45159E-02    1.79889E-03    9.37544E-05    4.88627E-06    2.54662E-07    1.32724E-08    6.91730E-10    3.60518E-11    1.88008E-12    1.01626E-13
     32    6.62266E-01    0.00000E+00    1.19906E-10   -3.99688E-11    1.66537E-10    5.41244E-10    1.73129E-09    5.53647E-09    1.77050E-08    5.66185E-08    1.81059E-07    5.79006E-07    1.85159E-06    5.92118E-06    1.89352E-05    6.05526E-05    1.93640E-04    6.19238E-04    1.98025E-03    6.33261E-03    2.02509E-02    6.47601E-02    2.07095E-01    3.45159E-02    1.79889E-03    9.37544E-05    4.88627E-06    2.54662E-07    1.32724E-08    6.91737E-10    3.60737E-11    1.94993E-12
     32    6.62266E-01    0.00000E+00    3.74955E-11   -1.24985E-11    5.20771E-11    1.69251E-10    5.41385E-10    1.73129E-09    5.53647E-09    1.77050E-08    5.66185E-08    1.81059E-07    5.79006E-07    1.85159E-06    5.92118E-06    1.89352E-05    6.05526E-05    1.93640E-04    6.19238E-04    1.98025E-03    6.33261E-03    2.02509E-02    6.47601E-02    2.07095E-01    3.45159E-02    1.79889E-03    9.37544E-05    4.88627E-06    2.54662E-07    1.32726E-08    6.92156E-10    3.74138E-11
     32    6.62266E-01    0.00000E+00    1.17251E-11   -3.90837E-12    1.62849E-11    5.29259E-11    1.69295E-10    5.41388E-10    1.73129E-09    5.53647E-09    1.77050E-08    5.66185E-08    1.81059E-07    5.79006E-07    1.85159E-06    5.92118E-06    1.89352E-05    6.05526E-05    1.93640E-04    6.19238E-04    1.98025E-03    6.33261E-03    2.02509E-02    6.47601E-02    2.07095E-01    3.45159E-02    1.79889E-03    9.37544E-05    4.88627E-06    2.54664E-07    1.32806E-08    7.17870E-10
     32    6.62266E-01    0.00000E+00    3.66653E-12   -1.22218E-12    5.09240E-12    1.65503E-11    5.29397E-11    1.69296E-10    5.41388E-10    1.73129E-09    5.53647E-09    1.77050E-08    5.66185E-08    1.81059E-07    5.79006E-07    1.85159E-06    5.92118E-06    1.89352E-05    6.05526E-05    1.93640E-04    6.19238E-04    1.98025E-03    6.33261E-03    2.02509E-02    6.47601E-02    2.07095E-01    3.45159E-02    1.79889E-03    9.37544E-05    4.88632E-06    2.54819E-07    1.37740E-08
     32    6.62266E-01    0.00000E+00    1.14655E-12   -3.82183E-13    1.59243E-12    5.17539E-12    1.65546E-11    5.29399E-11    1.69296E-10    5.41388E-10    1.73129E-09    5.53647E-09    1.77050E-08    5.66185E-08    1.81059E-07    5.79006E-07    1.85159E-06    5.92118E-06    1.89352E-05    6.05526E-05    1.93640E-04    6.19238E-04    1.98025E-03    6.33261E-03    2.02509E-02    6.47601E-02    2.07095E-01    3.45159E-02    1.79889E-03    9.37553E-05    4.88928E-06    2.64286E-07
     32    6.62266E-01    0.00000E+00    3.58534E-13   -1.19511E-13    4.97963E-13    1.61838E-12    5.17674E-12    1.65547E-11    5.29399E-11    1.69296E-10    5.41388E-10    1.73129E-09    5.53647E-09    1.77050E-08    5.66185E-08    1.81059E-07    5.79006E-07    1.85159E-06    5.92118E-06    1.89352E-05    6.05526E-05    1.93640E-04    6.19238E-04    1.98025E-03    6.33261E-03    2.02509E-02    6.47601E-02    2.07095E-01    3.45159E-02    1.79891E-03    9.38121E-05    5.07092E-06
     32    6.62266E-01    0.00000E+00    1.12116E-13   -3.73720E-14    1.55717E-13    5.06079E-13    1.61880E-12    5.17677E-12    1.65547E-11    5.29399E-11    1.69296E-10    5.41388E-10    1.73129E-09    5.53647E-09    1.77050E-08    5.66185E-08    1.81059E-07    5.79006E-07    1.85159E-06    5.92118E-06    1.89352E-05    6.05526E-05    1.93640E-04    6.19238E-04    1.98025E-03    6.33261E-03    2.02509E-02    6.47601E-02    2.07095E-01    3.45162E-02    1.80000E-03    9.72973E-05
     32    6.62273E-01    0.00000E+00    3.50598E-14   -1.16866E-14    4.86941E-14    1.58256E-13    5.06216E-13    1.61883E-12    5.17682E-12    1.65549E-11    5.29405E-11    1.69297E-10    5.41393E-10    1.73131E-09    5.53653E-09    1.77052E-08    5.66190E-08    1.81061E-07    5.79012E-07    1.85161E-06    5.92124E-06    1.89354E-05    6.05532E-05    1.93642E-04    6.19245E-04    1.98027E-03    6.33267E-03    2.02511E-02    6.47608E-02    2.07097E-01    3.45371E-02    1.86687E-03
     32    6.62674E-01    0.00000E+00    1.09701E-14   -3.65669E-15    1.52362E-14    4.95177E-14    1.58393E-13    5.06525E-13    1.61981E-12    5.17995E-12    1.65649E-11    5.29725E-11    1.69400E-10    5.41721E-10    1.73236E-09    5.53988E-09    1.77159E-08    5.66533E-08    1.81171E-07    5.79363E-07    1.85273E-06    5.92482E-06    1.89469E-05    6.05899E-05    1.93759E-04    6.19620E-04    1.98147E-03    6.33651E-03    2.02634E-02    6.48000E-02    2.07223E-01    3.58202E-02
     32    6.87293E-01    0.00000E+00    3.55786E-15   -1.18595E-15    4.94148E-15    1.60598E-14    5.13708E-14    1.64278E-13    5.25343E-13    1.67999E-12    5.37239E-12    1.71803E-11    5.49405E-11    1.75693E-10    5.61847E-10    1.79672E-09    5.74570E-09    1.83741E-08    5.87581E-08    1.87901E-07    6.00887E-07    1.92156E-06    6.14494E-06    1.96508E-05    6.28409E-05    2.00958E-04    6.42639E-04    2.05508E-03    6.57192E-03    2.10162E-02    6.72074E-02    2.14921E-01

  Mixing waters indices:

      3    1    2    4    5    6    7    8    9   10   11   12   13   14   15   16   17   18   19   20   21   22   23   24   25   26   27   28   29   30   31   32
      4    1    2    3    5    6    7    8    9   10   11   12   13   14   15   16   17   18   19   20   21   22   23   24   25   26   27   28   29   30   31   32
      5    1    2    3    4    6    7    8    9   10   11   12   13   14   15   16   17   18   19   20   21   22   23   24   25   26   27   28   29   30   31   32
      6    1    2    3    4    5    7    8    9   10   11   12   13   14   15   16   17   18   19   20   21   22   23   24   25   26   27   28   29   30   31   32
      7    1    2    3    4    5    6    8    9   10   11   12   13   14   15   16   17   18   19   20   21   22   23   24   25   26   27   28   29   30   31   32
      8    1    2    3    4    5    6    7    9   10   11   12   13   14   15   16   17   18   19   20   21   22   23   24   25   26   27   28   29   30   31   32
      9    1    2    3    4    5    6    7    8   10   11   12   13   14   15   16   17   18   19   20   21   22   23   24   25   26   27   28   29   30   31   32
     10    1    2    3    4    5    6    7    8    9   11   12   13   14   15   16   17   18   19   20   21   22   23   24   25   26   27   28   29   30   31   32
     11    1    2    3    4    5    6    7    8    9   10   12   13   14   15   16   17   18   19   20   21   22   23   24   25   26   27   28   29   30   31   32
     12    1    2    3    4    5    6    7    8    9   10   11   13   14   15   16   17   18   19   20   21   22   23   24   25   26   27   28   29   30   31   32
     13    1    2    3    4    5    6    7    8    9   10   11   12   14   15   16   17   18   19   20   21   22   23   24   25   26   27   28   29   30   31   32
     14    1    2    3    4    5    6    7    8    9   10   11   12   13   15   16   17   18   19   20   21   22   23   24   25   26   27   28   29   30   31   32
     15    1    2    3    4    5    6    7    8    9   10   11   12   13   14   16   17   18   19   20   21   22   23   24   25   26   27   28   29   30   31   32
     16    1    2    3    4    5    6    7    8    9   10   11   12   13   14   15   17   18   19   20   21   22   23   24   25   26   27   28   29   30   31   32
     17    1    2    3    4    5    6    7    8    9   10   11   12   13   14   15   16   18   19   20   21   22   23   24   25   26   27   28   29   30   31   32
     18    1    2    3    4    5    6    7    8    9   10   11   12   13   14   15   16   17   19   20   21   22   23   24   25   26   27   28   29   30   31   32
     19    1    2    3    4    5    6    7    8    9   10   11   12   13   14   15   16   17   18   20   21   22   23   24   25   26   27   28   29   30   31   32
     20    1    2    3    4    5    6    7    8    9   10   11   12   13   14   15   16   17   18   19   21   22   23   24   25   26   27   28   29   30   31   32
     21    1    2    3    4    5    6    7    8    9   10   11   12   13   14   15   16   17   18   19   20   22   23   24   25   26   27   28   29   30   31   32
     22    1    2    3    4    5    6    7    8    9   10   11   12   13   14   15   16   17   18   19   20   21   23   24   25   26   27   28   29   30   31   32
     23    1    2    3    4    5    6    7    8    9   10   11   12   13   14   15   16   17   18   19   20   21   22   24   25   26   27   28   29   30   31   32
     24    1    2    3    4    5    6    7    8    9   10   11   12   13   14   15   16   17   18   19   20   21   22   23   25   26   27   28   29   30   31   32
     25    1    2    3    4    5    6    7    8    9   10   11   12   13   14   15   16   17   18   19   20   21   22   23   24   26   27   28   29   30   31   32
     26    1    2    3    4    5    6    7    8    9   10   11   12   13   14   15   16   17   18   19   20   21   22   23   24   25   27   28   29   30   31   32
     27    1    2    3    4    5    6    7    8    9   10   11   12   13   14   15   16   17   18   19   20   21   22   23   24   25   26   28   29   30   31   32
     28    1    2    3    4    5    6    7    8    9   10   11   12   13   14   15   16   17   18   19   20   21   22   23   24   25   26   27   29   30   31   32
     29    1    2    3    4    5    6    7    8    9   10   11   12   13   14   15   16   17   18   19   20   21   22   23   24   25   26   27   28   30   31   32
     30    1    2    3    4    5    6    7    8    9   10   11   12   13   14   15   16   17   18   19   20   21   22   23   24   25   26   27   28   29   31   32
     31    1    2    3    4    5    6    7    8    9   10   11   12   13   14   15   16   17   18   19   20   21   22   23   24   25   26   27   28   29   30   32
     32    1    2    3    4    5    6    7    8    9   10   11   12   13   14   15   16   17   18   19   20   21   22   23   24   25   26   27   28   29   30   31

  Aqueous species:

          ca+2           
          so4-2          
          h2o            
  Minerals:

          gypsum         
  Gases:

  Surface complexes:

  Equilibrium reactions:

          gypsum                        

  Kinetic reactions:

  Global stoichiometric matrix:

                 -1.00000       -1.00000        0.00000        1.00000
  Equilibrium constants:

              3.03599E+04

  Global component matrix:

                  1.00000       -1.00000

  Initial concentration of aqueous species:

              1.00003E+00    1.00003E+00    1.00003E+00    1.00003E+00    1.00003E+00    1.00003E+00    1.00003E+00    1.00003E+00    1.00003E+00    1.00003E+00    2.00000E+02    1.00003E+00    1.00003E+00    1.00003E+00    1.00003E+00    1.00003E+00    1.00003E+00    1.00003E+00    1.00003E+00    1.00003E+00    1.00003E+00    1.00003E+00    1.00003E+00    1.00003E+00    1.00003E+00    1.00003E+00    1.00003E+00    1.00003E+00    1.00003E+00    1.00003E+00
              3.29000E-05    3.29000E-05    3.29000E-05    3.29000E-05    3.29000E-05    3.29000E-05    3.29000E-05    3.29000E-05    3.29000E-05    3.29000E-05    1.00000E-05    3.29000E-05    3.29000E-05    3.29000E-05    3.29000E-05    3.29000E-05    3.29000E-05    3.29000E-05    3.29000E-05    3.29000E-05    3.29000E-05    3.29000E-05    3.29000E-05    3.29000E-05    3.29000E-05    3.29000E-05    3.29000E-05    3.29000E-05    3.29000E-05    3.29000E-05
              5.55556E+01    5.55556E+01    5.55556E+01    5.55556E+01    5.55556E+01    5.55556E+01    5.55556E+01    5.55556E+01    5.55556E+01    5.55556E+01    5.55556E+01    5.55556E+01    5.55556E+01    5.55556E+01    5.55556E+01    5.55556E+01    5.55556E+01    5.55556E+01    5.55556E+01    5.55556E+01    5.55556E+01    5.55556E+01    5.55556E+01    5.55556E+01    5.55556E+01    5.55556E+01    5.55556E+01    5.55556E+01    5.55556E+01    5.55556E+01

  Initial activity water:

              6.89799-307    6.89799-307    6.89799-307    6.89799-307    6.89799-307    6.89799-307    6.89799-307    6.89799-307    6.89799-307    6.89799-307    6.89799-307    6.89799-307    6.89799-307    6.89799-307    6.89799-307    6.89799-307    6.89799-307    6.89799-307    6.89799-307    6.89799-307    6.89799-307    6.89799-307    6.89799-307    6.89799-307    6.89799-307    6.89799-307    6.89799-307    6.89799-307    6.89799-307    6.89799-307

  Initial salinity:

              0.00000E+00    0.00000E+00    0.00000E+00    0.00000E+00    0.00000E+00    0.00000E+00    0.00000E+00    0.00000E+00    0.00000E+00    0.00000E+00    0.00000E+00    0.00000E+00    0.00000E+00    0.00000E+00    0.00000E+00    0.00000E+00    0.00000E+00    0.00000E+00    0.00000E+00    0.00000E+00    0.00000E+00    0.00000E+00    0.00000E+00    0.00000E+00    0.00000E+00    0.00000E+00    0.00000E+00    0.00000E+00    0.00000E+00    0.00000E+00

  Final concentration of aqueous species:

              1.00003E+00    1.00003E+00    1.00004E+00    1.00008E+00    1.00043E+00    1.00321E+00    1.02281E+00    1.14403E+00    1.77035E+00    4.28100E+00    1.10955E+01    2.06859E+01    2.87319E+01    3.21037E+01    3.05223E+01    2.56697E+01    1.96437E+01    1.39881E+01    9.45886E+00    6.20545E+00    4.05199E+00    2.71609E+00    1.93032E+00    1.48837E+00    1.24915E+00    1.12391E+00    1.06023E+00    1.02869E+00    1.01344E+00    1.00645E+00
              3.29000E-05    3.29371E-05    3.29370E-05    3.29356E-05    3.29240E-05    3.28330E-05    3.22036E-05    2.87915E-05    1.86055E-05    7.69405E-06    2.96860E-06    1.59230E-06    1.14640E-06    1.02599E-06    1.07915E-06    1.28315E-06    1.67678E-06    2.35473E-06    3.48226E-06    5.30795E-06    8.12889E-06    1.21271E-05    1.70636E-05    2.21304E-05    2.63684E-05    2.93068E-05    3.10670E-05    3.20197E-05    3.25015E-05    3.27270E-05
              5.55556E+01    5.55556E+01    5.55556E+01    5.55556E+01    5.55556E+01    5.55556E+01    5.55556E+01    5.55556E+01    5.55556E+01    5.55556E+01    5.55556E+01    5.55556E+01    5.55556E+01    5.55556E+01    5.55556E+01    5.55556E+01    5.55556E+01    5.55556E+01    5.55556E+01    5.55556E+01    5.55556E+01    5.55556E+01    5.55556E+01    5.55556E+01    5.55556E+01    5.55556E+01    5.55556E+01    5.55556E+01    5.55556E+01    5.55556E+01

  Final concentration of aqueous species (transposed):

              1.00003E+00    3.29000E-05    5.55556E+01
              1.00003E+00    3.29371E-05    5.55556E+01
              1.00004E+00    3.29370E-05    5.55556E+01
              1.00008E+00    3.29356E-05    5.55556E+01
              1.00043E+00    3.29240E-05    5.55556E+01
              1.00321E+00    3.28330E-05    5.55556E+01
              1.02281E+00    3.22036E-05    5.55556E+01
              1.14403E+00    2.87915E-05    5.55556E+01
              1.77035E+00    1.86055E-05    5.55556E+01
              4.28100E+00    7.69405E-06    5.55556E+01
              1.10955E+01    2.96860E-06    5.55556E+01
              2.06859E+01    1.59230E-06    5.55556E+01
              2.87319E+01    1.14640E-06    5.55556E+01
              3.21037E+01    1.02599E-06    5.55556E+01
              3.05223E+01    1.07915E-06    5.55556E+01
              2.56697E+01    1.28315E-06    5.55556E+01
              1.96437E+01    1.67678E-06    5.55556E+01
              1.39881E+01    2.35473E-06    5.55556E+01
              9.45886E+00    3.48226E-06    5.55556E+01
              6.20545E+00    5.30795E-06    5.55556E+01
              4.05199E+00    8.12889E-06    5.55556E+01
              2.71609E+00    1.21271E-05    5.55556E+01
              1.93032E+00    1.70636E-05    5.55556E+01
              1.48837E+00    2.21304E-05    5.55556E+01
              1.24915E+00    2.63684E-05    5.55556E+01
              1.12391E+00    2.93068E-05    5.55556E+01
              1.06023E+00    3.10670E-05    5.55556E+01
              1.02869E+00    3.20197E-05    5.55556E+01
              1.01344E+00    3.25015E-05    5.55556E+01
              1.00645E+00    3.27270E-05    5.55556E+01

  Final activity coefficients aqueous species:

              1.00000E+00    1.00000E+00    1.00000E+00    1.00000E+00    1.00000E+00    1.00000E+00    1.00000E+00    1.00000E+00    1.00000E+00    1.00000E+00    1.00000E+00    1.00000E+00    1.00000E+00    1.00000E+00    1.00000E+00    1.00000E+00    1.00000E+00    1.00000E+00    1.00000E+00    1.00000E+00    1.00000E+00    1.00000E+00    1.00000E+00    1.00000E+00    1.00000E+00    1.00000E+00    1.00000E+00    1.00000E+00    1.00000E+00    1.00000E+00
              1.00000E+00    1.00000E+00    1.00000E+00    1.00000E+00    1.00000E+00    1.00000E+00    1.00000E+00    1.00000E+00    1.00000E+00    1.00000E+00    1.00000E+00    1.00000E+00    1.00000E+00    1.00000E+00    1.00000E+00    1.00000E+00    1.00000E+00    1.00000E+00    1.00000E+00    1.00000E+00    1.00000E+00    1.00000E+00    1.00000E+00    1.00000E+00    1.00000E+00    1.00000E+00    1.00000E+00    1.00000E+00    1.00000E+00    1.00000E+00
              1.00000E+00    1.76760E-02    1.76760E-02    1.76760E-02    1.76758E-02    1.76750E-02    1.76686E-02    1.76293E-02    1.74264E-02    1.66130E-02    1.44050E-02    1.12978E-02    8.69085E-03    7.59840E-03    8.11077E-03    9.68301E-03    1.16354E-02    1.34679E-02    1.49353E-02    1.59894E-02    1.66872E-02    1.71200E-02    1.73746E-02    1.75178E-02    1.75953E-02    1.76358E-02    1.76565E-02    1.76667E-02    1.76716E-02    1.76739E-02

  Activity water:

              5.97820-312    6.89799-307    6.89799-307    9.81999E-01    9.81999E-01    9.81998E-01    9.81992E-01    9.81942E-01    9.81589E-01    9.79407E-01    9.68133E-01    9.22942E-01    8.00281E-01    6.27653E-01    4.82825E-01    4.22134E-01    4.50599E-01    5.37945E-01    6.46414E-01    7.48214E-01    8.29741E-01    8.88302E-01    9.27064E-01    9.51110E-01    9.65254E-01    9.73209E-01    9.77515E-01    9.79769E-01    9.80915E-01    9.81483E-01    9.81758E-01    9.81883E-01

  Final salinity:

              0.00000E+00    3.85378E-02    3.85380E-02    3.85395E-02    3.85526E-02    3.86553E-02    3.93809E-02    4.38428E-02    6.62530E-02    1.46448E-01    3.07808E-01    4.53268E-01    5.35212E-01    5.62679E-01    5.50213E-01    5.07096E-01    4.40491E-01    3.59227E-01    2.74885E-01    1.99169E-01    1.39708E-01    9.81702E-02    7.18095E-02    5.62949E-02    4.76790E-02    4.31052E-02    4.07628E-02    3.95981E-02    3.90340E-02    3.87756E-02

  Kinetic reaction rates:


  Reactive zone    1:

          Non-flowing species:

                    gypsum         

          Number of equilibrium reactions:         1

          Stoichiometric matrix:

                 -1.00000       -1.00000        0.00000        1.00000

          Equilibrium constants:

              3.03599E+04

          Primary species:

                    ca+2           
          Component matrix:

                  1.00000       -1.00000

          Initial concentration of components:

              1.00000E+00    1.00000E+00    1.00000E+00    1.00000E+00    1.00000E+00    1.00000E+00    1.00000E+00    1.00000E+00    1.00000E+00    1.00000E+00    2.00000E+02    1.00000E+00    1.00000E+00    1.00000E+00    1.00000E+00    1.00000E+00    1.00000E+00    1.00000E+00    1.00000E+00    1.00000E+00    1.00000E+00    1.00000E+00    1.00000E+00    1.00000E+00    1.00000E+00    1.00000E+00    1.00000E+00    1.00000E+00    1.00000E+00    1.00000E+00

          Concentration of components:

              1.00000E+00    1.00000E+00    1.00001E+00    1.00005E+00    1.00040E+00    1.00317E+00    1.02278E+00    1.14400E+00    1.77033E+00    4.28099E+00    1.10955E+01    2.06859E+01    2.87319E+01    3.21037E+01    3.05223E+01    2.56697E+01    1.96437E+01    1.39881E+01    9.45885E+00    6.20545E+00    4.05199E+00    2.71608E+00    1.93030E+00    1.48835E+00    1.24913E+00    1.12388E+00    1.06020E+00    1.02865E+00    1.01340E+00    1.00642E+00

          Concentration of components (transposed):

              1.00000E+00
              1.00000E+00
              1.00001E+00
              1.00005E+00
              1.00040E+00
              1.00317E+00
              1.02278E+00
              1.14400E+00
              1.77033E+00
              4.28099E+00
              1.10955E+01
              2.06859E+01
              2.87319E+01
              3.21037E+01
              3.05223E+01
              2.56697E+01
              1.96437E+01
              1.39881E+01
              9.45885E+00
              6.20545E+00
              4.05199E+00
              2.71608E+00
              1.93030E+00
              1.48835E+00
              1.24913E+00
              1.12388E+00
              1.06020E+00
              1.02865E+00
              1.01340E+00
              1.00642E+00

          Initial volumetric fractions of minerals:

              5.00000E-01    5.00000E-01    5.00000E-01    5.00000E-01    5.00000E-01    5.00000E-01    5.00000E-01    5.00000E-01    5.00000E-01    5.00000E-01    5.00000E-01    5.00000E-01    5.00000E-01    5.00000E-01    5.00000E-01    5.00000E-01    5.00000E-01    5.00000E-01    5.00000E-01    5.00000E-01    5.00000E-01    5.00000E-01    5.00000E-01    5.00000E-01    5.00000E-01    5.00000E-01    5.00000E-01    5.00000E-01    5.00000E-01    5.00000E-01

          Volumetric fractions of minerals:

              5.00000E-01    5.00000E-01    5.00000E-01    5.00000E-01    5.00000E-01    5.00000E-01    5.00000E-01    5.00000E-01    5.00002E-01    5.00003E-01    5.00001E-01    5.00001E-01    5.00001E-01    5.00001E-01    5.00001E-01    5.00001E-01    5.00001E-01    5.00001E-01    5.00001E-01    5.00001E-01    5.00000E-01    5.00000E-01    5.00000E-01    5.00000E-01    5.00000E-01    5.00000E-01    5.00000E-01    5.00000E-01    5.00000E-01    5.00000E-01

          Initial concentration of minerals:

              1.00000E+00    1.00000E+00    1.00000E+00    1.00000E+00    1.00000E+00    1.00000E+00    1.00000E+00    1.00000E+00    1.00000E+00    1.00000E+00    1.00000E+00    1.00000E+00    1.00000E+00    1.00000E+00    1.00000E+00    1.00000E+00    1.00000E+00    1.00000E+00    1.00000E+00    1.00000E+00    1.00000E+00    1.00000E+00    1.00000E+00    1.00000E+00    1.00000E+00    1.00000E+00    1.00000E+00    1.00000E+00    1.00000E+00    1.00000E+00

          Concentration of minerals:

              1.00000E+00    1.00000E+00    1.00000E+00    1.00000E+00    1.00000E+00    1.00000E+00    1.00000E+00    1.00001E+00    1.00005E+00    1.00007E+00    1.00004E+00    1.00003E+00    1.00003E+00    1.00003E+00    1.00003E+00    1.00002E+00    1.00002E+00    1.00002E+00    1.00002E+00    1.00001E+00    1.00001E+00    1.00001E+00    1.00001E+00    1.00000E+00    1.00000E+00    1.00000E+00    1.00000E+00    1.00000E+00    1.00000E+00    1.00000E+00

          Concentration of surface complexes:


          Concentration of gases:


          Initial partial pressures of gases:


          Partial pressures of gases:


          Initial volume of gas:


          Volume of gas:


          Aqueous equilibrium reaction rates:


          Mineral equilibrium reaction rates:

              0.00000E+00   -5.80470E-09   -1.81490E-09   -5.62403E-10   -7.96930E-11    1.68142E-09    2.63498E-08    2.65341E-07    1.13437E-06    1.63056E-06    1.04117E-06    4.47134E-07    1.65063E-07    5.47022E-08    1.90990E-08    1.87306E-08    4.40109E-08    1.01343E-07    2.06933E-07    3.76554E-07    5.97501E-07    7.89189E-07    8.23985E-07    6.60579E-07    4.11262E-07    2.07750E-07    8.98572E-08    3.48769E-08    1.25823E-08    4.45740E-09

          Gas equilibrium reaction rates:

