 Aqueous component concentrations after solving reactive mixing iteration (rows: components, columns: targets):

      6.95989E-04    7.54882E-04    8.09236E-04    8.58671E-04    9.02765E-04    9.41045E-04    9.72987E-04    9.98005E-04    1.01544E-03    1.02457E-03
      9.24231E-04    9.17534E-04    9.11126E-04    9.05109E-04    8.99594E-04    8.94693E-04    8.90526E-04    8.87214E-04    8.84881E-04    8.83652E-04
      8.96624E-04    8.87603E-04    8.79051E-04    8.71088E-04    8.63836E-04    8.57429E-04    8.52006E-04    8.47711E-04    8.44693E-04    8.43106E-04
      1.41852E-05    1.53812E-05    1.64850E-05    1.74889E-05    1.83844E-05    1.91618E-05    1.98105E-05    2.03185E-05    2.06727E-05    2.08580E-05
      1.12561E-03    1.05128E-03    9.82242E-04    9.19084E-04    8.62459E-04    8.13081E-04    7.71727E-04    7.39245E-04    7.16556E-04    7.04665E-04
      1.30165E-03    1.36600E-03    1.42549E-03    1.47969E-03    1.52809E-03    1.57017E-03    1.60532E-03    1.63287E-03    1.65208E-03    1.66214E-03
      1.20808E-05    0.00000E+00    0.00000E+00    0.00000E+00    0.00000E+00    0.00000E+00    0.00000E+00    0.00000E+00    0.00000E+00    0.00000E+00

 Concentrations of variable activity species after solving reactive mixing iteration (rows: species, columns: targets):

      6.95989E-04    7.54882E-04    8.09236E-04    8.58671E-04    9.02765E-04    9.41045E-04    9.72987E-04    9.98005E-04    1.01544E-03    1.02457E-03
      9.24231E-04    9.17534E-04    9.11126E-04    9.05109E-04    8.99594E-04    8.94693E-04    8.90526E-04    8.87214E-04    8.84881E-04    8.83652E-04
      8.96624E-04    8.87603E-04    8.79051E-04    8.71088E-04    8.63836E-04    8.57429E-04    8.52006E-04    8.47711E-04    8.44693E-04    8.43106E-04
      1.41852E-05    1.53812E-05    1.64850E-05    1.74889E-05    1.83844E-05    1.91618E-05    1.98105E-05    2.03185E-05    2.06727E-05    2.08580E-05
      1.12561E-03    1.05128E-03    9.82242E-04    9.19084E-04    8.62459E-04    8.13081E-04    7.71727E-04    7.39245E-04    7.16556E-04    7.04665E-04
      1.30165E-03    1.36600E-03    1.42549E-03    1.47969E-03    1.52809E-03    1.57017E-03    1.60532E-03    1.63287E-03    1.65208E-03    1.66214E-03
      1.20808E-05    5.60902E-15    5.60902E-15    5.60902E-15    5.60902E-15    5.60902E-15    5.60902E-15    5.60902E-15    5.60902E-15    5.60902E-15
      8.77186E-11    8.48736E-11    8.26209E-11    8.08245E-11    7.93918E-11    7.82595E-11    7.73845E-11    7.67393E-11    7.63089E-11    7.60898E-11

 Kinetic reaction rates (rows: reactions [aqueous (linear+redox) | minerals], columns: targets):

      4.50045E-04    4.50045E-04    4.50045E-04    4.50045E-04    4.50045E-04    4.50045E-04    4.50045E-04    4.50045E-04    4.50045E-04    4.50045E-04
      2.30846E-05    2.30846E-05    2.30846E-05    2.30846E-05    2.30846E-05    2.30846E-05    2.30846E-05    2.30846E-05    2.30846E-05    2.30846E-05
