                                   MODFLOW 6
                U.S. GEOLOGICAL SURVEY MODULAR HYDROLOGIC MODEL
                             TRANSPORT MODEL (GWT)
                            VERSION 6.6.1 02/10/2025

   MODFLOW 6 compiled Feb 10 2025 17:37:25 with Intel(R) Fortran Intel(R) 64
   Compiler Classic for applications running on Intel(R) 64, Version 2021.7.0
                             Build 20220726_000000

This software has been approved for release by the U.S. Geological 
Survey (USGS). Although the software has been subjected to rigorous 
review, the USGS reserves the right to update the software as needed 
pursuant to further analysis and review. No warranty, expressed or 
implied, is made by the USGS or the U.S. Government as to the 
functionality of the software and related material nor shall the 
fact of release constitute any such warranty. Furthermore, the 
software is released on condition that neither the USGS nor the U.S. 
Government shall be held liable for any damages resulting from its 
authorized or unauthorized use. Also refer to the USGS Water 
Resources Software User Rights Notice for complete use, copyright, 
and distribution information.


As a work of the United States Government, this USGS product is 
in the public domain within the United States. You can copy, 
modify, distribute, and perform the work, even for commercial 
purposes, all without asking permission. Additionally, USGS 
waives copyright and related rights in the work worldwide 
through CC0 1.0 Universal Public Domain Dedication 
(https://creativecommons.org/publicdomain/zero/1.0/).

The following GNU Lesser General Public License (LGPL) libraries
are used in this USGS product:

    SPARSKIT version 2.0
      ilut, luson, and qsplit 
      (https://www-users.cse.umn.edu/~saad/software/SPARSKIT/)

    RCM - Reverse Cuthill McKee Ordering
      (https://people.math.sc.edu/Burkardt/f_src/rcm/rcm.html)

    BLAS - Basic Linear Algebra Subprograms Level 1
      (https://people.math.sc.edu/Burkardt/f_src/blas1_d/blas1_d.html)

    SPARSEKIT - Sparse Matrix Utility Package
      amux, dperm, dvperm, rperm, and cperm
      (https://people.sc.fsu.edu/~jburkardt/f77_src/sparsekit/sparsekit.html)

The following BSD-3 License libraries are used in this USGS product:

    Modern Fortran DAG Library
      Copyright (c) 2018, Jacob Williams
      All rights reserved.
      (https://github.com/jacobwilliams/daglib)

MODFLOW 6 compiler options: /Isrc\libmf6core.a.p /Isrc /I..\src
/Isrc\libmf6_external.a.p /MTd /nologo /warn:general /warn:truncated_source
/stand:f08 /Zi /traceback /O2 /fpe:0 /heap-arrays:0 /traceback /fpp
/Qdiag-disable:7416 /Qdiag-disable:7025 /Qdiag-disable:5268
/Qdiag-disable:10448 /Fdsrc\libmf6core.a.p\Utilities_compilerversion.F90.pdb
/module:src\libmf6core.a.p
/Fosrc/libmf6core.a.p/Utilities_compilerversion.F90.obj /c

System command used to initiate simulation:
C:\Users\luiggi\Documents\GitSites\RTWMA\bin\windows\mf6.exe

MODFLOW was compiled using uniform precision.

Real Variables
  KIND: 8
  TINY (smallest non-zero value):    2.225074-308
  HUGE (largest value):    1.797693+308
  PRECISION: 15
  SIZE IN BITS: 64

Integer Variables
  KIND: 4
  HUGE (largest value): 2147483647
  SIZE IN BITS: 32

Long Integer Variables
  KIND: 8
  HUGE (largest value): 9223372036854775807
  SIZE IN BITS: 64

Logical Variables
  KIND: 4
  SIZE IN BITS: 32
 
 NAMEFILE OPTIONS:
    FLOWS WILL BE SAVED TO BUDGET FILE SPECIFIED IN OUTPUT CONTROL
 END NAMEFILE OPTIONS:

 DIS -- STRUCTURED GRID DISCRETIZATION PACKAGE, VERSION 2 : 3/27/2014 - INPUT READ FROM MEMPATH: __INPUT__/TRANSPORT/DIS                           


 DSP-- DISPERSION PACKAGE, VERSION 1, 1/24/2018 INPUT READ FROM MEMPATH: __INPUT__/TRANSPORT/DSP                           


 Setting Discretization Options
    Model length unit [0=UND, 1=FEET, 2=METERS, 3=CENTIMETERS] set as 3
 End Setting Discretization Options

 Setting Discretization Dimensions
    NLAY = 1
    NROW = 1
    NCOL = 30
 End Setting Discretization Dimensions

 Setting Discretization Griddata
    DELR set from input file
    DELC set from input file
    TOP set from input file
    BOTM set from input file
 End Setting Discretization Griddata


 FMI -- FLOW MODEL INTERFACE, VERSION 2, 8/17/2023 INPUT READ FROM UNIT 1006


 # File generated by Flopy version 3.9.3 on 01/18/2026 at 18:13:47.
 PROCESSING FMI OPTIONS
 END OF FMI OPTIONS
 PROCESSING FMI PACKAGEDATA

 OPENED flow.hds
 FILE TYPE:DATA(BINARY)   UNIT 1015   STATUS:UNKNOWN             
 FORMAT:UNFORMATTED            ACCESS:STREAM              
 ACTION:READWRITE           

Reading binary file to determine number of records per time step.
Detected 1 unique records in binary file.

 OPENED flow.bud
 FILE TYPE:DATA(BINARY)   UNIT 1016   STATUS:UNKNOWN             
 FORMAT:UNFORMATTED            ACCESS:STREAM              
 ACTION:READWRITE           

Reading budget file to determine number of terms per time step.
    1.00000        FLOW-JA-FACE                 
    1.00000          DATA-SPDIS NPF             
    1.00000            DATA-SAT NPF             
    1.00000                 WEL WEL-1           
    1.00000                 CHD CHD_0           
Detected 5 unique flow terms in budget file.
 END OF FMI PACKAGEDATA

 ADV-- ADVECTION PACKAGE, VERSION 1, 8/25/2017 INPUT READ FROM UNIT 1008


 # File generated by Flopy version 3.9.3 on 01/18/2026 at 18:13:47.
 PROCESSING ADVECTION OPTIONS
    ADVECTION WEIGHTING SCHEME HAS BEEN SET TO: TVD
 END OF ADVECTION OPTIONS
 Setting DSP Options
    XT3D formulation [0=INACTIVE, 1=ACTIVE, 3=ACTIVE RHS] set to: 0
 End Setting DSP Options

 Setting DSP Griddata
    ALH set from input file
    ATH1 set from input file
 End Setting DSP Griddata

    STRT set from input file

 MST -- MOBILE STORAGE AND TRANSFER PACKAGE, VERSION 1, 7/29/2020 INPUT READ FROM UNIT 1007


 # File generated by Flopy version 3.9.3 on 01/18/2026 at 18:13:47.
 PROCESSING MOBILE STORAGE AND TRANSFER OPTIONS
 END OF MOBILE STORAGE AND TRANSFER OPTIONS
 PROCESSING GRIDDATA

   MOBILE DOMAIN POROSITY =  0.5000000    
 END PROCESSING GRIDDATA

 SSM -- SOURCE-SINK MIXING PACKAGE, VERSION 1, 8/25/2017 INPUT READ FROM UNIT 1010


 # File generated by Flopy version 3.9.3 on 01/18/2026 at 18:13:47.
 PROCESSING SSM OPTIONS
 END OF SSM OPTIONS
 PROCESSING SOURCES
 AUX SOURCE DETECTED.
    USING AUX COLUMN 1 IN PACKAGE WEL-1
 END PROCESSING SOURCES
 OPTIONAL FILEINPUT BLOCK NOT FOUND.  CONTINUING.

The observation utility is active for "TRANSPORT"
 # File generated by Flopy version 3.9.3 on 01/18/2026 at 18:13:47.

Processing observation options:

Text output number of digits of precision set to: 10
The PRINT_INPUT option has been specified.


 OBSERVATIONS READ FROM FILE "transport.obs"
 ----------------------------------------------------------------------------------------------------------------------------------------------------------------------------------------------------------------------------
 NAME                                     TYPE                                       TIME         LOCATION DATA                              OUTPUT FILENAME                                                                 
 ----------------------------------------------------------------------------------------------------------------------------------------------------------------------------------------------------------------------------
 X005                                     CONTINUOUS  CONCENTRATION                  ALL TIMES    "  1 1 6"                                  transport_obs.csv                                                               
 X011                                     CONTINUOUS  CONCENTRATION                  ALL TIMES    "  1 1 12"                                 transport_obs.csv                                                               
 X029                                     CONTINUOUS  CONCENTRATION                  ALL TIMES    "  1 1 30"                                 transport_obs.csv                                                               
 ----------------------------------------------------------------------------------------------------------------------------------------------------------------------------------------------------------------------------


      THE LAST TIME STEP WILL BE PRINTED
      THE LAST TIME STEP WILL BE PRINTED
 # File generated by Flopy version 3.9.3 on 01/18/2026 at 18:13:47.

 PROCESSING OC OPTIONS

    BUDGET INFORMATION WILL BE WRITTEN TO:
      UNIT NUMBER: 1018
      FILE NAME: transport.cbc

 OPENED transport.cbc
 FILE TYPE:DATA(BINARY)   UNIT 1018   STATUS:REPLACE             
 FORMAT:UNFORMATTED            ACCESS:STREAM              
 ACTION:READWRITE           

    CONCENTRATION INFORMATION WILL BE WRITTEN TO:
      UNIT NUMBER: 1019
      FILE NAME: transport.ucn

 OPENED transport.ucn
 FILE TYPE:DATA(BINARY)   UNIT 1019   STATUS:REPLACE             
 FORMAT:UNFORMATTED            ACCESS:STREAM              
 ACTION:READWRITE           

 END OF OC OPTIONS

start timestep kper="1" kstp="1" mode="normal"


 BEGIN READING OUTPUT CONTROL FOR STRESS PERIOD 1
      ALL TIME STEPS WILL BE SAVED
      THE LAST TIME STEP WILL BE SAVED
      THE LAST TIME STEP WILL BE PRINTED
      THE LAST TIME STEP WILL BE PRINTED

 END READING OUTPUT CONTROL FOR STRESS PERIOD 1

 FMI READING BUDGET TERMS FOR KSTP 1 KPER 1
    1.00000        FLOW-JA-FACE                 
    1.00000          DATA-SPDIS NPF             
    1.00000            DATA-SAT NPF             
    1.00000                 WEL WEL-1           
    1.00000                 CHD CHD_0           

 FMI READING HEAD FOR KSTP 1 KPER 1

 CONCENTRATION WILL BE SAVED ON UNIT 1019 AT END OF TIME STEP    1, STRESS PERIOD    1

end timestep


start timestep kper="1" kstp="2" mode="normal"


 FMI READING BUDGET TERMS FOR KSTP 2 KPER 1
    2.00000        FLOW-JA-FACE                 
    2.00000          DATA-SPDIS NPF             
    2.00000            DATA-SAT NPF             
    2.00000                 WEL WEL-1           
    2.00000                 CHD CHD_0           

 FMI READING HEAD FOR KSTP 2 KPER 1

 CONCENTRATION WILL BE SAVED ON UNIT 1019 AT END OF TIME STEP    2, STRESS PERIOD    1

end timestep


start timestep kper="1" kstp="3" mode="normal"


 FMI READING BUDGET TERMS FOR KSTP 3 KPER 1
    3.00000        FLOW-JA-FACE                 
    3.00000          DATA-SPDIS NPF             
    3.00000            DATA-SAT NPF             
    3.00000                 WEL WEL-1           
    3.00000                 CHD CHD_0           

 FMI READING HEAD FOR KSTP 3 KPER 1

 CONCENTRATION WILL BE SAVED ON UNIT 1019 AT END OF TIME STEP    3, STRESS PERIOD    1

end timestep


start timestep kper="1" kstp="4" mode="normal"


 FMI READING BUDGET TERMS FOR KSTP 4 KPER 1
    4.00000        FLOW-JA-FACE                 
    4.00000          DATA-SPDIS NPF             
    4.00000            DATA-SAT NPF             
    4.00000                 WEL WEL-1           
    4.00000                 CHD CHD_0           

 FMI READING HEAD FOR KSTP 4 KPER 1

 CONCENTRATION WILL BE SAVED ON UNIT 1019 AT END OF TIME STEP    4, STRESS PERIOD    1

end timestep


start timestep kper="1" kstp="5" mode="normal"


 FMI READING BUDGET TERMS FOR KSTP 5 KPER 1
    5.00000        FLOW-JA-FACE                 
    5.00000          DATA-SPDIS NPF             
    5.00000            DATA-SAT NPF             
    5.00000                 WEL WEL-1           
    5.00000                 CHD CHD_0           

 FMI READING HEAD FOR KSTP 5 KPER 1

 CONCENTRATION WILL BE SAVED ON UNIT 1019 AT END OF TIME STEP    5, STRESS PERIOD    1

end timestep


start timestep kper="1" kstp="6" mode="normal"


 FMI READING BUDGET TERMS FOR KSTP 6 KPER 1
    6.00000        FLOW-JA-FACE                 
    6.00000          DATA-SPDIS NPF             
    6.00000            DATA-SAT NPF             
    6.00000                 WEL WEL-1           
    6.00000                 CHD CHD_0           

 FMI READING HEAD FOR KSTP 6 KPER 1

 CONCENTRATION WILL BE SAVED ON UNIT 1019 AT END OF TIME STEP    6, STRESS PERIOD    1

end timestep


start timestep kper="1" kstp="7" mode="normal"


 FMI READING BUDGET TERMS FOR KSTP 7 KPER 1
    7.00000        FLOW-JA-FACE                 
    7.00000          DATA-SPDIS NPF             
    7.00000            DATA-SAT NPF             
    7.00000                 WEL WEL-1           
    7.00000                 CHD CHD_0           

 FMI READING HEAD FOR KSTP 7 KPER 1

 CONCENTRATION WILL BE SAVED ON UNIT 1019 AT END OF TIME STEP    7, STRESS PERIOD    1

end timestep


start timestep kper="1" kstp="8" mode="normal"


 FMI READING BUDGET TERMS FOR KSTP 8 KPER 1
    8.00000        FLOW-JA-FACE                 
    8.00000          DATA-SPDIS NPF             
    8.00000            DATA-SAT NPF             
    8.00000                 WEL WEL-1           
    8.00000                 CHD CHD_0           

 FMI READING HEAD FOR KSTP 8 KPER 1

 CONCENTRATION WILL BE SAVED ON UNIT 1019 AT END OF TIME STEP    8, STRESS PERIOD    1

end timestep


start timestep kper="1" kstp="9" mode="normal"


 FMI READING BUDGET TERMS FOR KSTP 9 KPER 1
    9.00000        FLOW-JA-FACE                 
    9.00000          DATA-SPDIS NPF             
    9.00000            DATA-SAT NPF             
    9.00000                 WEL WEL-1           
    9.00000                 CHD CHD_0           

 FMI READING HEAD FOR KSTP 9 KPER 1

 CONCENTRATION WILL BE SAVED ON UNIT 1019 AT END OF TIME STEP    9, STRESS PERIOD    1

end timestep


start timestep kper="1" kstp="10" mode="normal"


 FMI READING BUDGET TERMS FOR KSTP 10 KPER 1
    10.0000        FLOW-JA-FACE                 
    10.0000          DATA-SPDIS NPF             
    10.0000            DATA-SAT NPF             
    10.0000                 WEL WEL-1           
    10.0000                 CHD CHD_0           

 FMI READING HEAD FOR KSTP 10 KPER 1

 CONCENTRATION WILL BE SAVED ON UNIT 1019 AT END OF TIME STEP   10, STRESS PERIOD    1

end timestep


start timestep kper="1" kstp="11" mode="normal"


 FMI READING BUDGET TERMS FOR KSTP 11 KPER 1
    11.0000        FLOW-JA-FACE                 
    11.0000          DATA-SPDIS NPF             
    11.0000            DATA-SAT NPF             
    11.0000                 WEL WEL-1           
    11.0000                 CHD CHD_0           

 FMI READING HEAD FOR KSTP 11 KPER 1

 CONCENTRATION WILL BE SAVED ON UNIT 1019 AT END OF TIME STEP   11, STRESS PERIOD    1

end timestep


start timestep kper="1" kstp="12" mode="normal"


 FMI READING BUDGET TERMS FOR KSTP 12 KPER 1
    12.0000        FLOW-JA-FACE                 
    12.0000          DATA-SPDIS NPF             
    12.0000            DATA-SAT NPF             
    12.0000                 WEL WEL-1           
    12.0000                 CHD CHD_0           

 FMI READING HEAD FOR KSTP 12 KPER 1

 CONCENTRATION WILL BE SAVED ON UNIT 1019 AT END OF TIME STEP   12, STRESS PERIOD    1

end timestep


start timestep kper="1" kstp="13" mode="normal"


 FMI READING BUDGET TERMS FOR KSTP 13 KPER 1
    13.0000        FLOW-JA-FACE                 
    13.0000          DATA-SPDIS NPF             
    13.0000            DATA-SAT NPF             
    13.0000                 WEL WEL-1           
    13.0000                 CHD CHD_0           

 FMI READING HEAD FOR KSTP 13 KPER 1

 CONCENTRATION WILL BE SAVED ON UNIT 1019 AT END OF TIME STEP   13, STRESS PERIOD    1

end timestep


start timestep kper="1" kstp="14" mode="normal"


 FMI READING BUDGET TERMS FOR KSTP 14 KPER 1
    14.0000        FLOW-JA-FACE                 
    14.0000          DATA-SPDIS NPF             
    14.0000            DATA-SAT NPF             
    14.0000                 WEL WEL-1           
    14.0000                 CHD CHD_0           

 FMI READING HEAD FOR KSTP 14 KPER 1

 CONCENTRATION WILL BE SAVED ON UNIT 1019 AT END OF TIME STEP   14, STRESS PERIOD    1

end timestep


start timestep kper="1" kstp="15" mode="normal"


 FMI READING BUDGET TERMS FOR KSTP 15 KPER 1
    15.0000        FLOW-JA-FACE                 
    15.0000          DATA-SPDIS NPF             
    15.0000            DATA-SAT NPF             
    15.0000                 WEL WEL-1           
    15.0000                 CHD CHD_0           

 FMI READING HEAD FOR KSTP 15 KPER 1

 CONCENTRATION WILL BE SAVED ON UNIT 1019 AT END OF TIME STEP   15, STRESS PERIOD    1

end timestep


start timestep kper="1" kstp="16" mode="normal"


 FMI READING BUDGET TERMS FOR KSTP 16 KPER 1
    16.0000        FLOW-JA-FACE                 
    16.0000          DATA-SPDIS NPF             
    16.0000            DATA-SAT NPF             
    16.0000                 WEL WEL-1           
    16.0000                 CHD CHD_0           

 FMI READING HEAD FOR KSTP 16 KPER 1

 CONCENTRATION WILL BE SAVED ON UNIT 1019 AT END OF TIME STEP   16, STRESS PERIOD    1

end timestep


start timestep kper="1" kstp="17" mode="normal"


 FMI READING BUDGET TERMS FOR KSTP 17 KPER 1
    17.0000        FLOW-JA-FACE                 
    17.0000          DATA-SPDIS NPF             
    17.0000            DATA-SAT NPF             
    17.0000                 WEL WEL-1           
    17.0000                 CHD CHD_0           

 FMI READING HEAD FOR KSTP 17 KPER 1

 CONCENTRATION WILL BE SAVED ON UNIT 1019 AT END OF TIME STEP   17, STRESS PERIOD    1

end timestep


start timestep kper="1" kstp="18" mode="normal"


 FMI READING BUDGET TERMS FOR KSTP 18 KPER 1
    18.0000        FLOW-JA-FACE                 
    18.0000          DATA-SPDIS NPF             
    18.0000            DATA-SAT NPF             
    18.0000                 WEL WEL-1           
    18.0000                 CHD CHD_0           

 FMI READING HEAD FOR KSTP 18 KPER 1

 CONCENTRATION WILL BE SAVED ON UNIT 1019 AT END OF TIME STEP   18, STRESS PERIOD    1

end timestep


start timestep kper="1" kstp="19" mode="normal"


 FMI READING BUDGET TERMS FOR KSTP 19 KPER 1
    19.0000        FLOW-JA-FACE                 
    19.0000          DATA-SPDIS NPF             
    19.0000            DATA-SAT NPF             
    19.0000                 WEL WEL-1           
    19.0000                 CHD CHD_0           

 FMI READING HEAD FOR KSTP 19 KPER 1

 CONCENTRATION WILL BE SAVED ON UNIT 1019 AT END OF TIME STEP   19, STRESS PERIOD    1

end timestep


start timestep kper="1" kstp="20" mode="normal"


 FMI READING BUDGET TERMS FOR KSTP 20 KPER 1
    20.0000        FLOW-JA-FACE                 
    20.0000          DATA-SPDIS NPF             
    20.0000            DATA-SAT NPF             
    20.0000                 WEL WEL-1           
    20.0000                 CHD CHD_0           

 FMI READING HEAD FOR KSTP 20 KPER 1

 CONCENTRATION WILL BE SAVED ON UNIT 1019 AT END OF TIME STEP   20, STRESS PERIOD    1

end timestep


start timestep kper="1" kstp="21" mode="normal"


 FMI READING BUDGET TERMS FOR KSTP 21 KPER 1
    21.0000        FLOW-JA-FACE                 
    21.0000          DATA-SPDIS NPF             
    21.0000            DATA-SAT NPF             
    21.0000                 WEL WEL-1           
    21.0000                 CHD CHD_0           

 FMI READING HEAD FOR KSTP 21 KPER 1

 CONCENTRATION WILL BE SAVED ON UNIT 1019 AT END OF TIME STEP   21, STRESS PERIOD    1

end timestep


start timestep kper="1" kstp="22" mode="normal"


 FMI READING BUDGET TERMS FOR KSTP 22 KPER 1
    22.0000        FLOW-JA-FACE                 
    22.0000          DATA-SPDIS NPF             
    22.0000            DATA-SAT NPF             
    22.0000                 WEL WEL-1           
    22.0000                 CHD CHD_0           

 FMI READING HEAD FOR KSTP 22 KPER 1

 CONCENTRATION WILL BE SAVED ON UNIT 1019 AT END OF TIME STEP   22, STRESS PERIOD    1

end timestep


start timestep kper="1" kstp="23" mode="normal"


 FMI READING BUDGET TERMS FOR KSTP 23 KPER 1
    23.0000        FLOW-JA-FACE                 
    23.0000          DATA-SPDIS NPF             
    23.0000            DATA-SAT NPF             
    23.0000                 WEL WEL-1           
    23.0000                 CHD CHD_0           

 FMI READING HEAD FOR KSTP 23 KPER 1

 CONCENTRATION WILL BE SAVED ON UNIT 1019 AT END OF TIME STEP   23, STRESS PERIOD    1

end timestep


start timestep kper="1" kstp="24" mode="normal"


 FMI READING BUDGET TERMS FOR KSTP 24 KPER 1
    24.0000        FLOW-JA-FACE                 
    24.0000          DATA-SPDIS NPF             
    24.0000            DATA-SAT NPF             
    24.0000                 WEL WEL-1           
    24.0000                 CHD CHD_0           

 FMI READING HEAD FOR KSTP 24 KPER 1

 CONCENTRATION WILL BE SAVED ON UNIT 1019 AT END OF TIME STEP   24, STRESS PERIOD    1

end timestep


start timestep kper="1" kstp="25" mode="normal"


 FMI READING BUDGET TERMS FOR KSTP 25 KPER 1
    25.0000        FLOW-JA-FACE                 
    25.0000          DATA-SPDIS NPF             
    25.0000            DATA-SAT NPF             
    25.0000                 WEL WEL-1           
    25.0000                 CHD CHD_0           

 FMI READING HEAD FOR KSTP 25 KPER 1

 CONCENTRATION WILL BE SAVED ON UNIT 1019 AT END OF TIME STEP   25, STRESS PERIOD    1

end timestep


start timestep kper="1" kstp="26" mode="normal"


 FMI READING BUDGET TERMS FOR KSTP 26 KPER 1
    26.0000        FLOW-JA-FACE                 
    26.0000          DATA-SPDIS NPF             
    26.0000            DATA-SAT NPF             
    26.0000                 WEL WEL-1           
    26.0000                 CHD CHD_0           

 FMI READING HEAD FOR KSTP 26 KPER 1

 CONCENTRATION WILL BE SAVED ON UNIT 1019 AT END OF TIME STEP   26, STRESS PERIOD    1

end timestep


start timestep kper="1" kstp="27" mode="normal"


 FMI READING BUDGET TERMS FOR KSTP 27 KPER 1
    27.0000        FLOW-JA-FACE                 
    27.0000          DATA-SPDIS NPF             
    27.0000            DATA-SAT NPF             
    27.0000                 WEL WEL-1           
    27.0000                 CHD CHD_0           

 FMI READING HEAD FOR KSTP 27 KPER 1

 CONCENTRATION WILL BE SAVED ON UNIT 1019 AT END OF TIME STEP   27, STRESS PERIOD    1

end timestep


start timestep kper="1" kstp="28" mode="normal"


 FMI READING BUDGET TERMS FOR KSTP 28 KPER 1
    28.0000        FLOW-JA-FACE                 
    28.0000          DATA-SPDIS NPF             
    28.0000            DATA-SAT NPF             
    28.0000                 WEL WEL-1           
    28.0000                 CHD CHD_0           

 FMI READING HEAD FOR KSTP 28 KPER 1

 CONCENTRATION WILL BE SAVED ON UNIT 1019 AT END OF TIME STEP   28, STRESS PERIOD    1

end timestep


start timestep kper="1" kstp="29" mode="normal"


 FMI READING BUDGET TERMS FOR KSTP 29 KPER 1
    29.0000        FLOW-JA-FACE                 
    29.0000          DATA-SPDIS NPF             
    29.0000            DATA-SAT NPF             
    29.0000                 WEL WEL-1           
    29.0000                 CHD CHD_0           

 FMI READING HEAD FOR KSTP 29 KPER 1

 CONCENTRATION WILL BE SAVED ON UNIT 1019 AT END OF TIME STEP   29, STRESS PERIOD    1

end timestep


start timestep kper="1" kstp="30" mode="normal"


 FMI READING BUDGET TERMS FOR KSTP 30 KPER 1
    30.0000        FLOW-JA-FACE                 
    30.0000          DATA-SPDIS NPF             
    30.0000            DATA-SAT NPF             
    30.0000                 WEL WEL-1           
    30.0000                 CHD CHD_0           

 FMI READING HEAD FOR KSTP 30 KPER 1

 CONCENTRATION WILL BE SAVED ON UNIT 1019 AT END OF TIME STEP   30, STRESS PERIOD    1

end timestep


start timestep kper="1" kstp="31" mode="normal"


 FMI READING BUDGET TERMS FOR KSTP 31 KPER 1
    31.0000        FLOW-JA-FACE                 
    31.0000          DATA-SPDIS NPF             
    31.0000            DATA-SAT NPF             
    31.0000                 WEL WEL-1           
    31.0000                 CHD CHD_0           

 FMI READING HEAD FOR KSTP 31 KPER 1

 CONCENTRATION WILL BE SAVED ON UNIT 1019 AT END OF TIME STEP   31, STRESS PERIOD    1

end timestep


start timestep kper="1" kstp="32" mode="normal"


 FMI READING BUDGET TERMS FOR KSTP 32 KPER 1
    32.0000        FLOW-JA-FACE                 
    32.0000          DATA-SPDIS NPF             
    32.0000            DATA-SAT NPF             
    32.0000                 WEL WEL-1           
    32.0000                 CHD CHD_0           

 FMI READING HEAD FOR KSTP 32 KPER 1

 CONCENTRATION WILL BE SAVED ON UNIT 1019 AT END OF TIME STEP   32, STRESS PERIOD    1

end timestep


start timestep kper="1" kstp="33" mode="normal"


 FMI READING BUDGET TERMS FOR KSTP 33 KPER 1
    33.0000        FLOW-JA-FACE                 
    33.0000          DATA-SPDIS NPF             
    33.0000            DATA-SAT NPF             
    33.0000                 WEL WEL-1           
    33.0000                 CHD CHD_0           

 FMI READING HEAD FOR KSTP 33 KPER 1

 CONCENTRATION WILL BE SAVED ON UNIT 1019 AT END OF TIME STEP   33, STRESS PERIOD    1

end timestep


start timestep kper="1" kstp="34" mode="normal"


 FMI READING BUDGET TERMS FOR KSTP 34 KPER 1
    34.0000        FLOW-JA-FACE                 
    34.0000          DATA-SPDIS NPF             
    34.0000            DATA-SAT NPF             
    34.0000                 WEL WEL-1           
    34.0000                 CHD CHD_0           

 FMI READING HEAD FOR KSTP 34 KPER 1

 CONCENTRATION WILL BE SAVED ON UNIT 1019 AT END OF TIME STEP   34, STRESS PERIOD    1

end timestep


start timestep kper="1" kstp="35" mode="normal"


 FMI READING BUDGET TERMS FOR KSTP 35 KPER 1
    35.0000        FLOW-JA-FACE                 
    35.0000          DATA-SPDIS NPF             
    35.0000            DATA-SAT NPF             
    35.0000                 WEL WEL-1           
    35.0000                 CHD CHD_0           

 FMI READING HEAD FOR KSTP 35 KPER 1

 CONCENTRATION WILL BE SAVED ON UNIT 1019 AT END OF TIME STEP   35, STRESS PERIOD    1

end timestep


start timestep kper="1" kstp="36" mode="normal"


 FMI READING BUDGET TERMS FOR KSTP 36 KPER 1
    36.0000        FLOW-JA-FACE                 
    36.0000          DATA-SPDIS NPF             
    36.0000            DATA-SAT NPF             
    36.0000                 WEL WEL-1           
    36.0000                 CHD CHD_0           

 FMI READING HEAD FOR KSTP 36 KPER 1

 CONCENTRATION WILL BE SAVED ON UNIT 1019 AT END OF TIME STEP   36, STRESS PERIOD    1

end timestep


start timestep kper="1" kstp="37" mode="normal"


 FMI READING BUDGET TERMS FOR KSTP 37 KPER 1
    37.0000        FLOW-JA-FACE                 
    37.0000          DATA-SPDIS NPF             
    37.0000            DATA-SAT NPF             
    37.0000                 WEL WEL-1           
    37.0000                 CHD CHD_0           

 FMI READING HEAD FOR KSTP 37 KPER 1

 CONCENTRATION WILL BE SAVED ON UNIT 1019 AT END OF TIME STEP   37, STRESS PERIOD    1

end timestep


start timestep kper="1" kstp="38" mode="normal"


 FMI READING BUDGET TERMS FOR KSTP 38 KPER 1
    38.0000        FLOW-JA-FACE                 
    38.0000          DATA-SPDIS NPF             
    38.0000            DATA-SAT NPF             
    38.0000                 WEL WEL-1           
    38.0000                 CHD CHD_0           

 FMI READING HEAD FOR KSTP 38 KPER 1

 CONCENTRATION WILL BE SAVED ON UNIT 1019 AT END OF TIME STEP   38, STRESS PERIOD    1

end timestep


start timestep kper="1" kstp="39" mode="normal"


 FMI READING BUDGET TERMS FOR KSTP 39 KPER 1
    39.0000        FLOW-JA-FACE                 
    39.0000          DATA-SPDIS NPF             
    39.0000            DATA-SAT NPF             
    39.0000                 WEL WEL-1           
    39.0000                 CHD CHD_0           

 FMI READING HEAD FOR KSTP 39 KPER 1

 CONCENTRATION WILL BE SAVED ON UNIT 1019 AT END OF TIME STEP   39, STRESS PERIOD    1

end timestep


start timestep kper="1" kstp="40" mode="normal"


 FMI READING BUDGET TERMS FOR KSTP 40 KPER 1
    40.0000        FLOW-JA-FACE                 
    40.0000          DATA-SPDIS NPF             
    40.0000            DATA-SAT NPF             
    40.0000                 WEL WEL-1           
    40.0000                 CHD CHD_0           

 FMI READING HEAD FOR KSTP 40 KPER 1
 UBDSV1 SAVING  STORAGE-AQUEOUS ON UNIT   1018 AT TIME STEP     40, STRESS PERIOD      1
 UBDSV1 SAVING     FLOW-JA-FACE ON UNIT   1018 AT TIME STEP     40, STRESS PERIOD      1
 UBDSV06 SAVING  SOURCE-SINK MIX IN MODEL TRANSPORT        PACKAGE TRANSPORT       CONNECTED TO MODEL TRANSPORT        PACKAGE SSM              ON UNIT   1018 AT TIME STEP     40, STRESS PERIOD      1
1
  CONCENTRATION IN LAYER   1 AT END OF TIME STEP  40 IN STRESS PERIOD    1
  ---------------------------------------------------------------------------

            1           2           3           4           5           6           7           8           9          10
           11          12          13          14          15          16          17          18          19          20
           21          22          23          24          25          26          27          28          29          30
 ........................................................................................................................................................................................................................................................................................................................................................................
   1    1.000       1.000       1.000       1.000       1.000       1.000       1.000       1.000       1.000       1.000    
        1.000       1.001       1.004       1.012       1.035       1.096       1.244       1.566       2.201       3.331    
        5.137       7.716       10.99       14.62       18.07       20.65       21.66       21.39       20.17       17.15    

 CONCENTRATION WILL BE SAVED ON UNIT 1019 AT END OF TIME STEP   40, STRESS PERIOD    1


  MASS BUDGET FOR ENTIRE MODEL AT END OF TIME STEP   40, STRESS PERIOD   1
  ---------------------------------------------------------------------------------------------------

     CUMULATIVE MASS      M       RATES FOR THIS TIME STEP      M/T          PACKAGE NAME    
     ------------------                 ------------------------                     ----------------

           IN:                                      IN:
           ---                                      ---
     STORAGE-AQUEOUS =         294.8230       STORAGE-AQUEOUS =           4.1422     MST                              
                 WEL =           8.0000                   WEL =           0.2000     SSM_WEL-1                        
                 CHD =           0.0000                   CHD =           0.0000     SSM_CHD_0                        

            TOTAL IN =         302.8230              TOTAL IN =           4.3422

          OUT:                                     OUT:
          ----                                     ----
     STORAGE-AQUEOUS =         271.3467       STORAGE-AQUEOUS =           0.9122     MST                              
                 WEL =           0.0000                   WEL =           0.0000     SSM_WEL-1                        
                 CHD =          31.4764                   CHD =           3.4300     SSM_CHD_0                        

           TOTAL OUT =         302.8230             TOTAL OUT =           4.3422

            IN - OUT =       3.4106E-13              IN - OUT =       8.8818E-15

 PERCENT DISCREPANCY =           0.00     PERCENT DISCREPANCY =           0.00




         TIME SUMMARY AT END OF TIME STEP   40 IN STRESS PERIOD    1
                          TIME STEP LENGTH =    1.00000    
                        STRESS PERIOD TIME =    40.0000    
                     TOTAL SIMULATION TIME =    40.0000    

end timestep

