 Aqueous component concentrations after solving reactive mixing iteration (rows: components, columns: targets):

      4.10660E-06    4.16547E-06    4.17552E-06    4.17724E-06    4.17753E-06    4.17757E-06    4.17755E-06    4.17733E-06    4.17579E-06    4.16494E-06
      3.31714E-05    5.66284E-06    9.66728E-07    1.65034E-07    2.81737E-08    4.80966E-09    8.21080E-10    1.40181E-10    2.40090E-11    4.64699E-12
      4.26550E-05    1.54215E-05    1.07724E-05    9.97871E-06    9.84322E-06    9.82008E-06    9.81614E-06    9.81546E-06    9.81535E-06    9.81533E-06
      9.23385E-08    9.23385E-08    9.23385E-08    9.23385E-08    9.23385E-08    9.23385E-08    9.23385E-08    9.23385E-08    9.23385E-08    9.23385E-08
      7.12798E-05    1.65378E-05    7.19249E-06    5.59712E-06    5.32477E-06    5.27828E-06    5.27034E-06    5.26898E-06    5.26875E-06    5.26871E-06
      9.89931E-04    1.00259E-03    1.00476E-03    1.00513E-03    1.00519E-03    1.00520E-03    1.00520E-03    1.00520E-03    1.00520E-03    1.00520E-03
      4.85699E-06    0.00000E+00    0.00000E+00    0.00000E+00    0.00000E+00    0.00000E+00    0.00000E+00    0.00000E+00    0.00000E+00    0.00000E+00

 Concentrations of variable activity species after solving reactive mixing iteration (rows: species, columns: targets):

      4.11788E-06    4.17673E-06    4.18678E-06    4.18849E-06    4.18878E-06    4.18883E-06    4.18881E-06    4.18859E-06    4.18705E-06    4.17623E-06
      3.31714E-05    5.66284E-06    9.66728E-07    1.65034E-07    2.81737E-08    4.80966E-09    8.21080E-10    1.40181E-10    2.40090E-11    4.64699E-12
      4.26550E-05    1.54215E-05    1.07724E-05    9.97871E-06    9.84322E-06    9.82008E-06    9.81614E-06    9.81546E-06    9.81535E-06    9.81533E-06
      9.23385E-08    9.23385E-08    9.23385E-08    9.23385E-08    9.23385E-08    9.23385E-08    9.23385E-08    9.23385E-08    9.23385E-08    9.23385E-08
      7.12798E-05    1.65378E-05    7.19249E-06    5.59712E-06    5.32477E-06    5.27828E-06    5.27034E-06    5.26898E-06    5.26875E-06    5.26871E-06
      9.89920E-04    1.00258E-03    1.00475E-03    1.00511E-03    1.00518E-03    1.00519E-03    1.00519E-03    1.00519E-03    1.00519E-03    1.00519E-03
      4.85699E-06    5.60902E-15    5.60902E-15    5.60902E-15    5.60902E-15    5.60902E-15    5.60902E-15    5.60902E-15    5.60902E-15    5.60902E-15
      1.12753E-08    1.12586E-08    1.12558E-08    1.12553E-08    1.12552E-08    1.12552E-08    1.12553E-08    1.12559E-08    1.12600E-08    1.12892E-08

 Kinetic reaction rates (rows: reactions [aqueous (linear+redox) | minerals], columns: targets):

      4.50045E-04    4.50045E-04    4.50045E-04    4.50045E-04    4.50045E-04    4.50045E-04    4.50045E-04    4.50045E-04    4.50045E-04    4.50045E-04
      2.30846E-05    2.30846E-05    2.30846E-05    2.30846E-05    2.30846E-05    2.30846E-05    2.30846E-05    2.30846E-05    2.30846E-05    2.30846E-05
