                                   MODFLOW 6
                U.S. GEOLOGICAL SURVEY MODULAR HYDROLOGIC MODEL
                             TRANSPORT MODEL (GWT)
                            VERSION 6.6.1 02/10/2025

   MODFLOW 6 compiled Feb 10 2025 17:37:25 with Intel(R) Fortran Intel(R) 64
   Compiler Classic for applications running on Intel(R) 64, Version 2021.7.0
                             Build 20220726_000000

This software has been approved for release by the U.S. Geological 
Survey (USGS). Although the software has been subjected to rigorous 
review, the USGS reserves the right to update the software as needed 
pursuant to further analysis and review. No warranty, expressed or 
implied, is made by the USGS or the U.S. Government as to the 
functionality of the software and related material nor shall the 
fact of release constitute any such warranty. Furthermore, the 
software is released on condition that neither the USGS nor the U.S. 
Government shall be held liable for any damages resulting from its 
authorized or unauthorized use. Also refer to the USGS Water 
Resources Software User Rights Notice for complete use, copyright, 
and distribution information.


As a work of the United States Government, this USGS product is 
in the public domain within the United States. You can copy, 
modify, distribute, and perform the work, even for commercial 
purposes, all without asking permission. Additionally, USGS 
waives copyright and related rights in the work worldwide 
through CC0 1.0 Universal Public Domain Dedication 
(https://creativecommons.org/publicdomain/zero/1.0/).

The following GNU Lesser General Public License (LGPL) libraries
are used in this USGS product:

    SPARSKIT version 2.0
      ilut, luson, and qsplit 
      (https://www-users.cse.umn.edu/~saad/software/SPARSKIT/)

    RCM - Reverse Cuthill McKee Ordering
      (https://people.math.sc.edu/Burkardt/f_src/rcm/rcm.html)

    BLAS - Basic Linear Algebra Subprograms Level 1
      (https://people.math.sc.edu/Burkardt/f_src/blas1_d/blas1_d.html)

    SPARSEKIT - Sparse Matrix Utility Package
      amux, dperm, dvperm, rperm, and cperm
      (https://people.sc.fsu.edu/~jburkardt/f77_src/sparsekit/sparsekit.html)

The following BSD-3 License libraries are used in this USGS product:

    Modern Fortran DAG Library
      Copyright (c) 2018, Jacob Williams
      All rights reserved.
      (https://github.com/jacobwilliams/daglib)

MODFLOW 6 compiler options: /Isrc\libmf6core.a.p /Isrc /I..\src
/Isrc\libmf6_external.a.p /MTd /nologo /warn:general /warn:truncated_source
/stand:f08 /Zi /traceback /O2 /fpe:0 /heap-arrays:0 /traceback /fpp
/Qdiag-disable:7416 /Qdiag-disable:7025 /Qdiag-disable:5268
/Qdiag-disable:10448 /Fdsrc\libmf6core.a.p\Utilities_compilerversion.F90.pdb
/module:src\libmf6core.a.p
/Fosrc/libmf6core.a.p/Utilities_compilerversion.F90.obj /c

System command used to initiate simulation:
C:\Users\luiggi\Documents\GitSites\RTWMA\bin\windows\mf6.exe

MODFLOW was compiled using uniform precision.

Real Variables
  KIND: 8
  TINY (smallest non-zero value):    2.225074-308
  HUGE (largest value):    1.797693+308
  PRECISION: 15
  SIZE IN BITS: 64

Integer Variables
  KIND: 4
  HUGE (largest value): 2147483647
  SIZE IN BITS: 32

Long Integer Variables
  KIND: 8
  HUGE (largest value): 9223372036854775807
  SIZE IN BITS: 64

Logical Variables
  KIND: 4
  SIZE IN BITS: 32
 
 NAMEFILE OPTIONS:
    FLOWS WILL BE SAVED TO BUDGET FILE SPECIFIED IN OUTPUT CONTROL
 END NAMEFILE OPTIONS:

 DIS -- STRUCTURED GRID DISCRETIZATION PACKAGE, VERSION 2 : 3/27/2014 - INPUT READ FROM MEMPATH: __INPUT__/TRANSPORT/DIS                           


 DSP-- DISPERSION PACKAGE, VERSION 1, 1/24/2018 INPUT READ FROM MEMPATH: __INPUT__/TRANSPORT/DSP                           


 Setting Discretization Options
    Model length unit [0=UND, 1=FEET, 2=METERS, 3=CENTIMETERS] set as 3
 End Setting Discretization Options

 Setting Discretization Dimensions
    NLAY = 1
    NROW = 1
    NCOL = 30
 End Setting Discretization Dimensions

 Setting Discretization Griddata
    DELR set from input file
    DELC set from input file
    TOP set from input file
    BOTM set from input file
 End Setting Discretization Griddata


 FMI -- FLOW MODEL INTERFACE, VERSION 2, 8/17/2023 INPUT READ FROM UNIT 1006


 # File generated by Flopy version 3.9.3 on 01/18/2026 at 18:35:56.
 PROCESSING FMI OPTIONS
 END OF FMI OPTIONS
 PROCESSING FMI PACKAGEDATA

 OPENED flow.hds
 FILE TYPE:DATA(BINARY)   UNIT 1015   STATUS:UNKNOWN             
 FORMAT:UNFORMATTED            ACCESS:STREAM              
 ACTION:READWRITE           

Reading binary file to determine number of records per time step.
Detected 1 unique records in binary file.

 OPENED flow.bud
 FILE TYPE:DATA(BINARY)   UNIT 1016   STATUS:UNKNOWN             
 FORMAT:UNFORMATTED            ACCESS:STREAM              
 ACTION:READWRITE           

Reading budget file to determine number of terms per time step.
    90.0000        FLOW-JA-FACE                 
    90.0000          DATA-SPDIS NPF             
    90.0000            DATA-SAT NPF             
    90.0000                 WEL WEL-1           
    90.0000                 CHD CHD_0           
Detected 5 unique flow terms in budget file.
 END OF FMI PACKAGEDATA

 ADV-- ADVECTION PACKAGE, VERSION 1, 8/25/2017 INPUT READ FROM UNIT 1008


 # File generated by Flopy version 3.9.3 on 01/18/2026 at 18:35:56.
 PROCESSING ADVECTION OPTIONS
    ADVECTION WEIGHTING SCHEME HAS BEEN SET TO: TVD
 END OF ADVECTION OPTIONS
 Setting DSP Options
    XT3D formulation [0=INACTIVE, 1=ACTIVE, 3=ACTIVE RHS] set to: 0
 End Setting DSP Options

 Setting DSP Griddata
    ALH set from input file
    ATH1 set from input file
 End Setting DSP Griddata

    STRT set from input file

 MST -- MOBILE STORAGE AND TRANSFER PACKAGE, VERSION 1, 7/29/2020 INPUT READ FROM UNIT 1007


 # File generated by Flopy version 3.9.3 on 01/18/2026 at 18:35:56.
 PROCESSING MOBILE STORAGE AND TRANSFER OPTIONS
 END OF MOBILE STORAGE AND TRANSFER OPTIONS
 PROCESSING GRIDDATA

   MOBILE DOMAIN POROSITY =  0.5000000    
 END PROCESSING GRIDDATA

 SSM -- SOURCE-SINK MIXING PACKAGE, VERSION 1, 8/25/2017 INPUT READ FROM UNIT 1010


 # File generated by Flopy version 3.9.3 on 01/18/2026 at 18:35:56.
 PROCESSING SSM OPTIONS
 END OF SSM OPTIONS
 PROCESSING SOURCES
 AUX SOURCE DETECTED.
    USING AUX COLUMN 1 IN PACKAGE WEL-1
 END PROCESSING SOURCES
 OPTIONAL FILEINPUT BLOCK NOT FOUND.  CONTINUING.

The observation utility is active for "TRANSPORT"
 # File generated by Flopy version 3.9.3 on 01/18/2026 at 18:35:56.

Processing observation options:

Text output number of digits of precision set to: 10
The PRINT_INPUT option has been specified.


 OBSERVATIONS READ FROM FILE "transport.obs"
 ----------------------------------------------------------------------------------------------------------------------------------------------------------------------------------------------------------------------------
 NAME                                     TYPE                                       TIME         LOCATION DATA                              OUTPUT FILENAME                                                                 
 ----------------------------------------------------------------------------------------------------------------------------------------------------------------------------------------------------------------------------
 X005                                     CONTINUOUS  CONCENTRATION                  ALL TIMES    "  1 1 6"                                  transport_obs.csv                                                               
 X011                                     CONTINUOUS  CONCENTRATION                  ALL TIMES    "  1 1 12"                                 transport_obs.csv                                                               
 X029                                     CONTINUOUS  CONCENTRATION                  ALL TIMES    "  1 1 30"                                 transport_obs.csv                                                               
 ----------------------------------------------------------------------------------------------------------------------------------------------------------------------------------------------------------------------------


      THE LAST TIME STEP WILL BE PRINTED
      THE LAST TIME STEP WILL BE PRINTED
 # File generated by Flopy version 3.9.3 on 01/18/2026 at 18:35:56.

 PROCESSING OC OPTIONS

    BUDGET INFORMATION WILL BE WRITTEN TO:
      UNIT NUMBER: 1018
      FILE NAME: transport.cbc

 OPENED transport.cbc
 FILE TYPE:DATA(BINARY)   UNIT 1018   STATUS:REPLACE             
 FORMAT:UNFORMATTED            ACCESS:STREAM              
 ACTION:READWRITE           

    CONCENTRATION INFORMATION WILL BE WRITTEN TO:
      UNIT NUMBER: 1019
      FILE NAME: transport.ucn

 OPENED transport.ucn
 FILE TYPE:DATA(BINARY)   UNIT 1019   STATUS:REPLACE             
 FORMAT:UNFORMATTED            ACCESS:STREAM              
 ACTION:READWRITE           

 END OF OC OPTIONS

start timestep kper="1" kstp="1" mode="normal"


 BEGIN READING OUTPUT CONTROL FOR STRESS PERIOD 1
      ALL TIME STEPS WILL BE SAVED
      THE LAST TIME STEP WILL BE SAVED
      THE LAST TIME STEP WILL BE PRINTED
      THE LAST TIME STEP WILL BE PRINTED

 END READING OUTPUT CONTROL FOR STRESS PERIOD 1

 FMI READING BUDGET TERMS FOR KSTP 1 KPER 1
    90.0000        FLOW-JA-FACE                 
    90.0000          DATA-SPDIS NPF             
    90.0000            DATA-SAT NPF             
    90.0000                 WEL WEL-1           
    90.0000                 CHD CHD_0           

 FMI READING HEAD FOR KSTP 1 KPER 1

 CONCENTRATION WILL BE SAVED ON UNIT 1019 AT END OF TIME STEP    1, STRESS PERIOD    1

end timestep


start timestep kper="1" kstp="2" mode="normal"


 FMI SETTING BUDGET TERMS FOR KSTP 2 AND KPER 1 TO BUDGET FILE TERMS FROM KSTP 1 AND KPER 1

 FMI SETTING HEAD FOR KSTP 2 AND KPER 1 TO BINARY FILE HEADS FROM KSTP 1 AND KPER 1

 CONCENTRATION WILL BE SAVED ON UNIT 1019 AT END OF TIME STEP    2, STRESS PERIOD    1

end timestep


start timestep kper="1" kstp="3" mode="normal"


 FMI SETTING BUDGET TERMS FOR KSTP 3 AND KPER 1 TO BUDGET FILE TERMS FROM KSTP 1 AND KPER 1

 FMI SETTING HEAD FOR KSTP 3 AND KPER 1 TO BINARY FILE HEADS FROM KSTP 1 AND KPER 1

 CONCENTRATION WILL BE SAVED ON UNIT 1019 AT END OF TIME STEP    3, STRESS PERIOD    1

end timestep


start timestep kper="1" kstp="4" mode="normal"


 FMI SETTING BUDGET TERMS FOR KSTP 4 AND KPER 1 TO BUDGET FILE TERMS FROM KSTP 1 AND KPER 1

 FMI SETTING HEAD FOR KSTP 4 AND KPER 1 TO BINARY FILE HEADS FROM KSTP 1 AND KPER 1

 CONCENTRATION WILL BE SAVED ON UNIT 1019 AT END OF TIME STEP    4, STRESS PERIOD    1

end timestep


start timestep kper="1" kstp="5" mode="normal"


 FMI SETTING BUDGET TERMS FOR KSTP 5 AND KPER 1 TO BUDGET FILE TERMS FROM KSTP 1 AND KPER 1

 FMI SETTING HEAD FOR KSTP 5 AND KPER 1 TO BINARY FILE HEADS FROM KSTP 1 AND KPER 1

 CONCENTRATION WILL BE SAVED ON UNIT 1019 AT END OF TIME STEP    5, STRESS PERIOD    1

end timestep


start timestep kper="1" kstp="6" mode="normal"


 FMI SETTING BUDGET TERMS FOR KSTP 6 AND KPER 1 TO BUDGET FILE TERMS FROM KSTP 1 AND KPER 1

 FMI SETTING HEAD FOR KSTP 6 AND KPER 1 TO BINARY FILE HEADS FROM KSTP 1 AND KPER 1

 CONCENTRATION WILL BE SAVED ON UNIT 1019 AT END OF TIME STEP    6, STRESS PERIOD    1

end timestep


start timestep kper="1" kstp="7" mode="normal"


 FMI SETTING BUDGET TERMS FOR KSTP 7 AND KPER 1 TO BUDGET FILE TERMS FROM KSTP 1 AND KPER 1

 FMI SETTING HEAD FOR KSTP 7 AND KPER 1 TO BINARY FILE HEADS FROM KSTP 1 AND KPER 1

 CONCENTRATION WILL BE SAVED ON UNIT 1019 AT END OF TIME STEP    7, STRESS PERIOD    1

end timestep


start timestep kper="1" kstp="8" mode="normal"


 FMI SETTING BUDGET TERMS FOR KSTP 8 AND KPER 1 TO BUDGET FILE TERMS FROM KSTP 1 AND KPER 1

 FMI SETTING HEAD FOR KSTP 8 AND KPER 1 TO BINARY FILE HEADS FROM KSTP 1 AND KPER 1

 CONCENTRATION WILL BE SAVED ON UNIT 1019 AT END OF TIME STEP    8, STRESS PERIOD    1

end timestep


start timestep kper="1" kstp="9" mode="normal"


 FMI SETTING BUDGET TERMS FOR KSTP 9 AND KPER 1 TO BUDGET FILE TERMS FROM KSTP 1 AND KPER 1

 FMI SETTING HEAD FOR KSTP 9 AND KPER 1 TO BINARY FILE HEADS FROM KSTP 1 AND KPER 1

 CONCENTRATION WILL BE SAVED ON UNIT 1019 AT END OF TIME STEP    9, STRESS PERIOD    1

end timestep


start timestep kper="1" kstp="10" mode="normal"


 FMI SETTING BUDGET TERMS FOR KSTP 10 AND KPER 1 TO BUDGET FILE TERMS FROM KSTP 1 AND KPER 1

 FMI SETTING HEAD FOR KSTP 10 AND KPER 1 TO BINARY FILE HEADS FROM KSTP 1 AND KPER 1

 CONCENTRATION WILL BE SAVED ON UNIT 1019 AT END OF TIME STEP   10, STRESS PERIOD    1

end timestep


start timestep kper="1" kstp="11" mode="normal"


 FMI SETTING BUDGET TERMS FOR KSTP 11 AND KPER 1 TO BUDGET FILE TERMS FROM KSTP 1 AND KPER 1

 FMI SETTING HEAD FOR KSTP 11 AND KPER 1 TO BINARY FILE HEADS FROM KSTP 1 AND KPER 1

 CONCENTRATION WILL BE SAVED ON UNIT 1019 AT END OF TIME STEP   11, STRESS PERIOD    1

end timestep


start timestep kper="1" kstp="12" mode="normal"


 FMI SETTING BUDGET TERMS FOR KSTP 12 AND KPER 1 TO BUDGET FILE TERMS FROM KSTP 1 AND KPER 1

 FMI SETTING HEAD FOR KSTP 12 AND KPER 1 TO BINARY FILE HEADS FROM KSTP 1 AND KPER 1

 CONCENTRATION WILL BE SAVED ON UNIT 1019 AT END OF TIME STEP   12, STRESS PERIOD    1

end timestep


start timestep kper="1" kstp="13" mode="normal"


 FMI SETTING BUDGET TERMS FOR KSTP 13 AND KPER 1 TO BUDGET FILE TERMS FROM KSTP 1 AND KPER 1

 FMI SETTING HEAD FOR KSTP 13 AND KPER 1 TO BINARY FILE HEADS FROM KSTP 1 AND KPER 1

 CONCENTRATION WILL BE SAVED ON UNIT 1019 AT END OF TIME STEP   13, STRESS PERIOD    1

end timestep


start timestep kper="1" kstp="14" mode="normal"


 FMI SETTING BUDGET TERMS FOR KSTP 14 AND KPER 1 TO BUDGET FILE TERMS FROM KSTP 1 AND KPER 1

 FMI SETTING HEAD FOR KSTP 14 AND KPER 1 TO BINARY FILE HEADS FROM KSTP 1 AND KPER 1

 CONCENTRATION WILL BE SAVED ON UNIT 1019 AT END OF TIME STEP   14, STRESS PERIOD    1

end timestep


start timestep kper="1" kstp="15" mode="normal"


 FMI SETTING BUDGET TERMS FOR KSTP 15 AND KPER 1 TO BUDGET FILE TERMS FROM KSTP 1 AND KPER 1

 FMI SETTING HEAD FOR KSTP 15 AND KPER 1 TO BINARY FILE HEADS FROM KSTP 1 AND KPER 1

 CONCENTRATION WILL BE SAVED ON UNIT 1019 AT END OF TIME STEP   15, STRESS PERIOD    1

end timestep


start timestep kper="1" kstp="16" mode="normal"


 FMI SETTING BUDGET TERMS FOR KSTP 16 AND KPER 1 TO BUDGET FILE TERMS FROM KSTP 1 AND KPER 1

 FMI SETTING HEAD FOR KSTP 16 AND KPER 1 TO BINARY FILE HEADS FROM KSTP 1 AND KPER 1

 CONCENTRATION WILL BE SAVED ON UNIT 1019 AT END OF TIME STEP   16, STRESS PERIOD    1

end timestep


start timestep kper="1" kstp="17" mode="normal"


 FMI SETTING BUDGET TERMS FOR KSTP 17 AND KPER 1 TO BUDGET FILE TERMS FROM KSTP 1 AND KPER 1

 FMI SETTING HEAD FOR KSTP 17 AND KPER 1 TO BINARY FILE HEADS FROM KSTP 1 AND KPER 1

 CONCENTRATION WILL BE SAVED ON UNIT 1019 AT END OF TIME STEP   17, STRESS PERIOD    1

end timestep


start timestep kper="1" kstp="18" mode="normal"


 FMI SETTING BUDGET TERMS FOR KSTP 18 AND KPER 1 TO BUDGET FILE TERMS FROM KSTP 1 AND KPER 1

 FMI SETTING HEAD FOR KSTP 18 AND KPER 1 TO BINARY FILE HEADS FROM KSTP 1 AND KPER 1

 CONCENTRATION WILL BE SAVED ON UNIT 1019 AT END OF TIME STEP   18, STRESS PERIOD    1

end timestep


start timestep kper="1" kstp="19" mode="normal"


 FMI SETTING BUDGET TERMS FOR KSTP 19 AND KPER 1 TO BUDGET FILE TERMS FROM KSTP 1 AND KPER 1

 FMI SETTING HEAD FOR KSTP 19 AND KPER 1 TO BINARY FILE HEADS FROM KSTP 1 AND KPER 1

 CONCENTRATION WILL BE SAVED ON UNIT 1019 AT END OF TIME STEP   19, STRESS PERIOD    1

end timestep


start timestep kper="1" kstp="20" mode="normal"


 FMI SETTING BUDGET TERMS FOR KSTP 20 AND KPER 1 TO BUDGET FILE TERMS FROM KSTP 1 AND KPER 1

 FMI SETTING HEAD FOR KSTP 20 AND KPER 1 TO BINARY FILE HEADS FROM KSTP 1 AND KPER 1

 CONCENTRATION WILL BE SAVED ON UNIT 1019 AT END OF TIME STEP   20, STRESS PERIOD    1

end timestep


start timestep kper="1" kstp="21" mode="normal"


 FMI SETTING BUDGET TERMS FOR KSTP 21 AND KPER 1 TO BUDGET FILE TERMS FROM KSTP 1 AND KPER 1

 FMI SETTING HEAD FOR KSTP 21 AND KPER 1 TO BINARY FILE HEADS FROM KSTP 1 AND KPER 1

 CONCENTRATION WILL BE SAVED ON UNIT 1019 AT END OF TIME STEP   21, STRESS PERIOD    1

end timestep


start timestep kper="1" kstp="22" mode="normal"


 FMI SETTING BUDGET TERMS FOR KSTP 22 AND KPER 1 TO BUDGET FILE TERMS FROM KSTP 1 AND KPER 1

 FMI SETTING HEAD FOR KSTP 22 AND KPER 1 TO BINARY FILE HEADS FROM KSTP 1 AND KPER 1

 CONCENTRATION WILL BE SAVED ON UNIT 1019 AT END OF TIME STEP   22, STRESS PERIOD    1

end timestep


start timestep kper="1" kstp="23" mode="normal"


 FMI SETTING BUDGET TERMS FOR KSTP 23 AND KPER 1 TO BUDGET FILE TERMS FROM KSTP 1 AND KPER 1

 FMI SETTING HEAD FOR KSTP 23 AND KPER 1 TO BINARY FILE HEADS FROM KSTP 1 AND KPER 1

 CONCENTRATION WILL BE SAVED ON UNIT 1019 AT END OF TIME STEP   23, STRESS PERIOD    1

end timestep


start timestep kper="1" kstp="24" mode="normal"


 FMI SETTING BUDGET TERMS FOR KSTP 24 AND KPER 1 TO BUDGET FILE TERMS FROM KSTP 1 AND KPER 1

 FMI SETTING HEAD FOR KSTP 24 AND KPER 1 TO BINARY FILE HEADS FROM KSTP 1 AND KPER 1

 CONCENTRATION WILL BE SAVED ON UNIT 1019 AT END OF TIME STEP   24, STRESS PERIOD    1

end timestep


start timestep kper="1" kstp="25" mode="normal"


 FMI SETTING BUDGET TERMS FOR KSTP 25 AND KPER 1 TO BUDGET FILE TERMS FROM KSTP 1 AND KPER 1

 FMI SETTING HEAD FOR KSTP 25 AND KPER 1 TO BINARY FILE HEADS FROM KSTP 1 AND KPER 1

 CONCENTRATION WILL BE SAVED ON UNIT 1019 AT END OF TIME STEP   25, STRESS PERIOD    1

end timestep


start timestep kper="1" kstp="26" mode="normal"


 FMI SETTING BUDGET TERMS FOR KSTP 26 AND KPER 1 TO BUDGET FILE TERMS FROM KSTP 1 AND KPER 1

 FMI SETTING HEAD FOR KSTP 26 AND KPER 1 TO BINARY FILE HEADS FROM KSTP 1 AND KPER 1

 CONCENTRATION WILL BE SAVED ON UNIT 1019 AT END OF TIME STEP   26, STRESS PERIOD    1

end timestep


start timestep kper="1" kstp="27" mode="normal"


 FMI SETTING BUDGET TERMS FOR KSTP 27 AND KPER 1 TO BUDGET FILE TERMS FROM KSTP 1 AND KPER 1

 FMI SETTING HEAD FOR KSTP 27 AND KPER 1 TO BINARY FILE HEADS FROM KSTP 1 AND KPER 1

 CONCENTRATION WILL BE SAVED ON UNIT 1019 AT END OF TIME STEP   27, STRESS PERIOD    1

end timestep


start timestep kper="1" kstp="28" mode="normal"


 FMI SETTING BUDGET TERMS FOR KSTP 28 AND KPER 1 TO BUDGET FILE TERMS FROM KSTP 1 AND KPER 1

 FMI SETTING HEAD FOR KSTP 28 AND KPER 1 TO BINARY FILE HEADS FROM KSTP 1 AND KPER 1

 CONCENTRATION WILL BE SAVED ON UNIT 1019 AT END OF TIME STEP   28, STRESS PERIOD    1

end timestep


start timestep kper="1" kstp="29" mode="normal"


 FMI SETTING BUDGET TERMS FOR KSTP 29 AND KPER 1 TO BUDGET FILE TERMS FROM KSTP 1 AND KPER 1

 FMI SETTING HEAD FOR KSTP 29 AND KPER 1 TO BINARY FILE HEADS FROM KSTP 1 AND KPER 1

 CONCENTRATION WILL BE SAVED ON UNIT 1019 AT END OF TIME STEP   29, STRESS PERIOD    1

end timestep


start timestep kper="1" kstp="30" mode="normal"


 FMI SETTING BUDGET TERMS FOR KSTP 30 AND KPER 1 TO BUDGET FILE TERMS FROM KSTP 1 AND KPER 1

 FMI SETTING HEAD FOR KSTP 30 AND KPER 1 TO BINARY FILE HEADS FROM KSTP 1 AND KPER 1

 CONCENTRATION WILL BE SAVED ON UNIT 1019 AT END OF TIME STEP   30, STRESS PERIOD    1

end timestep


start timestep kper="1" kstp="31" mode="normal"


 FMI SETTING BUDGET TERMS FOR KSTP 31 AND KPER 1 TO BUDGET FILE TERMS FROM KSTP 1 AND KPER 1

 FMI SETTING HEAD FOR KSTP 31 AND KPER 1 TO BINARY FILE HEADS FROM KSTP 1 AND KPER 1

 CONCENTRATION WILL BE SAVED ON UNIT 1019 AT END OF TIME STEP   31, STRESS PERIOD    1

end timestep


start timestep kper="1" kstp="32" mode="normal"


 FMI SETTING BUDGET TERMS FOR KSTP 32 AND KPER 1 TO BUDGET FILE TERMS FROM KSTP 1 AND KPER 1

 FMI SETTING HEAD FOR KSTP 32 AND KPER 1 TO BINARY FILE HEADS FROM KSTP 1 AND KPER 1

 CONCENTRATION WILL BE SAVED ON UNIT 1019 AT END OF TIME STEP   32, STRESS PERIOD    1

end timestep


start timestep kper="1" kstp="33" mode="normal"


 FMI SETTING BUDGET TERMS FOR KSTP 33 AND KPER 1 TO BUDGET FILE TERMS FROM KSTP 1 AND KPER 1

 FMI SETTING HEAD FOR KSTP 33 AND KPER 1 TO BINARY FILE HEADS FROM KSTP 1 AND KPER 1

 CONCENTRATION WILL BE SAVED ON UNIT 1019 AT END OF TIME STEP   33, STRESS PERIOD    1

end timestep


start timestep kper="1" kstp="34" mode="normal"


 FMI SETTING BUDGET TERMS FOR KSTP 34 AND KPER 1 TO BUDGET FILE TERMS FROM KSTP 1 AND KPER 1

 FMI SETTING HEAD FOR KSTP 34 AND KPER 1 TO BINARY FILE HEADS FROM KSTP 1 AND KPER 1

 CONCENTRATION WILL BE SAVED ON UNIT 1019 AT END OF TIME STEP   34, STRESS PERIOD    1

end timestep


start timestep kper="1" kstp="35" mode="normal"


 FMI SETTING BUDGET TERMS FOR KSTP 35 AND KPER 1 TO BUDGET FILE TERMS FROM KSTP 1 AND KPER 1

 FMI SETTING HEAD FOR KSTP 35 AND KPER 1 TO BINARY FILE HEADS FROM KSTP 1 AND KPER 1

 CONCENTRATION WILL BE SAVED ON UNIT 1019 AT END OF TIME STEP   35, STRESS PERIOD    1

end timestep


start timestep kper="1" kstp="36" mode="normal"


 FMI SETTING BUDGET TERMS FOR KSTP 36 AND KPER 1 TO BUDGET FILE TERMS FROM KSTP 1 AND KPER 1

 FMI SETTING HEAD FOR KSTP 36 AND KPER 1 TO BINARY FILE HEADS FROM KSTP 1 AND KPER 1

 CONCENTRATION WILL BE SAVED ON UNIT 1019 AT END OF TIME STEP   36, STRESS PERIOD    1

end timestep


start timestep kper="1" kstp="37" mode="normal"


 FMI SETTING BUDGET TERMS FOR KSTP 37 AND KPER 1 TO BUDGET FILE TERMS FROM KSTP 1 AND KPER 1

 FMI SETTING HEAD FOR KSTP 37 AND KPER 1 TO BINARY FILE HEADS FROM KSTP 1 AND KPER 1

 CONCENTRATION WILL BE SAVED ON UNIT 1019 AT END OF TIME STEP   37, STRESS PERIOD    1

end timestep


start timestep kper="1" kstp="38" mode="normal"


 FMI SETTING BUDGET TERMS FOR KSTP 38 AND KPER 1 TO BUDGET FILE TERMS FROM KSTP 1 AND KPER 1

 FMI SETTING HEAD FOR KSTP 38 AND KPER 1 TO BINARY FILE HEADS FROM KSTP 1 AND KPER 1

 CONCENTRATION WILL BE SAVED ON UNIT 1019 AT END OF TIME STEP   38, STRESS PERIOD    1

end timestep


start timestep kper="1" kstp="39" mode="normal"


 FMI SETTING BUDGET TERMS FOR KSTP 39 AND KPER 1 TO BUDGET FILE TERMS FROM KSTP 1 AND KPER 1

 FMI SETTING HEAD FOR KSTP 39 AND KPER 1 TO BINARY FILE HEADS FROM KSTP 1 AND KPER 1

 CONCENTRATION WILL BE SAVED ON UNIT 1019 AT END OF TIME STEP   39, STRESS PERIOD    1

end timestep


start timestep kper="1" kstp="40" mode="normal"


 FMI SETTING BUDGET TERMS FOR KSTP 40 AND KPER 1 TO BUDGET FILE TERMS FROM KSTP 1 AND KPER 1

 FMI SETTING HEAD FOR KSTP 40 AND KPER 1 TO BINARY FILE HEADS FROM KSTP 1 AND KPER 1

 CONCENTRATION WILL BE SAVED ON UNIT 1019 AT END OF TIME STEP   40, STRESS PERIOD    1

end timestep


start timestep kper="1" kstp="41" mode="normal"


 FMI SETTING BUDGET TERMS FOR KSTP 41 AND KPER 1 TO BUDGET FILE TERMS FROM KSTP 1 AND KPER 1

 FMI SETTING HEAD FOR KSTP 41 AND KPER 1 TO BINARY FILE HEADS FROM KSTP 1 AND KPER 1

 CONCENTRATION WILL BE SAVED ON UNIT 1019 AT END OF TIME STEP   41, STRESS PERIOD    1

end timestep


start timestep kper="1" kstp="42" mode="normal"


 FMI SETTING BUDGET TERMS FOR KSTP 42 AND KPER 1 TO BUDGET FILE TERMS FROM KSTP 1 AND KPER 1

 FMI SETTING HEAD FOR KSTP 42 AND KPER 1 TO BINARY FILE HEADS FROM KSTP 1 AND KPER 1

 CONCENTRATION WILL BE SAVED ON UNIT 1019 AT END OF TIME STEP   42, STRESS PERIOD    1

end timestep


start timestep kper="1" kstp="43" mode="normal"


 FMI SETTING BUDGET TERMS FOR KSTP 43 AND KPER 1 TO BUDGET FILE TERMS FROM KSTP 1 AND KPER 1

 FMI SETTING HEAD FOR KSTP 43 AND KPER 1 TO BINARY FILE HEADS FROM KSTP 1 AND KPER 1

 CONCENTRATION WILL BE SAVED ON UNIT 1019 AT END OF TIME STEP   43, STRESS PERIOD    1

end timestep


start timestep kper="1" kstp="44" mode="normal"


 FMI SETTING BUDGET TERMS FOR KSTP 44 AND KPER 1 TO BUDGET FILE TERMS FROM KSTP 1 AND KPER 1

 FMI SETTING HEAD FOR KSTP 44 AND KPER 1 TO BINARY FILE HEADS FROM KSTP 1 AND KPER 1

 CONCENTRATION WILL BE SAVED ON UNIT 1019 AT END OF TIME STEP   44, STRESS PERIOD    1

end timestep


start timestep kper="1" kstp="45" mode="normal"


 FMI SETTING BUDGET TERMS FOR KSTP 45 AND KPER 1 TO BUDGET FILE TERMS FROM KSTP 1 AND KPER 1

 FMI SETTING HEAD FOR KSTP 45 AND KPER 1 TO BINARY FILE HEADS FROM KSTP 1 AND KPER 1

 CONCENTRATION WILL BE SAVED ON UNIT 1019 AT END OF TIME STEP   45, STRESS PERIOD    1

end timestep


start timestep kper="1" kstp="46" mode="normal"


 FMI SETTING BUDGET TERMS FOR KSTP 46 AND KPER 1 TO BUDGET FILE TERMS FROM KSTP 1 AND KPER 1

 FMI SETTING HEAD FOR KSTP 46 AND KPER 1 TO BINARY FILE HEADS FROM KSTP 1 AND KPER 1

 CONCENTRATION WILL BE SAVED ON UNIT 1019 AT END OF TIME STEP   46, STRESS PERIOD    1

end timestep


start timestep kper="1" kstp="47" mode="normal"


 FMI SETTING BUDGET TERMS FOR KSTP 47 AND KPER 1 TO BUDGET FILE TERMS FROM KSTP 1 AND KPER 1

 FMI SETTING HEAD FOR KSTP 47 AND KPER 1 TO BINARY FILE HEADS FROM KSTP 1 AND KPER 1

 CONCENTRATION WILL BE SAVED ON UNIT 1019 AT END OF TIME STEP   47, STRESS PERIOD    1

end timestep


start timestep kper="1" kstp="48" mode="normal"


 FMI SETTING BUDGET TERMS FOR KSTP 48 AND KPER 1 TO BUDGET FILE TERMS FROM KSTP 1 AND KPER 1

 FMI SETTING HEAD FOR KSTP 48 AND KPER 1 TO BINARY FILE HEADS FROM KSTP 1 AND KPER 1

 CONCENTRATION WILL BE SAVED ON UNIT 1019 AT END OF TIME STEP   48, STRESS PERIOD    1

end timestep


start timestep kper="1" kstp="49" mode="normal"


 FMI SETTING BUDGET TERMS FOR KSTP 49 AND KPER 1 TO BUDGET FILE TERMS FROM KSTP 1 AND KPER 1

 FMI SETTING HEAD FOR KSTP 49 AND KPER 1 TO BINARY FILE HEADS FROM KSTP 1 AND KPER 1

 CONCENTRATION WILL BE SAVED ON UNIT 1019 AT END OF TIME STEP   49, STRESS PERIOD    1

end timestep


start timestep kper="1" kstp="50" mode="normal"


 FMI SETTING BUDGET TERMS FOR KSTP 50 AND KPER 1 TO BUDGET FILE TERMS FROM KSTP 1 AND KPER 1

 FMI SETTING HEAD FOR KSTP 50 AND KPER 1 TO BINARY FILE HEADS FROM KSTP 1 AND KPER 1

 CONCENTRATION WILL BE SAVED ON UNIT 1019 AT END OF TIME STEP   50, STRESS PERIOD    1

end timestep


start timestep kper="1" kstp="51" mode="normal"


 FMI SETTING BUDGET TERMS FOR KSTP 51 AND KPER 1 TO BUDGET FILE TERMS FROM KSTP 1 AND KPER 1

 FMI SETTING HEAD FOR KSTP 51 AND KPER 1 TO BINARY FILE HEADS FROM KSTP 1 AND KPER 1

 CONCENTRATION WILL BE SAVED ON UNIT 1019 AT END OF TIME STEP   51, STRESS PERIOD    1

end timestep


start timestep kper="1" kstp="52" mode="normal"


 FMI SETTING BUDGET TERMS FOR KSTP 52 AND KPER 1 TO BUDGET FILE TERMS FROM KSTP 1 AND KPER 1

 FMI SETTING HEAD FOR KSTP 52 AND KPER 1 TO BINARY FILE HEADS FROM KSTP 1 AND KPER 1

 CONCENTRATION WILL BE SAVED ON UNIT 1019 AT END OF TIME STEP   52, STRESS PERIOD    1

end timestep


start timestep kper="1" kstp="53" mode="normal"


 FMI SETTING BUDGET TERMS FOR KSTP 53 AND KPER 1 TO BUDGET FILE TERMS FROM KSTP 1 AND KPER 1

 FMI SETTING HEAD FOR KSTP 53 AND KPER 1 TO BINARY FILE HEADS FROM KSTP 1 AND KPER 1

 CONCENTRATION WILL BE SAVED ON UNIT 1019 AT END OF TIME STEP   53, STRESS PERIOD    1

end timestep


start timestep kper="1" kstp="54" mode="normal"


 FMI SETTING BUDGET TERMS FOR KSTP 54 AND KPER 1 TO BUDGET FILE TERMS FROM KSTP 1 AND KPER 1

 FMI SETTING HEAD FOR KSTP 54 AND KPER 1 TO BINARY FILE HEADS FROM KSTP 1 AND KPER 1

 CONCENTRATION WILL BE SAVED ON UNIT 1019 AT END OF TIME STEP   54, STRESS PERIOD    1

end timestep


start timestep kper="1" kstp="55" mode="normal"


 FMI SETTING BUDGET TERMS FOR KSTP 55 AND KPER 1 TO BUDGET FILE TERMS FROM KSTP 1 AND KPER 1

 FMI SETTING HEAD FOR KSTP 55 AND KPER 1 TO BINARY FILE HEADS FROM KSTP 1 AND KPER 1

 CONCENTRATION WILL BE SAVED ON UNIT 1019 AT END OF TIME STEP   55, STRESS PERIOD    1

end timestep


start timestep kper="1" kstp="56" mode="normal"


 FMI SETTING BUDGET TERMS FOR KSTP 56 AND KPER 1 TO BUDGET FILE TERMS FROM KSTP 1 AND KPER 1

 FMI SETTING HEAD FOR KSTP 56 AND KPER 1 TO BINARY FILE HEADS FROM KSTP 1 AND KPER 1

 CONCENTRATION WILL BE SAVED ON UNIT 1019 AT END OF TIME STEP   56, STRESS PERIOD    1

end timestep


start timestep kper="1" kstp="57" mode="normal"


 FMI SETTING BUDGET TERMS FOR KSTP 57 AND KPER 1 TO BUDGET FILE TERMS FROM KSTP 1 AND KPER 1

 FMI SETTING HEAD FOR KSTP 57 AND KPER 1 TO BINARY FILE HEADS FROM KSTP 1 AND KPER 1

 CONCENTRATION WILL BE SAVED ON UNIT 1019 AT END OF TIME STEP   57, STRESS PERIOD    1

end timestep


start timestep kper="1" kstp="58" mode="normal"


 FMI SETTING BUDGET TERMS FOR KSTP 58 AND KPER 1 TO BUDGET FILE TERMS FROM KSTP 1 AND KPER 1

 FMI SETTING HEAD FOR KSTP 58 AND KPER 1 TO BINARY FILE HEADS FROM KSTP 1 AND KPER 1

 CONCENTRATION WILL BE SAVED ON UNIT 1019 AT END OF TIME STEP   58, STRESS PERIOD    1

end timestep


start timestep kper="1" kstp="59" mode="normal"


 FMI SETTING BUDGET TERMS FOR KSTP 59 AND KPER 1 TO BUDGET FILE TERMS FROM KSTP 1 AND KPER 1

 FMI SETTING HEAD FOR KSTP 59 AND KPER 1 TO BINARY FILE HEADS FROM KSTP 1 AND KPER 1

 CONCENTRATION WILL BE SAVED ON UNIT 1019 AT END OF TIME STEP   59, STRESS PERIOD    1

end timestep


start timestep kper="1" kstp="60" mode="normal"


 FMI SETTING BUDGET TERMS FOR KSTP 60 AND KPER 1 TO BUDGET FILE TERMS FROM KSTP 1 AND KPER 1

 FMI SETTING HEAD FOR KSTP 60 AND KPER 1 TO BINARY FILE HEADS FROM KSTP 1 AND KPER 1

 CONCENTRATION WILL BE SAVED ON UNIT 1019 AT END OF TIME STEP   60, STRESS PERIOD    1

end timestep


start timestep kper="1" kstp="61" mode="normal"


 FMI SETTING BUDGET TERMS FOR KSTP 61 AND KPER 1 TO BUDGET FILE TERMS FROM KSTP 1 AND KPER 1

 FMI SETTING HEAD FOR KSTP 61 AND KPER 1 TO BINARY FILE HEADS FROM KSTP 1 AND KPER 1

 CONCENTRATION WILL BE SAVED ON UNIT 1019 AT END OF TIME STEP   61, STRESS PERIOD    1

end timestep


start timestep kper="1" kstp="62" mode="normal"


 FMI SETTING BUDGET TERMS FOR KSTP 62 AND KPER 1 TO BUDGET FILE TERMS FROM KSTP 1 AND KPER 1

 FMI SETTING HEAD FOR KSTP 62 AND KPER 1 TO BINARY FILE HEADS FROM KSTP 1 AND KPER 1

 CONCENTRATION WILL BE SAVED ON UNIT 1019 AT END OF TIME STEP   62, STRESS PERIOD    1

end timestep


start timestep kper="1" kstp="63" mode="normal"


 FMI SETTING BUDGET TERMS FOR KSTP 63 AND KPER 1 TO BUDGET FILE TERMS FROM KSTP 1 AND KPER 1

 FMI SETTING HEAD FOR KSTP 63 AND KPER 1 TO BINARY FILE HEADS FROM KSTP 1 AND KPER 1

 CONCENTRATION WILL BE SAVED ON UNIT 1019 AT END OF TIME STEP   63, STRESS PERIOD    1

end timestep


start timestep kper="1" kstp="64" mode="normal"


 FMI SETTING BUDGET TERMS FOR KSTP 64 AND KPER 1 TO BUDGET FILE TERMS FROM KSTP 1 AND KPER 1

 FMI SETTING HEAD FOR KSTP 64 AND KPER 1 TO BINARY FILE HEADS FROM KSTP 1 AND KPER 1

 CONCENTRATION WILL BE SAVED ON UNIT 1019 AT END OF TIME STEP   64, STRESS PERIOD    1

end timestep


start timestep kper="1" kstp="65" mode="normal"


 FMI SETTING BUDGET TERMS FOR KSTP 65 AND KPER 1 TO BUDGET FILE TERMS FROM KSTP 1 AND KPER 1

 FMI SETTING HEAD FOR KSTP 65 AND KPER 1 TO BINARY FILE HEADS FROM KSTP 1 AND KPER 1

 CONCENTRATION WILL BE SAVED ON UNIT 1019 AT END OF TIME STEP   65, STRESS PERIOD    1

end timestep


start timestep kper="1" kstp="66" mode="normal"


 FMI SETTING BUDGET TERMS FOR KSTP 66 AND KPER 1 TO BUDGET FILE TERMS FROM KSTP 1 AND KPER 1

 FMI SETTING HEAD FOR KSTP 66 AND KPER 1 TO BINARY FILE HEADS FROM KSTP 1 AND KPER 1

 CONCENTRATION WILL BE SAVED ON UNIT 1019 AT END OF TIME STEP   66, STRESS PERIOD    1

end timestep


start timestep kper="1" kstp="67" mode="normal"


 FMI SETTING BUDGET TERMS FOR KSTP 67 AND KPER 1 TO BUDGET FILE TERMS FROM KSTP 1 AND KPER 1

 FMI SETTING HEAD FOR KSTP 67 AND KPER 1 TO BINARY FILE HEADS FROM KSTP 1 AND KPER 1

 CONCENTRATION WILL BE SAVED ON UNIT 1019 AT END OF TIME STEP   67, STRESS PERIOD    1

end timestep


start timestep kper="1" kstp="68" mode="normal"


 FMI SETTING BUDGET TERMS FOR KSTP 68 AND KPER 1 TO BUDGET FILE TERMS FROM KSTP 1 AND KPER 1

 FMI SETTING HEAD FOR KSTP 68 AND KPER 1 TO BINARY FILE HEADS FROM KSTP 1 AND KPER 1

 CONCENTRATION WILL BE SAVED ON UNIT 1019 AT END OF TIME STEP   68, STRESS PERIOD    1

end timestep


start timestep kper="1" kstp="69" mode="normal"


 FMI SETTING BUDGET TERMS FOR KSTP 69 AND KPER 1 TO BUDGET FILE TERMS FROM KSTP 1 AND KPER 1

 FMI SETTING HEAD FOR KSTP 69 AND KPER 1 TO BINARY FILE HEADS FROM KSTP 1 AND KPER 1

 CONCENTRATION WILL BE SAVED ON UNIT 1019 AT END OF TIME STEP   69, STRESS PERIOD    1

end timestep


start timestep kper="1" kstp="70" mode="normal"


 FMI SETTING BUDGET TERMS FOR KSTP 70 AND KPER 1 TO BUDGET FILE TERMS FROM KSTP 1 AND KPER 1

 FMI SETTING HEAD FOR KSTP 70 AND KPER 1 TO BINARY FILE HEADS FROM KSTP 1 AND KPER 1

 CONCENTRATION WILL BE SAVED ON UNIT 1019 AT END OF TIME STEP   70, STRESS PERIOD    1

end timestep


start timestep kper="1" kstp="71" mode="normal"


 FMI SETTING BUDGET TERMS FOR KSTP 71 AND KPER 1 TO BUDGET FILE TERMS FROM KSTP 1 AND KPER 1

 FMI SETTING HEAD FOR KSTP 71 AND KPER 1 TO BINARY FILE HEADS FROM KSTP 1 AND KPER 1

 CONCENTRATION WILL BE SAVED ON UNIT 1019 AT END OF TIME STEP   71, STRESS PERIOD    1

end timestep


start timestep kper="1" kstp="72" mode="normal"


 FMI SETTING BUDGET TERMS FOR KSTP 72 AND KPER 1 TO BUDGET FILE TERMS FROM KSTP 1 AND KPER 1

 FMI SETTING HEAD FOR KSTP 72 AND KPER 1 TO BINARY FILE HEADS FROM KSTP 1 AND KPER 1

 CONCENTRATION WILL BE SAVED ON UNIT 1019 AT END OF TIME STEP   72, STRESS PERIOD    1

end timestep


start timestep kper="1" kstp="73" mode="normal"


 FMI SETTING BUDGET TERMS FOR KSTP 73 AND KPER 1 TO BUDGET FILE TERMS FROM KSTP 1 AND KPER 1

 FMI SETTING HEAD FOR KSTP 73 AND KPER 1 TO BINARY FILE HEADS FROM KSTP 1 AND KPER 1

 CONCENTRATION WILL BE SAVED ON UNIT 1019 AT END OF TIME STEP   73, STRESS PERIOD    1

end timestep


start timestep kper="1" kstp="74" mode="normal"


 FMI SETTING BUDGET TERMS FOR KSTP 74 AND KPER 1 TO BUDGET FILE TERMS FROM KSTP 1 AND KPER 1

 FMI SETTING HEAD FOR KSTP 74 AND KPER 1 TO BINARY FILE HEADS FROM KSTP 1 AND KPER 1

 CONCENTRATION WILL BE SAVED ON UNIT 1019 AT END OF TIME STEP   74, STRESS PERIOD    1

end timestep


start timestep kper="1" kstp="75" mode="normal"


 FMI SETTING BUDGET TERMS FOR KSTP 75 AND KPER 1 TO BUDGET FILE TERMS FROM KSTP 1 AND KPER 1

 FMI SETTING HEAD FOR KSTP 75 AND KPER 1 TO BINARY FILE HEADS FROM KSTP 1 AND KPER 1

 CONCENTRATION WILL BE SAVED ON UNIT 1019 AT END OF TIME STEP   75, STRESS PERIOD    1

end timestep


start timestep kper="1" kstp="76" mode="normal"


 FMI SETTING BUDGET TERMS FOR KSTP 76 AND KPER 1 TO BUDGET FILE TERMS FROM KSTP 1 AND KPER 1

 FMI SETTING HEAD FOR KSTP 76 AND KPER 1 TO BINARY FILE HEADS FROM KSTP 1 AND KPER 1

 CONCENTRATION WILL BE SAVED ON UNIT 1019 AT END OF TIME STEP   76, STRESS PERIOD    1

end timestep


start timestep kper="1" kstp="77" mode="normal"


 FMI SETTING BUDGET TERMS FOR KSTP 77 AND KPER 1 TO BUDGET FILE TERMS FROM KSTP 1 AND KPER 1

 FMI SETTING HEAD FOR KSTP 77 AND KPER 1 TO BINARY FILE HEADS FROM KSTP 1 AND KPER 1

 CONCENTRATION WILL BE SAVED ON UNIT 1019 AT END OF TIME STEP   77, STRESS PERIOD    1

end timestep


start timestep kper="1" kstp="78" mode="normal"


 FMI SETTING BUDGET TERMS FOR KSTP 78 AND KPER 1 TO BUDGET FILE TERMS FROM KSTP 1 AND KPER 1

 FMI SETTING HEAD FOR KSTP 78 AND KPER 1 TO BINARY FILE HEADS FROM KSTP 1 AND KPER 1

 CONCENTRATION WILL BE SAVED ON UNIT 1019 AT END OF TIME STEP   78, STRESS PERIOD    1

end timestep


start timestep kper="1" kstp="79" mode="normal"


 FMI SETTING BUDGET TERMS FOR KSTP 79 AND KPER 1 TO BUDGET FILE TERMS FROM KSTP 1 AND KPER 1

 FMI SETTING HEAD FOR KSTP 79 AND KPER 1 TO BINARY FILE HEADS FROM KSTP 1 AND KPER 1

 CONCENTRATION WILL BE SAVED ON UNIT 1019 AT END OF TIME STEP   79, STRESS PERIOD    1

end timestep


start timestep kper="1" kstp="80" mode="normal"


 FMI SETTING BUDGET TERMS FOR KSTP 80 AND KPER 1 TO BUDGET FILE TERMS FROM KSTP 1 AND KPER 1

 FMI SETTING HEAD FOR KSTP 80 AND KPER 1 TO BINARY FILE HEADS FROM KSTP 1 AND KPER 1

 CONCENTRATION WILL BE SAVED ON UNIT 1019 AT END OF TIME STEP   80, STRESS PERIOD    1

end timestep


start timestep kper="1" kstp="81" mode="normal"


 FMI SETTING BUDGET TERMS FOR KSTP 81 AND KPER 1 TO BUDGET FILE TERMS FROM KSTP 1 AND KPER 1

 FMI SETTING HEAD FOR KSTP 81 AND KPER 1 TO BINARY FILE HEADS FROM KSTP 1 AND KPER 1

 CONCENTRATION WILL BE SAVED ON UNIT 1019 AT END OF TIME STEP   81, STRESS PERIOD    1

end timestep


start timestep kper="1" kstp="82" mode="normal"


 FMI SETTING BUDGET TERMS FOR KSTP 82 AND KPER 1 TO BUDGET FILE TERMS FROM KSTP 1 AND KPER 1

 FMI SETTING HEAD FOR KSTP 82 AND KPER 1 TO BINARY FILE HEADS FROM KSTP 1 AND KPER 1

 CONCENTRATION WILL BE SAVED ON UNIT 1019 AT END OF TIME STEP   82, STRESS PERIOD    1

end timestep


start timestep kper="1" kstp="83" mode="normal"


 FMI SETTING BUDGET TERMS FOR KSTP 83 AND KPER 1 TO BUDGET FILE TERMS FROM KSTP 1 AND KPER 1

 FMI SETTING HEAD FOR KSTP 83 AND KPER 1 TO BINARY FILE HEADS FROM KSTP 1 AND KPER 1

 CONCENTRATION WILL BE SAVED ON UNIT 1019 AT END OF TIME STEP   83, STRESS PERIOD    1

end timestep


start timestep kper="1" kstp="84" mode="normal"


 FMI SETTING BUDGET TERMS FOR KSTP 84 AND KPER 1 TO BUDGET FILE TERMS FROM KSTP 1 AND KPER 1

 FMI SETTING HEAD FOR KSTP 84 AND KPER 1 TO BINARY FILE HEADS FROM KSTP 1 AND KPER 1

 CONCENTRATION WILL BE SAVED ON UNIT 1019 AT END OF TIME STEP   84, STRESS PERIOD    1

end timestep


start timestep kper="1" kstp="85" mode="normal"


 FMI SETTING BUDGET TERMS FOR KSTP 85 AND KPER 1 TO BUDGET FILE TERMS FROM KSTP 1 AND KPER 1

 FMI SETTING HEAD FOR KSTP 85 AND KPER 1 TO BINARY FILE HEADS FROM KSTP 1 AND KPER 1

 CONCENTRATION WILL BE SAVED ON UNIT 1019 AT END OF TIME STEP   85, STRESS PERIOD    1

end timestep


start timestep kper="1" kstp="86" mode="normal"


 FMI SETTING BUDGET TERMS FOR KSTP 86 AND KPER 1 TO BUDGET FILE TERMS FROM KSTP 1 AND KPER 1

 FMI SETTING HEAD FOR KSTP 86 AND KPER 1 TO BINARY FILE HEADS FROM KSTP 1 AND KPER 1

 CONCENTRATION WILL BE SAVED ON UNIT 1019 AT END OF TIME STEP   86, STRESS PERIOD    1

end timestep


start timestep kper="1" kstp="87" mode="normal"


 FMI SETTING BUDGET TERMS FOR KSTP 87 AND KPER 1 TO BUDGET FILE TERMS FROM KSTP 1 AND KPER 1

 FMI SETTING HEAD FOR KSTP 87 AND KPER 1 TO BINARY FILE HEADS FROM KSTP 1 AND KPER 1

 CONCENTRATION WILL BE SAVED ON UNIT 1019 AT END OF TIME STEP   87, STRESS PERIOD    1

end timestep


start timestep kper="1" kstp="88" mode="normal"


 FMI SETTING BUDGET TERMS FOR KSTP 88 AND KPER 1 TO BUDGET FILE TERMS FROM KSTP 1 AND KPER 1

 FMI SETTING HEAD FOR KSTP 88 AND KPER 1 TO BINARY FILE HEADS FROM KSTP 1 AND KPER 1

 CONCENTRATION WILL BE SAVED ON UNIT 1019 AT END OF TIME STEP   88, STRESS PERIOD    1

end timestep


start timestep kper="1" kstp="89" mode="normal"


 FMI SETTING BUDGET TERMS FOR KSTP 89 AND KPER 1 TO BUDGET FILE TERMS FROM KSTP 1 AND KPER 1

 FMI SETTING HEAD FOR KSTP 89 AND KPER 1 TO BINARY FILE HEADS FROM KSTP 1 AND KPER 1

 CONCENTRATION WILL BE SAVED ON UNIT 1019 AT END OF TIME STEP   89, STRESS PERIOD    1

end timestep


start timestep kper="1" kstp="90" mode="normal"


 FMI SETTING BUDGET TERMS FOR KSTP 90 AND KPER 1 TO BUDGET FILE TERMS FROM KSTP 1 AND KPER 1

 FMI SETTING HEAD FOR KSTP 90 AND KPER 1 TO BINARY FILE HEADS FROM KSTP 1 AND KPER 1
 UBDSV1 SAVING  STORAGE-AQUEOUS ON UNIT   1018 AT TIME STEP     90, STRESS PERIOD      1
 UBDSV1 SAVING     FLOW-JA-FACE ON UNIT   1018 AT TIME STEP     90, STRESS PERIOD      1
 UBDSV06 SAVING  SOURCE-SINK MIX IN MODEL TRANSPORT        PACKAGE TRANSPORT       CONNECTED TO MODEL TRANSPORT        PACKAGE SSM              ON UNIT   1018 AT TIME STEP     90, STRESS PERIOD      1
1
  CONCENTRATION IN LAYER   1 AT END OF TIME STEP  90 IN STRESS PERIOD    1
  ---------------------------------------------------------------------------

            1           2           3           4           5           6           7           8           9          10
           11          12          13          14          15          16          17          18          19          20
           21          22          23          24          25          26          27          28          29          30
 ........................................................................................................................................................................................................................................................................................................................................................................
   1   3.2940E-05  3.2940E-05  3.2940E-05  3.2940E-05  3.2940E-05  3.2940E-05  3.2940E-05  3.2940E-05  3.2940E-05  3.2940E-05
       3.2940E-05  3.2940E-05  3.2940E-05  3.2940E-05  3.2940E-05  3.2940E-05  3.2940E-05  3.2940E-05  3.2940E-05  3.2940E-05
       3.2940E-05  3.2940E-05  3.2940E-05  3.2940E-05  3.2939E-05  3.2939E-05  3.2937E-05  3.2932E-05  3.2922E-05  3.2891E-05

 CONCENTRATION WILL BE SAVED ON UNIT 1019 AT END OF TIME STEP   90, STRESS PERIOD    1


  MASS BUDGET FOR ENTIRE MODEL AT END OF TIME STEP   90, STRESS PERIOD   1
  ---------------------------------------------------------------------------------------------------

     CUMULATIVE MASS      M       RATES FOR THIS TIME STEP      M/T          PACKAGE NAME    
     ------------------                 ------------------------                     ----------------

           IN:                                      IN:
           ---                                      ---
     STORAGE-AQUEOUS =       4.4775E-05       STORAGE-AQUEOUS =           0.0000     MST                              
                 WEL =       5.9292E-04                   WEL =       6.5880E-06     SSM_WEL-1                        
                 CHD =           0.0000                   CHD =           0.0000     SSM_CHD_0                        

            TOTAL IN =       6.3770E-04              TOTAL IN =       6.5880E-06

          OUT:                                     OUT:
          ----                                     ----
     STORAGE-AQUEOUS =       6.1122E-05       STORAGE-AQUEOUS =       2.3487E-09     MST                              
                 WEL =           0.0000                   WEL =           0.0000     SSM_WEL-1                        
                 CHD =       5.7629E-04                   CHD =       6.5781E-06     SSM_CHD_0                        

           TOTAL OUT =       6.3742E-04             TOTAL OUT =       6.5805E-06

            IN - OUT =       2.7801E-07              IN - OUT =       7.5477E-09

 PERCENT DISCREPANCY =           0.04     PERCENT DISCREPANCY =           0.11




         TIME SUMMARY AT END OF TIME STEP   90 IN STRESS PERIOD    1
                          TIME STEP LENGTH =    1.00000    
                        STRESS PERIOD TIME =    90.0000    
                     TOTAL SIMULATION TIME =    90.0000    

end timestep

