                                   MODFLOW 6
                U.S. GEOLOGICAL SURVEY MODULAR HYDROLOGIC MODEL
                          GROUNDWATER FLOW MODEL (GWF)
                            VERSION 6.4.2 06/28/2023

   MODFLOW 6 compiled Jun 28 2023 18:41:13 with Intel(R) Fortran Intel(R) 64
   Compiler Classic for applications running on Intel(R) 64, Version 2021.7.0
                             Build 20220726_000000

This software has been approved for release by the U.S. Geological 
Survey (USGS). Although the software has been subjected to rigorous 
review, the USGS reserves the right to update the software as needed 
pursuant to further analysis and review. No warranty, expressed or 
implied, is made by the USGS or the U.S. Government as to the 
functionality of the software and related material nor shall the 
fact of release constitute any such warranty. Furthermore, the 
software is released on condition that neither the USGS nor the U.S. 
Government shall be held liable for any damages resulting from its 
authorized or unauthorized use. Also refer to the USGS Water 
Resources Software User Rights Notice for complete use, copyright, 
and distribution information.


As a work of the United States Government, this USGS product is 
in the public domain within the United States. You can copy, 
modify, distribute, and perform the work, even for commercial 
purposes, all without asking permission. Additionally, USGS 
waives copyright and related rights in the work worldwide 
through CC0 1.0 Universal Public Domain Dedication 
(https://creativecommons.org/publicdomain/zero/1.0/).

The following GNU Lesser General Public License (LGPL) libraries
are used in this USGS product:

    SPARSKIT version 2.0
      ilut, luson, and qsplit 
      (https://www-users.cse.umn.edu/~saad/software/SPARSKIT/)

    RCM - Reverse Cuthill McKee Ordering
      (https://people.math.sc.edu/Burkardt/f_src/rcm/rcm.html)

    BLAS - Basic Linear Algebra Subprograms Level 1
      (https://people.math.sc.edu/Burkardt/f_src/blas1_d/blas1_d.html)

    SPARSEKIT - Sparse Matrix Utility Package
      amux, dperm, dvperm, rperm, and cperm
      (https://people.sc.fsu.edu/~jburkardt/f77_src/sparsekit/sparsekit.html)

The following BSD-3 License libraries are used in this USGS product:

    Modern Fortran DAG Library
      Copyright (c) 2018, Jacob Williams
      All rights reserved.
      (https://github.com/jacobwilliams/daglib)

MODFLOW 6 compiler options: /Isrc\libmf6core.a.p /Isrc /I..\src
/Isrc\libmf6_external.a.p /MTd /nologo /warn:general /warn:truncated_source
/stand:f08 /Zi /traceback /O2 /fpe:0 /heap-arrays:0 /traceback /fpp
/Qdiag-disable:7416 /Qdiag-disable:7025 /Qdiag-disable:5268
/Fdsrc\libmf6core.a.p\Utilities_compilerversion.F90.pdb
/module:src\libmf6core.a.p
/Fosrc/libmf6core.a.p/Utilities_compilerversion.F90.obj /c

System command used to initiate simulation:
C:\Users\NRBRT\clone\JORDI\interfaz_remix-main1\examples\gypsum_eq\EXE\mf6.exe

MODFLOW was compiled using uniform precision.

Real Variables
  KIND: 8
  TINY (smallest non-zero value):    2.225074-308
  HUGE (largest value):    1.797693+308
  PRECISION: 15
  SIZE IN BITS: 64

Integer Variables
  KIND: 4
  HUGE (largest value): 2147483647
  SIZE IN BITS: 32

Long Integer Variables
  KIND: 8
  HUGE (largest value): 9223372036854775807
  SIZE IN BITS: 64

Logical Variables
  KIND: 4
  SIZE IN BITS: 32
 
 NAMEFILE OPTIONS:
    FLOWS WILL BE SAVED TO BUDGET FILE SPECIFIED IN OUTPUT CONTROL
 END NAMEFILE OPTIONS:

 DIS -- STRUCTURED GRID DISCRETIZATION PACKAGE, VERSION 2 : 3/27/2014 - INPUT READ FROM MEMPATH: __INPUT__/FLOW/DIS                                


 NPF -- NODE PROPERTY FLOW PACKAGE, VERSION 1, 3/30/2015 INPUT READ FROM MEMPATH: __INPUT__/FLOW/NPF                                

 Setting Discretization Options
 End Setting Discretization Options

 Setting Discretization Dimensions
    NLAY = 1
    NROW = 1
    NCOL = 31
 End Setting Discretization Dimensions

 Setting Discretization Griddata
    DELR set from input file
    DELC set from input file
    TOP set from input file
    BOTM set from input file
 End Setting Discretization Griddata

 Setting NPF Options
    Cell-by-cell flow information will be saved to binary file whenever ICBCFL is not zero.
    Specific discharge will be calculated at cell centers and written to DATA-SPDIS in budget file when requested.
 End Setting NPF Options

 Setting NPF Griddata
    ICELLTYPE set from input file
    K set from input file
    K33 not provided.  Setting K33 = K.
    K22 not provided.  Setting K22 = K.
 End Setting NPF Griddata


 WEL   -- WEL PACKAGE, VERSION 8, 2/22/2014 INPUT READ FROM UNIT 1007
 # File generated by Flopy version 3.10.0.dev3 on 10/29/2025 at 12:39:36.

 PROCESSING WEL OPTIONS
    AUXILIARY WEL VARIABLE: CONC_ESP_1      
    AUXILIARY WEL VARIABLE: CONC_ESP_2      
 END OF WEL OPTIONS

 PROCESSING WEL DIMENSIONS
    MAXBOUND =       1
 END OF WEL DIMENSIONS

 CHD   -- CHD PACKAGE, VERSION 8, 2/22/2014 INPUT READ FROM UNIT 1008
 # File generated by Flopy version 3.10.0.dev3 on 10/29/2025 at 12:39:36.

 PROCESSING CHD OPTIONS
 END OF CHD OPTIONS

 PROCESSING CHD DIMENSIONS
    MAXBOUND =       1
 END OF CHD DIMENSIONS

 IC -- INITIAL CONDITIONS PACKAGE, VERSION 8, 3/28/2015 INPUT READ FROM UNIT 1005
 # File generated by Flopy version 3.10.0.dev3 on 10/29/2025 at 12:39:36.
 PROCESSING IC OPTIONS
 END OF IC OPTIONS
 PROCESSING GRIDDATA

     INITIAL HEAD =   1.000000    
 END PROCESSING GRIDDATA
    BINARY GRID INFORMATION WILL BE WRITTEN TO:
      UNIT NUMBER: 1012
      FILE NAME: flow.dis.grb

 OPENED flow.dis.grb
 FILE TYPE:DATA(BINARY)   UNIT 1012   STATUS:REPLACE             
 FORMAT:UNFORMATTED            ACCESS:STREAM              
 ACTION:READWRITE           

      THE LAST TIME STEP WILL BE PRINTED
      THE LAST TIME STEP WILL BE PRINTED
 # File generated by Flopy version 3.10.0.dev3 on 10/29/2025 at 12:39:36.

 PROCESSING OC OPTIONS

    BUDGET INFORMATION WILL BE WRITTEN TO:
      UNIT NUMBER: 1013
      FILE NAME: flow.bud

 OPENED flow.bud
 FILE TYPE:DATA(BINARY)   UNIT 1013   STATUS:REPLACE             
 FORMAT:UNFORMATTED            ACCESS:STREAM              
 ACTION:READWRITE           

    HEAD INFORMATION WILL BE WRITTEN TO:
      UNIT NUMBER: 1014
      FILE NAME: flow.hds

 OPENED flow.hds
 FILE TYPE:DATA(BINARY)   UNIT 1014   STATUS:REPLACE             
 FORMAT:UNFORMATTED            ACCESS:STREAM              
 ACTION:READWRITE           

 END OF OC OPTIONS

start timestep kper="1" kstp="1" mode="normal"


 BEGIN READING OUTPUT CONTROL FOR STRESS PERIOD 1
      ALL TIME STEPS WILL BE SAVED
      ALL TIME STEPS WILL BE SAVED
      ALL TIME STEPS WILL BE PRINTED
      ALL TIME STEPS WILL BE PRINTED

 END READING OUTPUT CONTROL FOR STRESS PERIOD 1
 UBDSV1 SAVING     FLOW-JA-FACE ON UNIT   1013 AT TIME STEP      1, STRESS PERIOD      1
 UBDSV06 SAVING       DATA-SPDIS IN MODEL FLOW             PACKAGE NPF             CONNECTED TO MODEL FLOW             PACKAGE NPF              ON UNIT   1013 AT TIME STEP      1, STRESS PERIOD      1
 UBDSV06 SAVING              WEL IN MODEL FLOW             PACKAGE FLOW            CONNECTED TO MODEL FLOW             PACKAGE WEL_0            ON UNIT   1013 AT TIME STEP      1, STRESS PERIOD      1
 UBDSV06 SAVING              CHD IN MODEL FLOW             PACKAGE FLOW            CONNECTED TO MODEL FLOW             PACKAGE CHD_0            ON UNIT   1013 AT TIME STEP      1, STRESS PERIOD      1
1
  HEAD IN LAYER   1 AT END OF TIME STEP   1 IN STRESS PERIOD    1
  ---------------------------------------------------------------------------

            1           2           3           4           5           6           7           8           9          10
           11          12          13          14          15          16          17          18          19          20
           21          22          23          24          25          26          27          28          29          30
           31
 ........................................................................................................................
   1    7.000       6.800       6.600       6.400       6.200       6.000       5.800       5.600       5.400       5.200    
        5.000       4.800       4.600       4.400       4.200       4.000       3.800       3.600       3.400       3.200    
        3.000       2.800       2.600       2.400       2.200       2.000       1.800       1.600       1.400       1.200    
        1.000    

 HEAD WILL BE SAVED ON UNIT 1014 AT END OF TIME STEP    1, STRESS PERIOD    1


  VOLUME BUDGET FOR ENTIRE MODEL AT END OF TIME STEP    1, STRESS PERIOD   1
  ---------------------------------------------------------------------------------------------------

     CUMULATIVE VOLUME      L**3       RATES FOR THIS TIME STEP      L**3/T          PACKAGE NAME    
     ------------------                 ------------------------                     ----------------

           IN:                                      IN:
           ---                                      ---
                 WEL =           0.2000                   WEL =           0.2000     WEL_0                            
                 CHD =           0.0000                   CHD =           0.0000     CHD_0                            

            TOTAL IN =           0.2000              TOTAL IN =           0.2000

          OUT:                                     OUT:
          ----                                     ----
                 WEL =           0.0000                   WEL =           0.0000     WEL_0                            
                 CHD =           0.2000                   CHD =           0.2000     CHD_0                            

           TOTAL OUT =           0.2000             TOTAL OUT =           0.2000

            IN - OUT =       5.5511E-17              IN - OUT =       5.5511E-17

 PERCENT DISCREPANCY =           0.00     PERCENT DISCREPANCY =           0.00




         TIME SUMMARY AT END OF TIME STEP    1 IN STRESS PERIOD    1
                    SECONDS     MINUTES      HOURS       DAYS        YEARS
                    -----------------------------------------------------------
   TIME STEP LENGTH  86400.      1440.0      24.000      1.0000     2.73785E-03
 STRESS PERIOD TIME  86400.      1440.0      24.000      1.0000     2.73785E-03
         TOTAL TIME  86400.      1440.0      24.000      1.0000     2.73785E-03


end timestep

