                                   MODFLOW 6
                U.S. GEOLOGICAL SURVEY MODULAR HYDROLOGIC MODEL
                             TRANSPORT MODEL (GWT)
                            VERSION 6.6.1 02/10/2025

   MODFLOW 6 compiled Feb 10 2025 17:37:25 with Intel(R) Fortran Intel(R) 64
   Compiler Classic for applications running on Intel(R) 64, Version 2021.7.0
                             Build 20220726_000000

This software has been approved for release by the U.S. Geological 
Survey (USGS). Although the software has been subjected to rigorous 
review, the USGS reserves the right to update the software as needed 
pursuant to further analysis and review. No warranty, expressed or 
implied, is made by the USGS or the U.S. Government as to the 
functionality of the software and related material nor shall the 
fact of release constitute any such warranty. Furthermore, the 
software is released on condition that neither the USGS nor the U.S. 
Government shall be held liable for any damages resulting from its 
authorized or unauthorized use. Also refer to the USGS Water 
Resources Software User Rights Notice for complete use, copyright, 
and distribution information.


As a work of the United States Government, this USGS product is 
in the public domain within the United States. You can copy, 
modify, distribute, and perform the work, even for commercial 
purposes, all without asking permission. Additionally, USGS 
waives copyright and related rights in the work worldwide 
through CC0 1.0 Universal Public Domain Dedication 
(https://creativecommons.org/publicdomain/zero/1.0/).

The following GNU Lesser General Public License (LGPL) libraries
are used in this USGS product:

    SPARSKIT version 2.0
      ilut, luson, and qsplit 
      (https://www-users.cse.umn.edu/~saad/software/SPARSKIT/)

    RCM - Reverse Cuthill McKee Ordering
      (https://people.math.sc.edu/Burkardt/f_src/rcm/rcm.html)

    BLAS - Basic Linear Algebra Subprograms Level 1
      (https://people.math.sc.edu/Burkardt/f_src/blas1_d/blas1_d.html)

    SPARSEKIT - Sparse Matrix Utility Package
      amux, dperm, dvperm, rperm, and cperm
      (https://people.sc.fsu.edu/~jburkardt/f77_src/sparsekit/sparsekit.html)

The following BSD-3 License libraries are used in this USGS product:

    Modern Fortran DAG Library
      Copyright (c) 2018, Jacob Williams
      All rights reserved.
      (https://github.com/jacobwilliams/daglib)

MODFLOW 6 compiler options: /Isrc\libmf6core.a.p /Isrc /I..\src
/Isrc\libmf6_external.a.p /MTd /nologo /warn:general /warn:truncated_source
/stand:f08 /Zi /traceback /O2 /fpe:0 /heap-arrays:0 /traceback /fpp
/Qdiag-disable:7416 /Qdiag-disable:7025 /Qdiag-disable:5268
/Qdiag-disable:10448 /Fdsrc\libmf6core.a.p\Utilities_compilerversion.F90.pdb
/module:src\libmf6core.a.p
/Fosrc/libmf6core.a.p/Utilities_compilerversion.F90.obj /c

System command used to initiate simulation:
C:\Users\luiggi\Documents\GitSites\mf6_tutorial\mf6\windows\mf6.exe

MODFLOW was compiled using uniform precision.

Real Variables
  KIND: 8
  TINY (smallest non-zero value):    2.225074-308
  HUGE (largest value):    1.797693+308
  PRECISION: 15
  SIZE IN BITS: 64

Integer Variables
  KIND: 4
  HUGE (largest value): 2147483647
  SIZE IN BITS: 32

Long Integer Variables
  KIND: 8
  HUGE (largest value): 9223372036854775807
  SIZE IN BITS: 64

Logical Variables
  KIND: 4
  SIZE IN BITS: 32
 
 NAMEFILE OPTIONS:
    FLOWS WILL BE SAVED TO BUDGET FILE SPECIFIED IN OUTPUT CONTROL
 END NAMEFILE OPTIONS:

 DIS -- STRUCTURED GRID DISCRETIZATION PACKAGE, VERSION 2 : 3/27/2014 - INPUT READ FROM MEMPATH: __INPUT__/TRANSPORT/DIS                           


 DSP-- DISPERSION PACKAGE, VERSION 1, 1/24/2018 INPUT READ FROM MEMPATH: __INPUT__/TRANSPORT/DSP                           


 Setting Discretization Options
 End Setting Discretization Options

 Setting Discretization Dimensions
    NLAY = 1
    NROW = 1
    NCOL = 10
 End Setting Discretization Dimensions

 Setting Discretization Griddata
    DELR set from input file
    DELC set from input file
    TOP set from input file
    BOTM set from input file
 End Setting Discretization Griddata


 FMI -- FLOW MODEL INTERFACE, VERSION 2, 8/17/2023 INPUT READ FROM UNIT 1006


 # File generated by Flopy version 3.10.0 on 07/29/2026 at 18:16:07.
 PROCESSING FMI OPTIONS
    MASS WILL BE ADDED OR REMOVED TO COMPENSATE FOR FLOW IMBALANCE.
 END OF FMI OPTIONS
 PROCESSING FMI PACKAGEDATA

 OPENED C:\Users\luiggi\Documents\GitSites\RTWMA\benchmarks\05_RT_COM_denit7_1D\04_GWF_GWT_COMP_Denit\mf6_gwf_gwt_comp\flow.hds
 FILE TYPE:DATA(BINARY)   UNIT 1014   STATUS:UNKNOWN             
 FORMAT:UNFORMATTED            ACCESS:STREAM              
 ACTION:READWRITE           

Reading binary file to determine number of records per time step.
Detected 1 unique records in binary file.

 OPENED C:\Users\luiggi\Documents\GitSites\RTWMA\benchmarks\05_RT_COM_denit7_1D\04_GWF_GWT_COMP_Denit\mf6_gwf_gwt_comp\flow.bud
 FILE TYPE:DATA(BINARY)   UNIT 1015   STATUS:UNKNOWN             
 FORMAT:UNFORMATTED            ACCESS:STREAM              
 ACTION:READWRITE           

Reading budget file to determine number of terms per time step.
   1.000000E-02    FLOW-JA-FACE                 
   1.000000E-02      DATA-SPDIS NPF             
   1.000000E-02        DATA-SAT NPF             
   1.000000E-02             WEL WEL-1           
   1.000000E-02             CHD CHD-1           
Detected 5 unique flow terms in budget file.
 END OF FMI PACKAGEDATA

 ADV-- ADVECTION PACKAGE, VERSION 1, 8/25/2017 INPUT READ FROM UNIT 1008


 # File generated by Flopy version 3.10.0 on 07/29/2026 at 18:16:07.
 PROCESSING ADVECTION OPTIONS
    ADVECTION WEIGHTING SCHEME HAS BEEN SET TO: UPSTREAM
 END OF ADVECTION OPTIONS
 Setting DSP Options
    XT3D formulation [0=INACTIVE, 1=ACTIVE, 3=ACTIVE RHS] set to: 0
 End Setting DSP Options

 Setting DSP Griddata
    ALH set from input file
    ATH1 set from input file
 End Setting DSP Griddata

    STRT set from input file

 MST -- MOBILE STORAGE AND TRANSFER PACKAGE, VERSION 1, 7/29/2020 INPUT READ FROM UNIT 1007


 # File generated by Flopy version 3.10.0 on 07/29/2026 at 18:16:07.
 PROCESSING MOBILE STORAGE AND TRANSFER OPTIONS
 END OF MOBILE STORAGE AND TRANSFER OPTIONS
 PROCESSING GRIDDATA

   MOBILE DOMAIN POROSITY =  0.5000000    
 END PROCESSING GRIDDATA

 SSM -- SOURCE-SINK MIXING PACKAGE, VERSION 1, 8/25/2017 INPUT READ FROM UNIT 1010


 # File generated by Flopy version 3.10.0 on 07/29/2026 at 18:16:07.
 PROCESSING SSM OPTIONS
 END OF SSM OPTIONS
 PROCESSING SOURCES
 AUX SOURCE DETECTED.
    USING AUX COLUMN 1 IN PACKAGE WEL-1
 END PROCESSING SOURCES
 OPTIONAL FILEINPUT BLOCK NOT FOUND.  CONTINUING.
      THE LAST TIME STEP WILL BE PRINTED
      THE LAST TIME STEP WILL BE PRINTED
 # File generated by Flopy version 3.10.0 on 07/29/2026 at 18:16:07.

 PROCESSING OC OPTIONS

    BUDGET INFORMATION WILL BE WRITTEN TO:
      UNIT NUMBER: 1016
      FILE NAME: transport.cbc

 OPENED transport.cbc
 FILE TYPE:DATA(BINARY)   UNIT 1016   STATUS:REPLACE             
 FORMAT:UNFORMATTED            ACCESS:STREAM              
 ACTION:READWRITE           

    CONCENTRATION INFORMATION WILL BE WRITTEN TO:
      UNIT NUMBER: 1017
      FILE NAME: transport.ucn

 OPENED transport.ucn
 FILE TYPE:DATA(BINARY)   UNIT 1017   STATUS:REPLACE             
 FORMAT:UNFORMATTED            ACCESS:STREAM              
 ACTION:READWRITE           

 END OF OC OPTIONS

start timestep kper="1" kstp="1" mode="normal"


 BEGIN READING OUTPUT CONTROL FOR STRESS PERIOD 1
      ALL TIME STEPS WILL BE SAVED
      ALL TIME STEPS WILL BE SAVED

 END READING OUTPUT CONTROL FOR STRESS PERIOD 1

 FMI READING BUDGET TERMS FOR KSTP 1 KPER 1
   1.000000E-02    FLOW-JA-FACE                 
   1.000000E-02      DATA-SPDIS NPF             
   1.000000E-02        DATA-SAT NPF             
   1.000000E-02             WEL WEL-1           
   1.000000E-02             CHD CHD-1           

 FMI READING HEAD FOR KSTP 1 KPER 1
 UBDSV1 SAVING  STORAGE-AQUEOUS ON UNIT   1016 AT TIME STEP      1, STRESS PERIOD      1
 UBDSV1 SAVING     FLOW-JA-FACE ON UNIT   1016 AT TIME STEP      1, STRESS PERIOD      1
 UBDSV1 SAVING  FLOW-CORRECTION ON UNIT   1016 AT TIME STEP      1, STRESS PERIOD      1
 UBDSV06 SAVING  SOURCE-SINK MIX IN MODEL TRANSPORT        PACKAGE TRANSPORT       CONNECTED TO MODEL TRANSPORT        PACKAGE SSM              ON UNIT   1016 AT TIME STEP      1, STRESS PERIOD      1

 CONCENTRATION WILL BE SAVED ON UNIT 1017 AT END OF TIME STEP    1, STRESS PERIOD    1


  MASS BUDGET FOR ENTIRE MODEL AT END OF TIME STEP    1, STRESS PERIOD   1
  ---------------------------------------------------------------------------------------------------

     CUMULATIVE MASS      M       RATES FOR THIS TIME STEP      M/T          PACKAGE NAME    
     ------------------                 ------------------------                     ----------------

           IN:                                      IN:
           ---                                      ---
     STORAGE-AQUEOUS =           0.0000       STORAGE-AQUEOUS =           0.0000     MST                              
                 WEL =       5.0589E-07                   WEL =       5.0589E-05     SSM_WEL-1                        
                 CHD =           0.0000                   CHD =           0.0000     SSM_CHD-1                        
     FLOW-CORRECTION =       1.6000E-23       FLOW-CORRECTION =       1.6000E-21                                      

            TOTAL IN =       5.0589E-07              TOTAL IN =       5.0589E-05

          OUT:                                     OUT:
          ----                                     ----
     STORAGE-AQUEOUS =       5.0589E-07       STORAGE-AQUEOUS =       5.0589E-05     MST                              
                 WEL =           0.0000                   WEL =           0.0000     SSM_WEL-1                        
                 CHD =       1.0997E-13                   CHD =       1.0997E-11     SSM_CHD-1                        
     FLOW-CORRECTION =       2.2106E-22       FLOW-CORRECTION =       2.2106E-20                                      

           TOTAL OUT =       5.0589E-07             TOTAL OUT =       5.0589E-05

            IN - OUT =       7.5174E-21              IN - OUT =       7.4539E-19

 PERCENT DISCREPANCY =           0.00     PERCENT DISCREPANCY =           0.00




         TIME SUMMARY AT END OF TIME STEP    1 IN STRESS PERIOD    1
                    SECONDS     MINUTES      HOURS       DAYS        YEARS
                    -----------------------------------------------------------
   TIME STEP LENGTH  864.00      14.400     0.24000     1.00000E-02 2.73785E-05
 STRESS PERIOD TIME  864.00      14.400     0.24000     1.00000E-02 2.73785E-05
         TOTAL TIME  864.00      14.400     0.24000     1.00000E-02 2.73785E-05


end timestep

