 Aqueous component concentrations after solving reactive mixing iteration (rows: components, columns: targets):

      4.05474E-05    4.18939E-05    4.28589E-05    4.35347E-05    4.40057E-05    4.43319E-05    4.45544E-05    4.47018E-05    4.47921E-05    4.48360E-05
      5.01961E-04    4.58429E-04    4.15051E-04    3.74649E-04    3.37968E-04    3.05684E-04    2.78456E-04    2.56944E-04    2.41827E-04    2.33827E-04
      5.05463E-04    4.62266E-04    4.19232E-04    3.79158E-04    3.42781E-04    3.10769E-04    2.83775E-04    2.62450E-04    2.47464E-04    2.39535E-04
      9.23303E-07    9.23333E-07    9.23350E-07    9.23363E-07    9.23370E-07    9.23374E-07    9.23377E-07    9.23379E-07    9.23380E-07    9.23381E-07
      9.93943E-04    9.06545E-04    8.19524E-04    7.38482E-04    6.64878E-04    6.00058E-04    5.45350E-04    5.02095E-04    4.71679E-04    4.55575E-04
      8.15678E-04    8.38856E-04    8.61575E-04    8.82417E-04    9.01078E-04    9.17297E-04    9.30828E-04    9.41424E-04    9.48820E-04    9.52717E-04
      7.77829E-05    6.36512E-05    5.01377E-05    3.80624E-05    2.75472E-05    1.86717E-05    1.14954E-05    6.06873E-06    2.45404E-06    7.59427E-07

 Concentrations of variable activity species after solving reactive mixing iteration (rows: species, columns: targets):

      4.05483E-05    4.18948E-05    4.28598E-05    4.35357E-05    4.40067E-05    4.43328E-05    4.45554E-05    4.47028E-05    4.47931E-05    4.48370E-05
      5.01961E-04    4.58429E-04    4.15051E-04    3.74649E-04    3.37968E-04    3.05684E-04    2.78456E-04    2.56944E-04    2.41827E-04    2.33827E-04
      5.05463E-04    4.62266E-04    4.19232E-04    3.79158E-04    3.42781E-04    3.10769E-04    2.83775E-04    2.62450E-04    2.47464E-04    2.39535E-04
      9.23303E-07    9.23333E-07    9.23350E-07    9.23363E-07    9.23370E-07    9.23374E-07    9.23377E-07    9.23379E-07    9.23380E-07    9.23381E-07
      9.93943E-04    9.06545E-04    8.19524E-04    7.38482E-04    6.64878E-04    6.00058E-04    5.45350E-04    5.02095E-04    4.71679E-04    4.55575E-04
      8.15677E-04    8.38855E-04    8.61574E-04    8.82416E-04    9.01077E-04    9.17296E-04    9.30827E-04    9.41423E-04    9.48819E-04    9.52716E-04
      7.77829E-05    6.36512E-05    5.01377E-05    3.80624E-05    2.75472E-05    1.86717E-05    1.14954E-05    6.06873E-06    2.45404E-06    7.59427E-07
      9.43507E-10    9.39132E-10    9.42849E-10    9.50667E-10    9.60380E-10    9.70475E-10    9.79872E-10    9.87758E-10    9.93511E-10    9.96615E-10

 Kinetic reaction rates (rows: reactions [aqueous (linear+redox) | minerals], columns: targets):

      4.50045E-04    4.50045E-04    4.50045E-04    4.50045E-04    4.50045E-04    4.50045E-04    4.50045E-04    4.50045E-04    4.50045E-04    4.50045E-04
      2.30846E-05    2.30846E-05    2.30846E-05    2.30846E-05    2.30846E-05    2.30846E-05    2.30846E-05    2.30846E-05    2.30846E-05    2.30846E-05
