                                   MODFLOW 6
                U.S. GEOLOGICAL SURVEY MODULAR HYDROLOGIC MODEL
                       GROUNDWATER TRANSPORT MODEL (GWT)
                            VERSION 6.4.2 06/28/2023

   MODFLOW 6 compiled Jun 28 2023 18:41:13 with Intel(R) Fortran Intel(R) 64
   Compiler Classic for applications running on Intel(R) 64, Version 2021.7.0
                             Build 20220726_000000

This software has been approved for release by the U.S. Geological 
Survey (USGS). Although the software has been subjected to rigorous 
review, the USGS reserves the right to update the software as needed 
pursuant to further analysis and review. No warranty, expressed or 
implied, is made by the USGS or the U.S. Government as to the 
functionality of the software and related material nor shall the 
fact of release constitute any such warranty. Furthermore, the 
software is released on condition that neither the USGS nor the U.S. 
Government shall be held liable for any damages resulting from its 
authorized or unauthorized use. Also refer to the USGS Water 
Resources Software User Rights Notice for complete use, copyright, 
and distribution information.


As a work of the United States Government, this USGS product is 
in the public domain within the United States. You can copy, 
modify, distribute, and perform the work, even for commercial 
purposes, all without asking permission. Additionally, USGS 
waives copyright and related rights in the work worldwide 
through CC0 1.0 Universal Public Domain Dedication 
(https://creativecommons.org/publicdomain/zero/1.0/).

The following GNU Lesser General Public License (LGPL) libraries
are used in this USGS product:

    SPARSKIT version 2.0
      ilut, luson, and qsplit 
      (https://www-users.cse.umn.edu/~saad/software/SPARSKIT/)

    RCM - Reverse Cuthill McKee Ordering
      (https://people.math.sc.edu/Burkardt/f_src/rcm/rcm.html)

    BLAS - Basic Linear Algebra Subprograms Level 1
      (https://people.math.sc.edu/Burkardt/f_src/blas1_d/blas1_d.html)

    SPARSEKIT - Sparse Matrix Utility Package
      amux, dperm, dvperm, rperm, and cperm
      (https://people.sc.fsu.edu/~jburkardt/f77_src/sparsekit/sparsekit.html)

The following BSD-3 License libraries are used in this USGS product:

    Modern Fortran DAG Library
      Copyright (c) 2018, Jacob Williams
      All rights reserved.
      (https://github.com/jacobwilliams/daglib)

MODFLOW 6 compiler options: /Isrc\libmf6core.a.p /Isrc /I..\src
/Isrc\libmf6_external.a.p /MTd /nologo /warn:general /warn:truncated_source
/stand:f08 /Zi /traceback /O2 /fpe:0 /heap-arrays:0 /traceback /fpp
/Qdiag-disable:7416 /Qdiag-disable:7025 /Qdiag-disable:5268
/Fdsrc\libmf6core.a.p\Utilities_compilerversion.F90.pdb
/module:src\libmf6core.a.p
/Fosrc/libmf6core.a.p/Utilities_compilerversion.F90.obj /c

System command used to initiate simulation:
C:\Users\NRBRT\clone\CICLOS-GWF-GWT\CICLO-DENIT5M\mf6\bin\mf6.exe

MODFLOW was compiled using uniform precision.

Real Variables
  KIND: 8
  TINY (smallest non-zero value):    2.225074-308
  HUGE (largest value):    1.797693+308
  PRECISION: 15
  SIZE IN BITS: 64

Integer Variables
  KIND: 4
  HUGE (largest value): 2147483647
  SIZE IN BITS: 32

Long Integer Variables
  KIND: 8
  HUGE (largest value): 9223372036854775807
  SIZE IN BITS: 64

Logical Variables
  KIND: 4
  SIZE IN BITS: 32
 
 NAMEFILE OPTIONS:
    FLOWS WILL BE SAVED TO BUDGET FILE SPECIFIED IN OUTPUT CONTROL
 END NAMEFILE OPTIONS:

 DIS -- STRUCTURED GRID DISCRETIZATION PACKAGE, VERSION 2 : 3/27/2014 - INPUT READ FROM MEMPATH: __INPUT__/TRANSPORT/DIS                           


 DSP-- DISPERSION PACKAGE, VERSION 1, 1/24/2018 INPUT READ FROM MEMPATH: __INPUT__/TRANSPORT/DSP                           


 Setting Discretization Options
    Model length unit [0=UND, 1=FEET, 2=METERS, 3=CENTIMETERS] set as 2
 End Setting Discretization Options

 Setting Discretization Dimensions
    NLAY = 1
    NROW = 1
    NCOL = 30
 End Setting Discretization Dimensions

 Setting Discretization Griddata
    DELR set from input file
    DELC set from input file
    TOP set from input file
    BOTM set from input file
 End Setting Discretization Griddata


 FMI -- FLOW MODEL INTERFACE, VERSION 1, 8/29/2017 INPUT READ FROM UNIT 1005


 # File generated by Flopy version 3.10.0 on 07/30/2026 at 08:18:18.
 PROCESSING FMI OPTIONS
 END OF FMI OPTIONS
 PROCESSING FMI PACKAGEDATA

 OPENED flow.hds
 FILE TYPE:DATA(BINARY)   UNIT 1015   STATUS:UNKNOWN             
 FORMAT:UNFORMATTED            ACCESS:STREAM              
 ACTION:READWRITE           

Reading binary file to determine number of records per time step.
Detected 1 unique records in binary file.

 OPENED flow.bud
 FILE TYPE:DATA(BINARY)   UNIT 1016   STATUS:UNKNOWN             
 FORMAT:UNFORMATTED            ACCESS:STREAM              
 ACTION:READWRITE           

Reading budget file to determine number of terms per time step.
    1.00000        FLOW-JA-FACE                 
    1.00000          DATA-SPDIS NPF             
    1.00000            DATA-SAT NPF             
    1.00000                 WEL WEL-1           
    1.00000                 CHD CHD_0           
Detected 5 unique flow terms in budget file.
 END OF FMI PACKAGEDATA

 ADV-- ADVECTION PACKAGE, VERSION 1, 8/25/2017 INPUT READ FROM UNIT 1007


 # File generated by Flopy version 3.10.0 on 07/30/2026 at 08:18:18.
 PROCESSING ADVECTION OPTIONS
    ADVECTION WEIGHTING SCHEME HAS BEEN SET TO: TVD
 END OF ADVECTION OPTIONS
 Setting DSP Options
    XT3D formulation [0=INACTIVE, 1=ACTIVE, 3=ACTIVE RHS] set to: 0
 End Setting DSP Options

 Setting DSP Griddata
    ALH set from input file
    ATH1 set from input file
 End Setting DSP Griddata


 IC -- INITIAL CONDITIONS PACKAGE, VERSION 8, 3/28/2015 INPUT READ FROM UNIT 1004
 # File generated by Flopy version 3.10.0 on 07/30/2026 at 08:18:18.
 PROCESSING IC OPTIONS
 END OF IC OPTIONS
 PROCESSING GRIDDATA
 END PROCESSING GRIDDATA

 MST -- MOBILE STORAGE AND TRANSFER PACKAGE, VERSION 1, 7/29/2020 INPUT READ FROM UNIT 1006


 # File generated by Flopy version 3.10.0 on 07/30/2026 at 08:18:18.
 PROCESSING MOBILE STORAGE AND TRANSFER OPTIONS
 END OF MOBILE STORAGE AND TRANSFER OPTIONS
 PROCESSING GRIDDATA

   MOBILE DOMAIN POROSITY =  0.5000000    
 END PROCESSING GRIDDATA

 SSM -- SOURCE-SINK MIXING PACKAGE, VERSION 1, 8/25/2017 INPUT READ FROM UNIT 1009


 # File generated by Flopy version 3.10.0 on 07/30/2026 at 08:18:18.
 PROCESSING SSM OPTIONS
 END OF SSM OPTIONS
 PROCESSING SOURCES
 AUX SOURCE DETECTED.
    USING AUX COLUMN 1 IN PACKAGE WEL-1
 END PROCESSING SOURCES
 OPTIONAL FILEINPUT BLOCK NOT FOUND.  CONTINUING.

The observation utility is active for "TRANSPORT"
 # File generated by Flopy version 3.10.0 on 07/30/2026 at 08:18:18.

Processing observation options:

Text output number of digits of precision set to: 10
The PRINT_INPUT option has been specified.


 OBSERVATIONS READ FROM FILE "transport.obs"
 ----------------------------------------------------------------------------------------------------------------------------------------------------------------------------------------------------------------------------
 NAME                                     TYPE                                       TIME         LOCATION DATA                              OUTPUT FILENAME                                                                 
 ----------------------------------------------------------------------------------------------------------------------------------------------------------------------------------------------------------------------------
 X005                                     CONTINUOUS  CONCENTRATION                  ALL TIMES    "  1 1 1"                                  transport_obs.csv                                                               
 X011                                     CONTINUOUS  CONCENTRATION                  ALL TIMES    "  1 1 2"                                  transport_obs.csv                                                               
 X029                                     CONTINUOUS  CONCENTRATION                  ALL TIMES    "  1 1 3"                                  transport_obs.csv                                                               
 ----------------------------------------------------------------------------------------------------------------------------------------------------------------------------------------------------------------------------


      THE LAST TIME STEP WILL BE PRINTED
      THE LAST TIME STEP WILL BE PRINTED
 # File generated by Flopy version 3.10.0 on 07/30/2026 at 08:18:18.

 PROCESSING OC OPTIONS

    BUDGET INFORMATION WILL BE WRITTEN TO:
      UNIT NUMBER: 1018
      FILE NAME: transport.cbc

 OPENED transport.cbc
 FILE TYPE:DATA(BINARY)   UNIT 1018   STATUS:REPLACE             
 FORMAT:UNFORMATTED            ACCESS:STREAM              
 ACTION:READWRITE           

    CONCENTRATION INFORMATION WILL BE WRITTEN TO:
      UNIT NUMBER: 1019
      FILE NAME: transport.ucn

 OPENED transport.ucn
 FILE TYPE:DATA(BINARY)   UNIT 1019   STATUS:REPLACE             
 FORMAT:UNFORMATTED            ACCESS:STREAM              
 ACTION:READWRITE           

 END OF OC OPTIONS

start timestep kper="1" kstp="1" mode="normal"


 BEGIN READING OUTPUT CONTROL FOR STRESS PERIOD 1
      ALL TIME STEPS WILL BE SAVED
      THE LAST TIME STEP WILL BE SAVED
      THE LAST TIME STEP WILL BE PRINTED
      THE LAST TIME STEP WILL BE PRINTED

 END READING OUTPUT CONTROL FOR STRESS PERIOD 1

 FMI READING BUDGET TERMS FOR KSTP 1 KPER 1
    1.00000        FLOW-JA-FACE                 
    1.00000          DATA-SPDIS NPF             
    1.00000            DATA-SAT NPF             
    1.00000                 WEL WEL-1           
    1.00000                 CHD CHD_0           

 FMI READING HEAD FOR KSTP 1 KPER 1
 UBDSV1 SAVING     FLOW-JA-FACE ON UNIT   1018 AT TIME STEP      1, STRESS PERIOD      1
 UBDSV1 SAVING  STORAGE-AQUEOUS ON UNIT   1018 AT TIME STEP      1, STRESS PERIOD      1
 UBDSV06 SAVING  SOURCE-SINK MIX IN MODEL TRANSPORT        PACKAGE TRANSPORT       CONNECTED TO MODEL TRANSPORT        PACKAGE SSM              ON UNIT   1018 AT TIME STEP      1, STRESS PERIOD      1
1
  CONCENTRATION IN LAYER   1 AT END OF TIME STEP   1 IN STRESS PERIOD    1
  ---------------------------------------------------------------------------

            1           2           3           4           5           6           7           8           9          10
           11          12          13          14          15          16          17          18          19          20
           21          22          23          24          25          26          27          28          29          30
 ........................................................................................................................
   1    2.000       2.000       2.000       2.000       2.000       2.001       2.003       2.007       2.016       2.037    
        2.084       2.180       2.366       2.709       3.303       4.275       5.766       7.910       10.79       14.39    
        18.57       23.03       27.34       31.03       33.64       34.77       34.52       33.24       30.78       27.47    

 CONCENTRATION WILL BE SAVED ON UNIT 1019 AT END OF TIME STEP    1, STRESS PERIOD    1


  MASS BUDGET FOR ENTIRE MODEL AT END OF TIME STEP    1, STRESS PERIOD   1
  ---------------------------------------------------------------------------------------------------

     CUMULATIVE MASS      M       RATES FOR THIS TIME STEP      M/T          PACKAGE NAME    
     ------------------                 ------------------------                     ----------------

           IN:                                      IN:
           ---                                      ---
     STORAGE-AQUEOUS =           6.5895       STORAGE-AQUEOUS =           6.5895     MST                              
                 WEL =           0.4000                   WEL =           0.4000     SSM_WEL-1                        
                 CHD =           0.0000                   CHD =           0.0000     SSM_CHD_0                        

            TOTAL IN =           6.9895              TOTAL IN =           6.9895

          OUT:                                     OUT:
          ----                                     ----
     STORAGE-AQUEOUS =           1.4963       STORAGE-AQUEOUS =           1.4963     MST                              
                 WEL =           0.0000                   WEL =           0.0000     SSM_WEL-1                        
                 CHD =           5.4932                   CHD =           5.4932     SSM_CHD_0                        

           TOTAL OUT =           6.9895             TOTAL OUT =           6.9895

            IN - OUT =      -8.8818E-16              IN - OUT =      -8.8818E-16

 PERCENT DISCREPANCY =          -0.00     PERCENT DISCREPANCY =          -0.00




         TIME SUMMARY AT END OF TIME STEP    1 IN STRESS PERIOD    1
                          TIME STEP LENGTH =    1.00000    
                        STRESS PERIOD TIME =    1.00000    
                     TOTAL SIMULATION TIME =    1.00000    

end timestep

