                                   MODFLOW 6
                U.S. GEOLOGICAL SURVEY MODULAR HYDROLOGIC MODEL
                            VERSION 6.6.1 02/10/2025

   MODFLOW 6 compiled Feb 10 2025 17:37:25 with Intel(R) Fortran Intel(R) 64
   Compiler Classic for applications running on Intel(R) 64, Version 2021.7.0
                             Build 20220726_000000

This software has been approved for release by the U.S. Geological 
Survey (USGS). Although the software has been subjected to rigorous 
review, the USGS reserves the right to update the software as needed 
pursuant to further analysis and review. No warranty, expressed or 
implied, is made by the USGS or the U.S. Government as to the 
functionality of the software and related material nor shall the 
fact of release constitute any such warranty. Furthermore, the 
software is released on condition that neither the USGS nor the U.S. 
Government shall be held liable for any damages resulting from its 
authorized or unauthorized use. Also refer to the USGS Water 
Resources Software User Rights Notice for complete use, copyright, 
and distribution information.


As a work of the United States Government, this USGS product is 
in the public domain within the United States. You can copy, 
modify, distribute, and perform the work, even for commercial 
purposes, all without asking permission. Additionally, USGS 
waives copyright and related rights in the work worldwide 
through CC0 1.0 Universal Public Domain Dedication 
(https://creativecommons.org/publicdomain/zero/1.0/).

The following GNU Lesser General Public License (LGPL) libraries
are used in this USGS product:

    SPARSKIT version 2.0
      ilut, luson, and qsplit 
      (https://www-users.cse.umn.edu/~saad/software/SPARSKIT/)

    RCM - Reverse Cuthill McKee Ordering
      (https://people.math.sc.edu/Burkardt/f_src/rcm/rcm.html)

    BLAS - Basic Linear Algebra Subprograms Level 1
      (https://people.math.sc.edu/Burkardt/f_src/blas1_d/blas1_d.html)

    SPARSEKIT - Sparse Matrix Utility Package
      amux, dperm, dvperm, rperm, and cperm
      (https://people.sc.fsu.edu/~jburkardt/f77_src/sparsekit/sparsekit.html)

The following BSD-3 License libraries are used in this USGS product:

    Modern Fortran DAG Library
      Copyright (c) 2018, Jacob Williams
      All rights reserved.
      (https://github.com/jacobwilliams/daglib)

MODFLOW 6 compiler options: /Isrc\libmf6core.a.p /Isrc /I..\src
/Isrc\libmf6_external.a.p /MTd /nologo /warn:general /warn:truncated_source
/stand:f08 /Zi /traceback /O2 /fpe:0 /heap-arrays:0 /traceback /fpp
/Qdiag-disable:7416 /Qdiag-disable:7025 /Qdiag-disable:5268
/Qdiag-disable:10448 /Fdsrc\libmf6core.a.p\Utilities_compilerversion.F90.pdb
/module:src\libmf6core.a.p
/Fosrc/libmf6core.a.p/Utilities_compilerversion.F90.obj /c

System command used to initiate simulation:
C:\Users\luiggi\Documents\GitSites\mf6_tutorial\mf6\windows\mf6.exe

MODFLOW was compiled using uniform precision.

Real Variables
  KIND: 8
  TINY (smallest non-zero value):    2.225074-308
  HUGE (largest value):    1.797693+308
  PRECISION: 15
  SIZE IN BITS: 64

Integer Variables
  KIND: 4
  HUGE (largest value): 2147483647
  SIZE IN BITS: 32

Long Integer Variables
  KIND: 8
  HUGE (largest value): 9223372036854775807
  SIZE IN BITS: 64

Logical Variables
  KIND: 4
  SIZE IN BITS: 32
 

 OPENED mfsim.nam
 FILE TYPE:NAM6               UNIT 1001   STATUS:OLD                 
 FORMAT:FORMATTED              ACCESS:SEQUENTIAL          
 ACTION:READ                

 # File generated by Flopy version 3.9.3 on 07/27/2026 at 11:31:51.

 OPENED transport.tdis
 FILE TYPE:TDIS6              UNIT 1002   STATUS:OLD                 
 FORMAT:FORMATTED              ACCESS:SEQUENTIAL          
 ACTION:READ                

 # File generated by Flopy version 3.9.3 on 07/27/2026 at 11:31:51.

 OPENED transport.nam
 FILE TYPE:GWT6               UNIT 1003   STATUS:OLD                 
 FORMAT:FORMATTED              ACCESS:SEQUENTIAL          
 ACTION:READ                

 # File generated by Flopy version 3.9.3 on 07/27/2026 at 11:31:51.

 OPENED transport.dis
 FILE TYPE:DIS6               UNIT 1004   STATUS:OLD                 
 FORMAT:FORMATTED              ACCESS:SEQUENTIAL          
 ACTION:READ                

 # File generated by Flopy version 3.9.3 on 07/27/2026 at 11:31:51.

 OPENED transport.ic
 FILE TYPE:IC6                UNIT 1005   STATUS:OLD                 
 FORMAT:FORMATTED              ACCESS:SEQUENTIAL          
 ACTION:READ                

 # File generated by Flopy version 3.9.3 on 07/27/2026 at 11:31:51.

 OPENED transport.fmi
 FILE TYPE:FMI6      UNIT 1006   STATUS:OLD                 
 FORMAT:FORMATTED              ACCESS:SEQUENTIAL          
 ACTION:READ                


 OPENED transport.mst
 FILE TYPE:MST6      UNIT 1007   STATUS:OLD                 
 FORMAT:FORMATTED              ACCESS:SEQUENTIAL          
 ACTION:READ                


 OPENED transport.adv
 FILE TYPE:ADV6      UNIT 1008   STATUS:OLD                 
 FORMAT:FORMATTED              ACCESS:SEQUENTIAL          
 ACTION:READ                


 OPENED transport.dsp
 FILE TYPE:DSP6               UNIT 1009   STATUS:OLD                 
 FORMAT:FORMATTED              ACCESS:SEQUENTIAL          
 ACTION:READ                

 # File generated by Flopy version 3.9.3 on 07/27/2026 at 11:31:51.

 OPENED transport.ssm
 FILE TYPE:SSM6      UNIT 1010   STATUS:OLD                 
 FORMAT:FORMATTED              ACCESS:SEQUENTIAL          
 ACTION:READ                


 OPENED transport.oc
 FILE TYPE:OC6       UNIT 1011   STATUS:OLD                 
 FORMAT:FORMATTED              ACCESS:SEQUENTIAL          
 ACTION:READ                


 OPENED transport.obs
 FILE TYPE:OBS6      UNIT 1012   STATUS:OLD                 
 FORMAT:FORMATTED              ACCESS:SEQUENTIAL          
 ACTION:READ                


 READING SIMULATION OPTIONS
    MAXIMUM NUMBER OF ERRORS THAT WILL BE STORED IS 1000
 END OF SIMULATION OPTIONS

 READING SIMULATION TIMING

 TDIS -- TEMPORAL DISCRETIZATION PACKAGE,
 VERSION 1 : 11/13/2014 - INPUT READ FROM MEMPATH: __INPUT__/SIM/TDIS                                
 PROCESSING TDIS OPTIONS
    SIMULATION TIME UNIT IS UNDEFINED
 END OF TDIS OPTIONS
 PROCESSING TDIS DIMENSIONS
    1 STRESS PERIOD(S) IN SIMULATION
 END OF TDIS DIMENSIONS
 PROCESSING TDIS PERIODDATA


 STRESS PERIOD     LENGTH       TIME STEPS     MULTIPLIER FOR DELT
 ----------------------------------------------------------------------------
        1         5.000000        500                    1.000
 END OF TDIS PERIODDATA
 END OF SIMULATION TIMING

 READING SIMULATION MODELS
    GWT6 model 1 will be created
 END OF SIMULATION MODELS

 READING SIMULATION EXCHANGES
 END OF SIMULATION EXCHANGES

 READING SOLUTIONGROUP

 Creating solution: SLN_1           

 OPENED transport.ims
 FILE TYPE:IMS   UNIT 1014   STATUS:OLD                 
 FORMAT:FORMATTED              ACCESS:SEQUENTIAL          
 ACTION:READ                

 END OF SOLUTIONGROUP

PROCESSING MODEL CONNECTIONS

 IMS -- ITERATIVE MODEL SOLUTION PACKAGE, VERSION 6, 4/28/2017
         INPUT READ FROM UNIT 1014
 # File generated by Flopy version 3.9.3 on 07/27/2026 at 11:31:51.

 PROCESSING IMS OPTIONS
 END OF IMS OPTIONS
 ***UNDER-RELAXATION WILL NOT BE USED***
 

 PROCESSING LINEAR DATA
 END OF LINEAR DATA
 ***IMS LINEAR SOLVER WILL BE USED***

 IMSLINEAR -- UNSTRUCTURED LINEAR SOLUTION PACKAGE, VERSION 8, 04/28/2017
 An asymmetric matrix will be solved

 OUTER ITERATION CONVERGENCE CRITERION    (DVCLOSE) =    0.100000E-02
 MAXIMUM NUMBER OF OUTER ITERATIONS        (MXITER) = 25
 SOLVER PRINTOUT INDEX                     (IPRIMS) = 0
 NONLINEAR ITERATION METHOD            (NONLINMETH) = 0
 LINEAR SOLUTION METHOD                   (LINMETH) = 1

       SOLUTION BY THE BICONJUGATE-GRADIENT STABILIZED METHOD
 ------------------------------------------------------------------
 MAXIMUM OF 25 CALLS OF SOLUTION ROUTINE
 MAXIMUM OF 50 INTERNAL ITERATIONS PER CALL TO SOLUTION ROUTINE
 LINEAR ACCELERATION METHOD            = BCGS      
 MATRIX PRECONDITIONING TYPE           = INCOMPLETE LU       
 MATRIX SCALING APPROACH               = NO SCALING          
 MATRIX REORDERING APPROACH            = ORIGINAL ORDERING        
 NUMBER OF ORTHOGONALIZATIONS          = 0
 HEAD CHANGE CRITERION FOR CLOSURE     =    0.10000E-02
 RESIDUAL CHANGE CRITERION FOR CLOSURE =    0.10000E+00
 RESIDUAL CONVERGENCE OPTION           = 0
 RESIDUAL CONVERGENCE NORM             = INFINITY NORM   
 RELAXATION FACTOR                     =    0.00000E+00



 
    Solving:  Stress period:     1    Time step:     1
 
1
 STRESS PERIOD NO. 1, LENGTH =   5.000000    
 ------------------------------------------
 NUMBER OF TIME STEPS = 500
 MULTIPLIER FOR DELT =     1.000
 INITIAL TIME STEP SIZE =  0.1000000E-01
 
    Solving:  Stress period:     1    Time step:     2
 
 
    Solving:  Stress period:     1    Time step:     3
 
 
    Solving:  Stress period:     1    Time step:     4
 
 
    Solving:  Stress period:     1    Time step:     5
 
 
    Solving:  Stress period:     1    Time step:     6
 
 
    Solving:  Stress period:     1    Time step:     7
 
 
    Solving:  Stress period:     1    Time step:     8
 
 
    Solving:  Stress period:     1    Time step:     9
 
 
    Solving:  Stress period:     1    Time step:    10
 
 
    Solving:  Stress period:     1    Time step:    11
 
 
    Solving:  Stress period:     1    Time step:    12
 
 
    Solving:  Stress period:     1    Time step:    13
 
 
    Solving:  Stress period:     1    Time step:    14
 
 
    Solving:  Stress period:     1    Time step:    15
 
 
    Solving:  Stress period:     1    Time step:    16
 
 
    Solving:  Stress period:     1    Time step:    17
 
 
    Solving:  Stress period:     1    Time step:    18
 
 
    Solving:  Stress period:     1    Time step:    19
 
 
    Solving:  Stress period:     1    Time step:    20
 
 
    Solving:  Stress period:     1    Time step:    21
 
 
    Solving:  Stress period:     1    Time step:    22
 
 
    Solving:  Stress period:     1    Time step:    23
 
 
    Solving:  Stress period:     1    Time step:    24
 
 
    Solving:  Stress period:     1    Time step:    25
 
 
    Solving:  Stress period:     1    Time step:    26
 
 
    Solving:  Stress period:     1    Time step:    27
 
 
    Solving:  Stress period:     1    Time step:    28
 
 
    Solving:  Stress period:     1    Time step:    29
 
 
    Solving:  Stress period:     1    Time step:    30
 
 
    Solving:  Stress period:     1    Time step:    31
 
 
    Solving:  Stress period:     1    Time step:    32
 
 
    Solving:  Stress period:     1    Time step:    33
 
 
    Solving:  Stress period:     1    Time step:    34
 
 
    Solving:  Stress period:     1    Time step:    35
 
 
    Solving:  Stress period:     1    Time step:    36
 
 
    Solving:  Stress period:     1    Time step:    37
 
 
    Solving:  Stress period:     1    Time step:    38
 
 
    Solving:  Stress period:     1    Time step:    39
 
 
    Solving:  Stress period:     1    Time step:    40
 
 
    Solving:  Stress period:     1    Time step:    41
 
 
    Solving:  Stress period:     1    Time step:    42
 
 
    Solving:  Stress period:     1    Time step:    43
 
 
    Solving:  Stress period:     1    Time step:    44
 
 
    Solving:  Stress period:     1    Time step:    45
 
 
    Solving:  Stress period:     1    Time step:    46
 
 
    Solving:  Stress period:     1    Time step:    47
 
 
    Solving:  Stress period:     1    Time step:    48
 
 
    Solving:  Stress period:     1    Time step:    49
 
 
    Solving:  Stress period:     1    Time step:    50
 
 
    Solving:  Stress period:     1    Time step:    51
 
 
    Solving:  Stress period:     1    Time step:    52
 
 
    Solving:  Stress period:     1    Time step:    53
 
 
    Solving:  Stress period:     1    Time step:    54
 
 
    Solving:  Stress period:     1    Time step:    55
 
 
    Solving:  Stress period:     1    Time step:    56
 
 
    Solving:  Stress period:     1    Time step:    57
 
 
    Solving:  Stress period:     1    Time step:    58
 
 
    Solving:  Stress period:     1    Time step:    59
 
 
    Solving:  Stress period:     1    Time step:    60
 
 
    Solving:  Stress period:     1    Time step:    61
 
 
    Solving:  Stress period:     1    Time step:    62
 
 
    Solving:  Stress period:     1    Time step:    63
 
 
    Solving:  Stress period:     1    Time step:    64
 
 
    Solving:  Stress period:     1    Time step:    65
 
 
    Solving:  Stress period:     1    Time step:    66
 
 
    Solving:  Stress period:     1    Time step:    67
 
 
    Solving:  Stress period:     1    Time step:    68
 
 
    Solving:  Stress period:     1    Time step:    69
 
 
    Solving:  Stress period:     1    Time step:    70
 
 
    Solving:  Stress period:     1    Time step:    71
 
 
    Solving:  Stress period:     1    Time step:    72
 
 
    Solving:  Stress period:     1    Time step:    73
 
 
    Solving:  Stress period:     1    Time step:    74
 
 
    Solving:  Stress period:     1    Time step:    75
 
 
    Solving:  Stress period:     1    Time step:    76
 
 
    Solving:  Stress period:     1    Time step:    77
 
 
    Solving:  Stress period:     1    Time step:    78
 
 
    Solving:  Stress period:     1    Time step:    79
 
 
    Solving:  Stress period:     1    Time step:    80
 
 
    Solving:  Stress period:     1    Time step:    81
 
 
    Solving:  Stress period:     1    Time step:    82
 
 
    Solving:  Stress period:     1    Time step:    83
 
 
    Solving:  Stress period:     1    Time step:    84
 
 
    Solving:  Stress period:     1    Time step:    85
 
 
    Solving:  Stress period:     1    Time step:    86
 
 
    Solving:  Stress period:     1    Time step:    87
 
 
    Solving:  Stress period:     1    Time step:    88
 
 
    Solving:  Stress period:     1    Time step:    89
 
 
    Solving:  Stress period:     1    Time step:    90
 
 
    Solving:  Stress period:     1    Time step:    91
 
 
    Solving:  Stress period:     1    Time step:    92
 
 
    Solving:  Stress period:     1    Time step:    93
 
 
    Solving:  Stress period:     1    Time step:    94
 
 
    Solving:  Stress period:     1    Time step:    95
 
 
    Solving:  Stress period:     1    Time step:    96
 
 
    Solving:  Stress period:     1    Time step:    97
 
 
    Solving:  Stress period:     1    Time step:    98
 
 
    Solving:  Stress period:     1    Time step:    99
 
 
    Solving:  Stress period:     1    Time step:   100
 
 
    Solving:  Stress period:     1    Time step:   101
 
 
    Solving:  Stress period:     1    Time step:   102
 
 
    Solving:  Stress period:     1    Time step:   103
 
 
    Solving:  Stress period:     1    Time step:   104
 
 
    Solving:  Stress period:     1    Time step:   105
 
 
    Solving:  Stress period:     1    Time step:   106
 
 
    Solving:  Stress period:     1    Time step:   107
 
 
    Solving:  Stress period:     1    Time step:   108
 
 
    Solving:  Stress period:     1    Time step:   109
 
 
    Solving:  Stress period:     1    Time step:   110
 
 
    Solving:  Stress period:     1    Time step:   111
 
 
    Solving:  Stress period:     1    Time step:   112
 
 
    Solving:  Stress period:     1    Time step:   113
 
 
    Solving:  Stress period:     1    Time step:   114
 
 
    Solving:  Stress period:     1    Time step:   115
 
 
    Solving:  Stress period:     1    Time step:   116
 
 
    Solving:  Stress period:     1    Time step:   117
 
 
    Solving:  Stress period:     1    Time step:   118
 
 
    Solving:  Stress period:     1    Time step:   119
 
 
    Solving:  Stress period:     1    Time step:   120
 
 
    Solving:  Stress period:     1    Time step:   121
 
 
    Solving:  Stress period:     1    Time step:   122
 
 
    Solving:  Stress period:     1    Time step:   123
 
 
    Solving:  Stress period:     1    Time step:   124
 
 
    Solving:  Stress period:     1    Time step:   125
 
 
    Solving:  Stress period:     1    Time step:   126
 
 
    Solving:  Stress period:     1    Time step:   127
 
 
    Solving:  Stress period:     1    Time step:   128
 
 
    Solving:  Stress period:     1    Time step:   129
 
 
    Solving:  Stress period:     1    Time step:   130
 
 
    Solving:  Stress period:     1    Time step:   131
 
 
    Solving:  Stress period:     1    Time step:   132
 
 
    Solving:  Stress period:     1    Time step:   133
 
 
    Solving:  Stress period:     1    Time step:   134
 
 
    Solving:  Stress period:     1    Time step:   135
 
 
    Solving:  Stress period:     1    Time step:   136
 
 
    Solving:  Stress period:     1    Time step:   137
 
 
    Solving:  Stress period:     1    Time step:   138
 
 
    Solving:  Stress period:     1    Time step:   139
 
 
    Solving:  Stress period:     1    Time step:   140
 
 
    Solving:  Stress period:     1    Time step:   141
 
 
    Solving:  Stress period:     1    Time step:   142
 
 
    Solving:  Stress period:     1    Time step:   143
 
 
    Solving:  Stress period:     1    Time step:   144
 
 
    Solving:  Stress period:     1    Time step:   145
 
 
    Solving:  Stress period:     1    Time step:   146
 
 
    Solving:  Stress period:     1    Time step:   147
 
 
    Solving:  Stress period:     1    Time step:   148
 
 
    Solving:  Stress period:     1    Time step:   149
 
 
    Solving:  Stress period:     1    Time step:   150
 
 
    Solving:  Stress period:     1    Time step:   151
 
 
    Solving:  Stress period:     1    Time step:   152
 
 
    Solving:  Stress period:     1    Time step:   153
 
 
    Solving:  Stress period:     1    Time step:   154
 
 
    Solving:  Stress period:     1    Time step:   155
 
 
    Solving:  Stress period:     1    Time step:   156
 
 
    Solving:  Stress period:     1    Time step:   157
 
 
    Solving:  Stress period:     1    Time step:   158
 
 
    Solving:  Stress period:     1    Time step:   159
 
 
    Solving:  Stress period:     1    Time step:   160
 
 
    Solving:  Stress period:     1    Time step:   161
 
 
    Solving:  Stress period:     1    Time step:   162
 
 
    Solving:  Stress period:     1    Time step:   163
 
 
    Solving:  Stress period:     1    Time step:   164
 
 
    Solving:  Stress period:     1    Time step:   165
 
 
    Solving:  Stress period:     1    Time step:   166
 
 
    Solving:  Stress period:     1    Time step:   167
 
 
    Solving:  Stress period:     1    Time step:   168
 
 
    Solving:  Stress period:     1    Time step:   169
 
 
    Solving:  Stress period:     1    Time step:   170
 
 
    Solving:  Stress period:     1    Time step:   171
 
 
    Solving:  Stress period:     1    Time step:   172
 
 
    Solving:  Stress period:     1    Time step:   173
 
 
    Solving:  Stress period:     1    Time step:   174
 
 
    Solving:  Stress period:     1    Time step:   175
 
 
    Solving:  Stress period:     1    Time step:   176
 
 
    Solving:  Stress period:     1    Time step:   177
 
 
    Solving:  Stress period:     1    Time step:   178
 
 
    Solving:  Stress period:     1    Time step:   179
 
 
    Solving:  Stress period:     1    Time step:   180
 
 
    Solving:  Stress period:     1    Time step:   181
 
 
    Solving:  Stress period:     1    Time step:   182
 
 
    Solving:  Stress period:     1    Time step:   183
 
 
    Solving:  Stress period:     1    Time step:   184
 
 
    Solving:  Stress period:     1    Time step:   185
 
 
    Solving:  Stress period:     1    Time step:   186
 
 
    Solving:  Stress period:     1    Time step:   187
 
 
    Solving:  Stress period:     1    Time step:   188
 
 
    Solving:  Stress period:     1    Time step:   189
 
 
    Solving:  Stress period:     1    Time step:   190
 
 
    Solving:  Stress period:     1    Time step:   191
 
 
    Solving:  Stress period:     1    Time step:   192
 
 
    Solving:  Stress period:     1    Time step:   193
 
 
    Solving:  Stress period:     1    Time step:   194
 
 
    Solving:  Stress period:     1    Time step:   195
 
 
    Solving:  Stress period:     1    Time step:   196
 
 
    Solving:  Stress period:     1    Time step:   197
 
 
    Solving:  Stress period:     1    Time step:   198
 
 
    Solving:  Stress period:     1    Time step:   199
 
 
    Solving:  Stress period:     1    Time step:   200
 
 
    Solving:  Stress period:     1    Time step:   201
 
 
    Solving:  Stress period:     1    Time step:   202
 
 
    Solving:  Stress period:     1    Time step:   203
 
 
    Solving:  Stress period:     1    Time step:   204
 
 
    Solving:  Stress period:     1    Time step:   205
 
 
    Solving:  Stress period:     1    Time step:   206
 
 
    Solving:  Stress period:     1    Time step:   207
 
 
    Solving:  Stress period:     1    Time step:   208
 
 
    Solving:  Stress period:     1    Time step:   209
 
 
    Solving:  Stress period:     1    Time step:   210
 
 
    Solving:  Stress period:     1    Time step:   211
 
 
    Solving:  Stress period:     1    Time step:   212
 
 
    Solving:  Stress period:     1    Time step:   213
 
 
    Solving:  Stress period:     1    Time step:   214
 
 
    Solving:  Stress period:     1    Time step:   215
 
 
    Solving:  Stress period:     1    Time step:   216
 
 
    Solving:  Stress period:     1    Time step:   217
 
 
    Solving:  Stress period:     1    Time step:   218
 
 
    Solving:  Stress period:     1    Time step:   219
 
 
    Solving:  Stress period:     1    Time step:   220
 
 
    Solving:  Stress period:     1    Time step:   221
 
 
    Solving:  Stress period:     1    Time step:   222
 
 
    Solving:  Stress period:     1    Time step:   223
 
 
    Solving:  Stress period:     1    Time step:   224
 
 
    Solving:  Stress period:     1    Time step:   225
 
 
    Solving:  Stress period:     1    Time step:   226
 
 
    Solving:  Stress period:     1    Time step:   227
 
 
    Solving:  Stress period:     1    Time step:   228
 
 
    Solving:  Stress period:     1    Time step:   229
 
 
    Solving:  Stress period:     1    Time step:   230
 
 
    Solving:  Stress period:     1    Time step:   231
 
 
    Solving:  Stress period:     1    Time step:   232
 
 
    Solving:  Stress period:     1    Time step:   233
 
 
    Solving:  Stress period:     1    Time step:   234
 
 
    Solving:  Stress period:     1    Time step:   235
 
 
    Solving:  Stress period:     1    Time step:   236
 
 
    Solving:  Stress period:     1    Time step:   237
 
 
    Solving:  Stress period:     1    Time step:   238
 
 
    Solving:  Stress period:     1    Time step:   239
 
 
    Solving:  Stress period:     1    Time step:   240
 
 
    Solving:  Stress period:     1    Time step:   241
 
 
    Solving:  Stress period:     1    Time step:   242
 
 
    Solving:  Stress period:     1    Time step:   243
 
 
    Solving:  Stress period:     1    Time step:   244
 
 
    Solving:  Stress period:     1    Time step:   245
 
 
    Solving:  Stress period:     1    Time step:   246
 
 
    Solving:  Stress period:     1    Time step:   247
 
 
    Solving:  Stress period:     1    Time step:   248
 
 
    Solving:  Stress period:     1    Time step:   249
 
 
    Solving:  Stress period:     1    Time step:   250
 
 
    Solving:  Stress period:     1    Time step:   251
 
 
    Solving:  Stress period:     1    Time step:   252
 
 
    Solving:  Stress period:     1    Time step:   253
 
 
    Solving:  Stress period:     1    Time step:   254
 
 
    Solving:  Stress period:     1    Time step:   255
 
 
    Solving:  Stress period:     1    Time step:   256
 
 
    Solving:  Stress period:     1    Time step:   257
 
 
    Solving:  Stress period:     1    Time step:   258
 
 
    Solving:  Stress period:     1    Time step:   259
 
 
    Solving:  Stress period:     1    Time step:   260
 
 
    Solving:  Stress period:     1    Time step:   261
 
 
    Solving:  Stress period:     1    Time step:   262
 
 
    Solving:  Stress period:     1    Time step:   263
 
 
    Solving:  Stress period:     1    Time step:   264
 
 
    Solving:  Stress period:     1    Time step:   265
 
 
    Solving:  Stress period:     1    Time step:   266
 
 
    Solving:  Stress period:     1    Time step:   267
 
 
    Solving:  Stress period:     1    Time step:   268
 
 
    Solving:  Stress period:     1    Time step:   269
 
 
    Solving:  Stress period:     1    Time step:   270
 
 
    Solving:  Stress period:     1    Time step:   271
 
 
    Solving:  Stress period:     1    Time step:   272
 
 
    Solving:  Stress period:     1    Time step:   273
 
 
    Solving:  Stress period:     1    Time step:   274
 
 
    Solving:  Stress period:     1    Time step:   275
 
 
    Solving:  Stress period:     1    Time step:   276
 
 
    Solving:  Stress period:     1    Time step:   277
 
 
    Solving:  Stress period:     1    Time step:   278
 
 
    Solving:  Stress period:     1    Time step:   279
 
 
    Solving:  Stress period:     1    Time step:   280
 
 
    Solving:  Stress period:     1    Time step:   281
 
 
    Solving:  Stress period:     1    Time step:   282
 
 
    Solving:  Stress period:     1    Time step:   283
 
 
    Solving:  Stress period:     1    Time step:   284
 
 
    Solving:  Stress period:     1    Time step:   285
 
 
    Solving:  Stress period:     1    Time step:   286
 
 
    Solving:  Stress period:     1    Time step:   287
 
 
    Solving:  Stress period:     1    Time step:   288
 
 
    Solving:  Stress period:     1    Time step:   289
 
 
    Solving:  Stress period:     1    Time step:   290
 
 
    Solving:  Stress period:     1    Time step:   291
 
 
    Solving:  Stress period:     1    Time step:   292
 
 
    Solving:  Stress period:     1    Time step:   293
 
 
    Solving:  Stress period:     1    Time step:   294
 
 
    Solving:  Stress period:     1    Time step:   295
 
 
    Solving:  Stress period:     1    Time step:   296
 
 
    Solving:  Stress period:     1    Time step:   297
 
 
    Solving:  Stress period:     1    Time step:   298
 
 
    Solving:  Stress period:     1    Time step:   299
 
 
    Solving:  Stress period:     1    Time step:   300
 
 
    Solving:  Stress period:     1    Time step:   301
 
 
    Solving:  Stress period:     1    Time step:   302
 
 
    Solving:  Stress period:     1    Time step:   303
 
 
    Solving:  Stress period:     1    Time step:   304
 
 
    Solving:  Stress period:     1    Time step:   305
 
 
    Solving:  Stress period:     1    Time step:   306
 
 
    Solving:  Stress period:     1    Time step:   307
 
 
    Solving:  Stress period:     1    Time step:   308
 
 
    Solving:  Stress period:     1    Time step:   309
 
 
    Solving:  Stress period:     1    Time step:   310
 
 
    Solving:  Stress period:     1    Time step:   311
 
 
    Solving:  Stress period:     1    Time step:   312
 
 
    Solving:  Stress period:     1    Time step:   313
 
 
    Solving:  Stress period:     1    Time step:   314
 
 
    Solving:  Stress period:     1    Time step:   315
 
 
    Solving:  Stress period:     1    Time step:   316
 
 
    Solving:  Stress period:     1    Time step:   317
 
 
    Solving:  Stress period:     1    Time step:   318
 
 
    Solving:  Stress period:     1    Time step:   319
 
 
    Solving:  Stress period:     1    Time step:   320
 
 
    Solving:  Stress period:     1    Time step:   321
 
 
    Solving:  Stress period:     1    Time step:   322
 
 
    Solving:  Stress period:     1    Time step:   323
 
 
    Solving:  Stress period:     1    Time step:   324
 
 
    Solving:  Stress period:     1    Time step:   325
 
 
    Solving:  Stress period:     1    Time step:   326
 
 
    Solving:  Stress period:     1    Time step:   327
 
 
    Solving:  Stress period:     1    Time step:   328
 
 
    Solving:  Stress period:     1    Time step:   329
 
 
    Solving:  Stress period:     1    Time step:   330
 
 
    Solving:  Stress period:     1    Time step:   331
 
 
    Solving:  Stress period:     1    Time step:   332
 
 
    Solving:  Stress period:     1    Time step:   333
 
 
    Solving:  Stress period:     1    Time step:   334
 
 
    Solving:  Stress period:     1    Time step:   335
 
 
    Solving:  Stress period:     1    Time step:   336
 
 
    Solving:  Stress period:     1    Time step:   337
 
 
    Solving:  Stress period:     1    Time step:   338
 
 
    Solving:  Stress period:     1    Time step:   339
 
 
    Solving:  Stress period:     1    Time step:   340
 
 
    Solving:  Stress period:     1    Time step:   341
 
 
    Solving:  Stress period:     1    Time step:   342
 
 
    Solving:  Stress period:     1    Time step:   343
 
 
    Solving:  Stress period:     1    Time step:   344
 
 
    Solving:  Stress period:     1    Time step:   345
 
 
    Solving:  Stress period:     1    Time step:   346
 
 
    Solving:  Stress period:     1    Time step:   347
 
 
    Solving:  Stress period:     1    Time step:   348
 
 
    Solving:  Stress period:     1    Time step:   349
 
 
    Solving:  Stress period:     1    Time step:   350
 
 
    Solving:  Stress period:     1    Time step:   351
 
 
    Solving:  Stress period:     1    Time step:   352
 
 
    Solving:  Stress period:     1    Time step:   353
 
 
    Solving:  Stress period:     1    Time step:   354
 
 
    Solving:  Stress period:     1    Time step:   355
 
 
    Solving:  Stress period:     1    Time step:   356
 
 
    Solving:  Stress period:     1    Time step:   357
 
 
    Solving:  Stress period:     1    Time step:   358
 
 
    Solving:  Stress period:     1    Time step:   359
 
 
    Solving:  Stress period:     1    Time step:   360
 
 
    Solving:  Stress period:     1    Time step:   361
 
 
    Solving:  Stress period:     1    Time step:   362
 
 
    Solving:  Stress period:     1    Time step:   363
 
 
    Solving:  Stress period:     1    Time step:   364
 
 
    Solving:  Stress period:     1    Time step:   365
 
 
    Solving:  Stress period:     1    Time step:   366
 
 
    Solving:  Stress period:     1    Time step:   367
 
 
    Solving:  Stress period:     1    Time step:   368
 
 
    Solving:  Stress period:     1    Time step:   369
 
 
    Solving:  Stress period:     1    Time step:   370
 
 
    Solving:  Stress period:     1    Time step:   371
 
 
    Solving:  Stress period:     1    Time step:   372
 
 
    Solving:  Stress period:     1    Time step:   373
 
 
    Solving:  Stress period:     1    Time step:   374
 
 
    Solving:  Stress period:     1    Time step:   375
 
 
    Solving:  Stress period:     1    Time step:   376
 
 
    Solving:  Stress period:     1    Time step:   377
 
 
    Solving:  Stress period:     1    Time step:   378
 
 
    Solving:  Stress period:     1    Time step:   379
 
 
    Solving:  Stress period:     1    Time step:   380
 
 
    Solving:  Stress period:     1    Time step:   381
 
 
    Solving:  Stress period:     1    Time step:   382
 
 
    Solving:  Stress period:     1    Time step:   383
 
 
    Solving:  Stress period:     1    Time step:   384
 
 
    Solving:  Stress period:     1    Time step:   385
 
 
    Solving:  Stress period:     1    Time step:   386
 
 
    Solving:  Stress period:     1    Time step:   387
 
 
    Solving:  Stress period:     1    Time step:   388
 
 
    Solving:  Stress period:     1    Time step:   389
 
 
    Solving:  Stress period:     1    Time step:   390
 
 
    Solving:  Stress period:     1    Time step:   391
 
 
    Solving:  Stress period:     1    Time step:   392
 
 
    Solving:  Stress period:     1    Time step:   393
 
 
    Solving:  Stress period:     1    Time step:   394
 
 
    Solving:  Stress period:     1    Time step:   395
 
 
    Solving:  Stress period:     1    Time step:   396
 
 
    Solving:  Stress period:     1    Time step:   397
 
 
    Solving:  Stress period:     1    Time step:   398
 
 
    Solving:  Stress period:     1    Time step:   399
 
 
    Solving:  Stress period:     1    Time step:   400
 
 
    Solving:  Stress period:     1    Time step:   401
 
 
    Solving:  Stress period:     1    Time step:   402
 
 
    Solving:  Stress period:     1    Time step:   403
 
 
    Solving:  Stress period:     1    Time step:   404
 
 
    Solving:  Stress period:     1    Time step:   405
 
 
    Solving:  Stress period:     1    Time step:   406
 
 
    Solving:  Stress period:     1    Time step:   407
 
 
    Solving:  Stress period:     1    Time step:   408
 
 
    Solving:  Stress period:     1    Time step:   409
 
 
    Solving:  Stress period:     1    Time step:   410
 
 
    Solving:  Stress period:     1    Time step:   411
 
 
    Solving:  Stress period:     1    Time step:   412
 
 
    Solving:  Stress period:     1    Time step:   413
 
 
    Solving:  Stress period:     1    Time step:   414
 
 
    Solving:  Stress period:     1    Time step:   415
 
 
    Solving:  Stress period:     1    Time step:   416
 
 
    Solving:  Stress period:     1    Time step:   417
 
 
    Solving:  Stress period:     1    Time step:   418
 
 
    Solving:  Stress period:     1    Time step:   419
 
 
    Solving:  Stress period:     1    Time step:   420
 
 
    Solving:  Stress period:     1    Time step:   421
 
 
    Solving:  Stress period:     1    Time step:   422
 
 
    Solving:  Stress period:     1    Time step:   423
 
 
    Solving:  Stress period:     1    Time step:   424
 
 
    Solving:  Stress period:     1    Time step:   425
 
 
    Solving:  Stress period:     1    Time step:   426
 
 
    Solving:  Stress period:     1    Time step:   427
 
 
    Solving:  Stress period:     1    Time step:   428
 
 
    Solving:  Stress period:     1    Time step:   429
 
 
    Solving:  Stress period:     1    Time step:   430
 
 
    Solving:  Stress period:     1    Time step:   431
 
 
    Solving:  Stress period:     1    Time step:   432
 
 
    Solving:  Stress period:     1    Time step:   433
 
 
    Solving:  Stress period:     1    Time step:   434
 
 
    Solving:  Stress period:     1    Time step:   435
 
 
    Solving:  Stress period:     1    Time step:   436
 
 
    Solving:  Stress period:     1    Time step:   437
 
 
    Solving:  Stress period:     1    Time step:   438
 
 
    Solving:  Stress period:     1    Time step:   439
 
 
    Solving:  Stress period:     1    Time step:   440
 
 
    Solving:  Stress period:     1    Time step:   441
 
 
    Solving:  Stress period:     1    Time step:   442
 
 
    Solving:  Stress period:     1    Time step:   443
 
 
    Solving:  Stress period:     1    Time step:   444
 
 
    Solving:  Stress period:     1    Time step:   445
 
 
    Solving:  Stress period:     1    Time step:   446
 
 
    Solving:  Stress period:     1    Time step:   447
 
 
    Solving:  Stress period:     1    Time step:   448
 
 
    Solving:  Stress period:     1    Time step:   449
 
 
    Solving:  Stress period:     1    Time step:   450
 
 
    Solving:  Stress period:     1    Time step:   451
 
 
    Solving:  Stress period:     1    Time step:   452
 
 
    Solving:  Stress period:     1    Time step:   453
 
 
    Solving:  Stress period:     1    Time step:   454
 
 
    Solving:  Stress period:     1    Time step:   455
 
 
    Solving:  Stress period:     1    Time step:   456
 
 
    Solving:  Stress period:     1    Time step:   457
 
 
    Solving:  Stress period:     1    Time step:   458
 
 
    Solving:  Stress period:     1    Time step:   459
 
 
    Solving:  Stress period:     1    Time step:   460
 
 
    Solving:  Stress period:     1    Time step:   461
 
 
    Solving:  Stress period:     1    Time step:   462
 
 
    Solving:  Stress period:     1    Time step:   463
 
 
    Solving:  Stress period:     1    Time step:   464
 
 
    Solving:  Stress period:     1    Time step:   465
 
 
    Solving:  Stress period:     1    Time step:   466
 
 
    Solving:  Stress period:     1    Time step:   467
 
 
    Solving:  Stress period:     1    Time step:   468
 
 
    Solving:  Stress period:     1    Time step:   469
 
 
    Solving:  Stress period:     1    Time step:   470
 
 
    Solving:  Stress period:     1    Time step:   471
 
 
    Solving:  Stress period:     1    Time step:   472
 
 
    Solving:  Stress period:     1    Time step:   473
 
 
    Solving:  Stress period:     1    Time step:   474
 
 
    Solving:  Stress period:     1    Time step:   475
 
 
    Solving:  Stress period:     1    Time step:   476
 
 
    Solving:  Stress period:     1    Time step:   477
 
 
    Solving:  Stress period:     1    Time step:   478
 
 
    Solving:  Stress period:     1    Time step:   479
 
 
    Solving:  Stress period:     1    Time step:   480
 
 
    Solving:  Stress period:     1    Time step:   481
 
 
    Solving:  Stress period:     1    Time step:   482
 
 
    Solving:  Stress period:     1    Time step:   483
 
 
    Solving:  Stress period:     1    Time step:   484
 
 
    Solving:  Stress period:     1    Time step:   485
 
 
    Solving:  Stress period:     1    Time step:   486
 
 
    Solving:  Stress period:     1    Time step:   487
 
 
    Solving:  Stress period:     1    Time step:   488
 
 
    Solving:  Stress period:     1    Time step:   489
 
 
    Solving:  Stress period:     1    Time step:   490
 
 
    Solving:  Stress period:     1    Time step:   491
 
 
    Solving:  Stress period:     1    Time step:   492
 
 
    Solving:  Stress period:     1    Time step:   493
 
 
    Solving:  Stress period:     1    Time step:   494
 
 
    Solving:  Stress period:     1    Time step:   495
 
 
    Solving:  Stress period:     1    Time step:   496
 
 
    Solving:  Stress period:     1    Time step:   497
 
 
    Solving:  Stress period:     1    Time step:   498
 
 
    Solving:  Stress period:     1    Time step:   499
 
 
    Solving:  Stress period:     1    Time step:   500
 

 MEMORY MANAGER TOTAL STORAGE BY DATA TYPE, IN KILOBYTES
 -------------------------------
                    ALLOCATED   
 DATA TYPE           MEMORY     
 -------------------------------
 Character        4.9790000     
 Logical          2.00000000E-02
 Integer          2.6000000     
 Real             5.6320000     
 -------------------------------
 Total            13.231000     
 Virtual          0.0000000     
 -------------------------------


 
 Run end date and time (yyyy/mm/dd hh:mm:ss): 2026/07/27 11:31:51
 Elapsed run time:  0.211 Seconds
 Normal termination of simulation.
