                                   MODFLOW 6
                U.S. GEOLOGICAL SURVEY MODULAR HYDROLOGIC MODEL
                            VERSION 6.6.1 02/10/2025

   MODFLOW 6 compiled Feb 10 2025 17:37:25 with Intel(R) Fortran Intel(R) 64
   Compiler Classic for applications running on Intel(R) 64, Version 2021.7.0
                             Build 20220726_000000

This software has been approved for release by the U.S. Geological 
Survey (USGS). Although the software has been subjected to rigorous 
review, the USGS reserves the right to update the software as needed 
pursuant to further analysis and review. No warranty, expressed or 
implied, is made by the USGS or the U.S. Government as to the 
functionality of the software and related material nor shall the 
fact of release constitute any such warranty. Furthermore, the 
software is released on condition that neither the USGS nor the U.S. 
Government shall be held liable for any damages resulting from its 
authorized or unauthorized use. Also refer to the USGS Water 
Resources Software User Rights Notice for complete use, copyright, 
and distribution information.


As a work of the United States Government, this USGS product is 
in the public domain within the United States. You can copy, 
modify, distribute, and perform the work, even for commercial 
purposes, all without asking permission. Additionally, USGS 
waives copyright and related rights in the work worldwide 
through CC0 1.0 Universal Public Domain Dedication 
(https://creativecommons.org/publicdomain/zero/1.0/).

The following GNU Lesser General Public License (LGPL) libraries
are used in this USGS product:

    SPARSKIT version 2.0
      ilut, luson, and qsplit 
      (https://www-users.cse.umn.edu/~saad/software/SPARSKIT/)

    RCM - Reverse Cuthill McKee Ordering
      (https://people.math.sc.edu/Burkardt/f_src/rcm/rcm.html)

    BLAS - Basic Linear Algebra Subprograms Level 1
      (https://people.math.sc.edu/Burkardt/f_src/blas1_d/blas1_d.html)

    SPARSEKIT - Sparse Matrix Utility Package
      amux, dperm, dvperm, rperm, and cperm
      (https://people.sc.fsu.edu/~jburkardt/f77_src/sparsekit/sparsekit.html)

The following BSD-3 License libraries are used in this USGS product:

    Modern Fortran DAG Library
      Copyright (c) 2018, Jacob Williams
      All rights reserved.
      (https://github.com/jacobwilliams/daglib)

MODFLOW 6 compiler options: /Isrc\libmf6core.a.p /Isrc /I..\src
/Isrc\libmf6_external.a.p /MTd /nologo /warn:general /warn:truncated_source
/stand:f08 /Zi /traceback /O2 /fpe:0 /heap-arrays:0 /traceback /fpp
/Qdiag-disable:7416 /Qdiag-disable:7025 /Qdiag-disable:5268
/Qdiag-disable:10448 /Fdsrc\libmf6core.a.p\Utilities_compilerversion.F90.pdb
/module:src\libmf6core.a.p
/Fosrc/libmf6core.a.p/Utilities_compilerversion.F90.obj /c

System command used to initiate simulation:
C:\Users\luiggi\Documents\GitSites\RTWMA\bin\windows\mf6.exe

MODFLOW was compiled using uniform precision.

Real Variables
  KIND: 8
  TINY (smallest non-zero value):    2.225074-308
  HUGE (largest value):    1.797693+308
  PRECISION: 15
  SIZE IN BITS: 64

Integer Variables
  KIND: 4
  HUGE (largest value): 2147483647
  SIZE IN BITS: 32

Long Integer Variables
  KIND: 8
  HUGE (largest value): 9223372036854775807
  SIZE IN BITS: 64

Logical Variables
  KIND: 4
  SIZE IN BITS: 32
 

 OPENED mfsim.nam
 FILE TYPE:NAM6               UNIT 1001   STATUS:OLD                 
 FORMAT:FORMATTED              ACCESS:SEQUENTIAL          
 ACTION:READ                

 # File generated by Flopy version 3.9.3 on 07/11/2026 at 14:12:50.

 OPENED flujtrans.tdis
 FILE TYPE:TDIS6              UNIT 1002   STATUS:OLD                 
 FORMAT:FORMATTED              ACCESS:SEQUENTIAL          
 ACTION:READ                

 # File generated by Flopy version 3.9.3 on 07/11/2026 at 14:12:50.

 OPENED gwf_flujtrans.nam
 FILE TYPE:GWF6               UNIT 1003   STATUS:OLD                 
 FORMAT:FORMATTED              ACCESS:SEQUENTIAL          
 ACTION:READ                

 # File generated by Flopy version 3.9.3 on 07/11/2026 at 14:12:50.

 OPENED gwf_flujtrans.dis
 FILE TYPE:DIS6               UNIT 1004   STATUS:OLD                 
 FORMAT:FORMATTED              ACCESS:SEQUENTIAL          
 ACTION:READ                

 # File generated by Flopy version 3.9.3 on 07/11/2026 at 14:12:50.

 OPENED gwf_flujtrans.npf
 FILE TYPE:NPF6               UNIT 1005   STATUS:OLD                 
 FORMAT:FORMATTED              ACCESS:SEQUENTIAL          
 ACTION:READ                

 # File generated by Flopy version 3.9.3 on 07/11/2026 at 14:12:50.

 OPENED gwf_flujtrans.ic
 FILE TYPE:IC6                UNIT 1006   STATUS:OLD                 
 FORMAT:FORMATTED              ACCESS:SEQUENTIAL          
 ACTION:READ                

 # File generated by Flopy version 3.9.3 on 07/11/2026 at 14:12:50.

 OPENED gwf_flujtrans.oc
 FILE TYPE:OC6       UNIT 1007   STATUS:OLD                 
 FORMAT:FORMATTED              ACCESS:SEQUENTIAL          
 ACTION:READ                


 OPENED gwf_flujtrans.wel
 FILE TYPE:WEL6               UNIT 1008   STATUS:OLD                 
 FORMAT:FORMATTED              ACCESS:SEQUENTIAL          
 ACTION:READ                

 # File generated by Flopy version 3.9.3 on 07/11/2026 at 14:12:50.
    AUXILIARY  VARIABLE: CONCENTRATION   

 OPENED gwf_flujtrans.chd
 FILE TYPE:CHD6               UNIT 1009   STATUS:OLD                 
 FORMAT:FORMATTED              ACCESS:SEQUENTIAL          
 ACTION:READ                

 # File generated by Flopy version 3.9.3 on 07/11/2026 at 14:12:50.

 OPENED gwt_flujtrans.nam
 FILE TYPE:GWT6               UNIT 1010   STATUS:OLD                 
 FORMAT:FORMATTED              ACCESS:SEQUENTIAL          
 ACTION:READ                

 # File generated by Flopy version 3.9.3 on 07/11/2026 at 14:12:50.

 OPENED gwt_flujtrans.dis
 FILE TYPE:DIS6               UNIT 1011   STATUS:OLD                 
 FORMAT:FORMATTED              ACCESS:SEQUENTIAL          
 ACTION:READ                

 # File generated by Flopy version 3.9.3 on 07/11/2026 at 14:12:50.

 OPENED gwt_flujtrans.ic
 FILE TYPE:IC6                UNIT 1012   STATUS:OLD                 
 FORMAT:FORMATTED              ACCESS:SEQUENTIAL          
 ACTION:READ                

 # File generated by Flopy version 3.9.3 on 07/11/2026 at 14:12:50.

 OPENED gwt_flujtrans.mst
 FILE TYPE:MST6      UNIT 1013   STATUS:OLD                 
 FORMAT:FORMATTED              ACCESS:SEQUENTIAL          
 ACTION:READ                


 OPENED gwt_flujtrans.adv
 FILE TYPE:ADV6      UNIT 1014   STATUS:OLD                 
 FORMAT:FORMATTED              ACCESS:SEQUENTIAL          
 ACTION:READ                


 OPENED gwt_flujtrans.dsp
 FILE TYPE:DSP6               UNIT 1015   STATUS:OLD                 
 FORMAT:FORMATTED              ACCESS:SEQUENTIAL          
 ACTION:READ                

 # File generated by Flopy version 3.9.3 on 07/11/2026 at 14:12:50.

 OPENED gwt_flujtrans.ssm
 FILE TYPE:SSM6      UNIT 1016   STATUS:OLD                 
 FORMAT:FORMATTED              ACCESS:SEQUENTIAL          
 ACTION:READ                


 OPENED gwt_flujtrans.oc
 FILE TYPE:OC6       UNIT 1017   STATUS:OLD                 
 FORMAT:FORMATTED              ACCESS:SEQUENTIAL          
 ACTION:READ                


 OPENED gwt_flujtrans.cnc
 FILE TYPE:CNC6               UNIT 1018   STATUS:OLD                 
 FORMAT:FORMATTED              ACCESS:SEQUENTIAL          
 ACTION:READ                

 # File generated by Flopy version 3.9.3 on 07/11/2026 at 14:12:50.

 OPENED flujtrans.gwfgwt
 FILE TYPE:GWF6-GWT6          UNIT 1019   STATUS:OLD                 
 FORMAT:FORMATTED              ACCESS:SEQUENTIAL          
 ACTION:READ                

 # File generated by Flopy version 3.9.3 on 07/11/2026 at 14:12:50.

 READING SIMULATION OPTIONS
    MAXIMUM NUMBER OF ERRORS THAT WILL BE STORED IS 1000
 END OF SIMULATION OPTIONS

 READING SIMULATION TIMING

 TDIS -- TEMPORAL DISCRETIZATION PACKAGE,
 VERSION 1 : 11/13/2014 - INPUT READ FROM MEMPATH: __INPUT__/SIM/TDIS                                
 PROCESSING TDIS OPTIONS
    SIMULATION TIME UNIT IS DAYS
 END OF TDIS OPTIONS
 PROCESSING TDIS DIMENSIONS
    1 STRESS PERIOD(S) IN SIMULATION
 END OF TDIS DIMENSIONS
 PROCESSING TDIS PERIODDATA


 STRESS PERIOD     LENGTH       TIME STEPS     MULTIPLIER FOR DELT
 ----------------------------------------------------------------------------
        1         300.0000        150                    1.050
 END OF TDIS PERIODDATA
 END OF SIMULATION TIMING

 READING SIMULATION MODELS
    GWF6 model 1 will be created
    GWT6 model 2 will be created
 END OF SIMULATION MODELS

 READING SIMULATION EXCHANGES
    GWF6-GWT6 exchange 1 will be created to connect model 1 with model 2
 END OF SIMULATION EXCHANGES

 READING SOLUTIONGROUP

 Creating solution: SLN_1           

 OPENED gwf_flujtrans.ims
 FILE TYPE:IMS   UNIT 1022   STATUS:OLD                 
 FORMAT:FORMATTED              ACCESS:SEQUENTIAL          
 ACTION:READ                


 Creating solution: SLN_2           

 OPENED gwt_flujtrans.ims
 FILE TYPE:IMS   UNIT 1023   STATUS:OLD                 
 FORMAT:FORMATTED              ACCESS:SEQUENTIAL          
 ACTION:READ                

 END OF SOLUTIONGROUP

PROCESSING MODEL CONNECTIONS
END OF MODEL CONNECTIONS

 IMS -- ITERATIVE MODEL SOLUTION PACKAGE, VERSION 6, 4/28/2017
         INPUT READ FROM UNIT 1022
 # File generated by Flopy version 3.9.3 on 07/11/2026 at 14:12:50.

 PROCESSING IMS OPTIONS
 SIMPLE OPTION:
 DEFAULT SOLVER INPUT VALUES FOR FAST SOLUTIONS
 END OF IMS OPTIONS

 PROCESSING IMS NONLINEAR
 END OF IMS NONLINEAR DATA
 ***UNDER-RELAXATION WILL NOT BE USED***
 

 PROCESSING LINEAR DATA
 END OF LINEAR DATA
 ***IMS LINEAR SOLVER WILL BE USED***

 IMSLINEAR -- UNSTRUCTURED LINEAR SOLUTION PACKAGE, VERSION 8, 04/28/2017
 A symmetric matrix will be solved

 OUTER ITERATION CONVERGENCE CRITERION    (DVCLOSE) =    0.100000E-05
 MAXIMUM NUMBER OF OUTER ITERATIONS        (MXITER) = 25
 SOLVER PRINTOUT INDEX                     (IPRIMS) = 0
 NONLINEAR ITERATION METHOD            (NONLINMETH) = 0
 LINEAR SOLUTION METHOD                   (LINMETH) = 1

       SOLUTION BY THE        CONJUGATE-GRADIENT       METHOD
 ------------------------------------------------------------------
 MAXIMUM OF 25 CALLS OF SOLUTION ROUTINE
 MAXIMUM OF 50 INTERNAL ITERATIONS PER CALL TO SOLUTION ROUTINE
 LINEAR ACCELERATION METHOD            = CG        
 MATRIX PRECONDITIONING TYPE           = INCOMPLETE LU       
 MATRIX SCALING APPROACH               = NO SCALING          
 MATRIX REORDERING APPROACH            = ORIGINAL ORDERING        
 NUMBER OF ORTHOGONALIZATIONS          = 0
 HEAD CHANGE CRITERION FOR CLOSURE     =    0.10000E-05
 RESIDUAL CHANGE CRITERION FOR CLOSURE =    0.10000E+00
 RESIDUAL CONVERGENCE OPTION           = 0
 RESIDUAL CONVERGENCE NORM             = INFINITY NORM   
 RELAXATION FACTOR                     =    0.00000E+00




 IMS -- ITERATIVE MODEL SOLUTION PACKAGE, VERSION 6, 4/28/2017
         INPUT READ FROM UNIT 1023
 # File generated by Flopy version 3.9.3 on 07/11/2026 at 14:12:50.

 PROCESSING IMS OPTIONS
 SIMPLE OPTION:
 DEFAULT SOLVER INPUT VALUES FOR FAST SOLUTIONS
 END OF IMS OPTIONS

 PROCESSING IMS NONLINEAR
 END OF IMS NONLINEAR DATA
 ***UNDER-RELAXATION WILL NOT BE USED***
 

 PROCESSING LINEAR DATA
 END OF LINEAR DATA
 ***IMS LINEAR SOLVER WILL BE USED***

 IMSLINEAR -- UNSTRUCTURED LINEAR SOLUTION PACKAGE, VERSION 8, 04/28/2017
 An asymmetric matrix will be solved

 OUTER ITERATION CONVERGENCE CRITERION    (DVCLOSE) =    0.100000E-07
 MAXIMUM NUMBER OF OUTER ITERATIONS        (MXITER) = 25
 SOLVER PRINTOUT INDEX                     (IPRIMS) = 0
 NONLINEAR ITERATION METHOD            (NONLINMETH) = 0
 LINEAR SOLUTION METHOD                   (LINMETH) = 1

       SOLUTION BY THE BICONJUGATE-GRADIENT STABILIZED METHOD
 ------------------------------------------------------------------
 MAXIMUM OF 25 CALLS OF SOLUTION ROUTINE
 MAXIMUM OF 50 INTERNAL ITERATIONS PER CALL TO SOLUTION ROUTINE
 LINEAR ACCELERATION METHOD            = BCGS      
 MATRIX PRECONDITIONING TYPE           = INCOMPLETE LU       
 MATRIX SCALING APPROACH               = NO SCALING          
 MATRIX REORDERING APPROACH            = ORIGINAL ORDERING        
 NUMBER OF ORTHOGONALIZATIONS          = 0
 HEAD CHANGE CRITERION FOR CLOSURE     =    0.10000E-07
 RESIDUAL CHANGE CRITERION FOR CLOSURE =    0.10000E+00
 RESIDUAL CONVERGENCE OPTION           = 0
 RESIDUAL CONVERGENCE NORM             = INFINITY NORM   
 RELAXATION FACTOR                     =    0.00000E+00



 
    Solving:  Stress period:     1    Time step:     1
 
1
 STRESS PERIOD NO. 1, LENGTH =   300.0000    
 ------------------------------------------
 NUMBER OF TIME STEPS = 150
 MULTIPLIER FOR DELT =     1.050
 INITIAL TIME STEP SIZE =  0.9953699E-02
 
    Solving:  Stress period:     1    Time step:     2
 
 
    Solving:  Stress period:     1    Time step:     3
 
 
    Solving:  Stress period:     1    Time step:     4
 
 
    Solving:  Stress period:     1    Time step:     5
 
 
    Solving:  Stress period:     1    Time step:     6
 
 
    Solving:  Stress period:     1    Time step:     7
 
 
    Solving:  Stress period:     1    Time step:     8
 
 
    Solving:  Stress period:     1    Time step:     9
 
 
    Solving:  Stress period:     1    Time step:    10
 
 
    Solving:  Stress period:     1    Time step:    11
 
 
    Solving:  Stress period:     1    Time step:    12
 
 
    Solving:  Stress period:     1    Time step:    13
 
 
    Solving:  Stress period:     1    Time step:    14
 
 
    Solving:  Stress period:     1    Time step:    15
 
 
    Solving:  Stress period:     1    Time step:    16
 
 
    Solving:  Stress period:     1    Time step:    17
 
 
    Solving:  Stress period:     1    Time step:    18
 
 
    Solving:  Stress period:     1    Time step:    19
 
 
    Solving:  Stress period:     1    Time step:    20
 
 
    Solving:  Stress period:     1    Time step:    21
 
 
    Solving:  Stress period:     1    Time step:    22
 
 
    Solving:  Stress period:     1    Time step:    23
 
 
    Solving:  Stress period:     1    Time step:    24
 
 
    Solving:  Stress period:     1    Time step:    25
 
 
    Solving:  Stress period:     1    Time step:    26
 
 
    Solving:  Stress period:     1    Time step:    27
 
 
    Solving:  Stress period:     1    Time step:    28
 
 
    Solving:  Stress period:     1    Time step:    29
 
 
    Solving:  Stress period:     1    Time step:    30
 
 
    Solving:  Stress period:     1    Time step:    31
 
 
    Solving:  Stress period:     1    Time step:    32
 
 
    Solving:  Stress period:     1    Time step:    33
 
 
    Solving:  Stress period:     1    Time step:    34
 
 
    Solving:  Stress period:     1    Time step:    35
 
 
    Solving:  Stress period:     1    Time step:    36
 
 
    Solving:  Stress period:     1    Time step:    37
 
 
    Solving:  Stress period:     1    Time step:    38
 
 
    Solving:  Stress period:     1    Time step:    39
 
 
    Solving:  Stress period:     1    Time step:    40
 
 
    Solving:  Stress period:     1    Time step:    41
 
 
    Solving:  Stress period:     1    Time step:    42
 
 
    Solving:  Stress period:     1    Time step:    43
 
 
    Solving:  Stress period:     1    Time step:    44
 
 
    Solving:  Stress period:     1    Time step:    45
 
 
    Solving:  Stress period:     1    Time step:    46
 
 
    Solving:  Stress period:     1    Time step:    47
 
 
    Solving:  Stress period:     1    Time step:    48
 
 
    Solving:  Stress period:     1    Time step:    49
 
 
    Solving:  Stress period:     1    Time step:    50
 
 
    Solving:  Stress period:     1    Time step:    51
 
 
    Solving:  Stress period:     1    Time step:    52
 
 
    Solving:  Stress period:     1    Time step:    53
 
 
    Solving:  Stress period:     1    Time step:    54
 
 
    Solving:  Stress period:     1    Time step:    55
 
 
    Solving:  Stress period:     1    Time step:    56
 
 
    Solving:  Stress period:     1    Time step:    57
 
 
    Solving:  Stress period:     1    Time step:    58
 
 
    Solving:  Stress period:     1    Time step:    59
 
 
    Solving:  Stress period:     1    Time step:    60
 
 
    Solving:  Stress period:     1    Time step:    61
 
 
    Solving:  Stress period:     1    Time step:    62
 
 
    Solving:  Stress period:     1    Time step:    63
 
 
    Solving:  Stress period:     1    Time step:    64
 
 
    Solving:  Stress period:     1    Time step:    65
 
 
    Solving:  Stress period:     1    Time step:    66
 
 
    Solving:  Stress period:     1    Time step:    67
 
 
    Solving:  Stress period:     1    Time step:    68
 
 
    Solving:  Stress period:     1    Time step:    69
 
 
    Solving:  Stress period:     1    Time step:    70
 
 
    Solving:  Stress period:     1    Time step:    71
 
 
    Solving:  Stress period:     1    Time step:    72
 
 
    Solving:  Stress period:     1    Time step:    73
 
 
    Solving:  Stress period:     1    Time step:    74
 
 
    Solving:  Stress period:     1    Time step:    75
 
 
    Solving:  Stress period:     1    Time step:    76
 
 
    Solving:  Stress period:     1    Time step:    77
 
 
    Solving:  Stress period:     1    Time step:    78
 
 
    Solving:  Stress period:     1    Time step:    79
 
 
    Solving:  Stress period:     1    Time step:    80
 
 
    Solving:  Stress period:     1    Time step:    81
 
 
    Solving:  Stress period:     1    Time step:    82
 
 
    Solving:  Stress period:     1    Time step:    83
 
 
    Solving:  Stress period:     1    Time step:    84
 
 
    Solving:  Stress period:     1    Time step:    85
 
 
    Solving:  Stress period:     1    Time step:    86
 
 
    Solving:  Stress period:     1    Time step:    87
 
 
    Solving:  Stress period:     1    Time step:    88
 
 
    Solving:  Stress period:     1    Time step:    89
 
 
    Solving:  Stress period:     1    Time step:    90
 
 
    Solving:  Stress period:     1    Time step:    91
 
 
    Solving:  Stress period:     1    Time step:    92
 
 
    Solving:  Stress period:     1    Time step:    93
 
 
    Solving:  Stress period:     1    Time step:    94
 
 
    Solving:  Stress period:     1    Time step:    95
 
 
    Solving:  Stress period:     1    Time step:    96
 
 
    Solving:  Stress period:     1    Time step:    97
 
 
    Solving:  Stress period:     1    Time step:    98
 
 
    Solving:  Stress period:     1    Time step:    99
 
 
    Solving:  Stress period:     1    Time step:   100
 
 
    Solving:  Stress period:     1    Time step:   101
 
 
    Solving:  Stress period:     1    Time step:   102
 
 
    Solving:  Stress period:     1    Time step:   103
 
 
    Solving:  Stress period:     1    Time step:   104
 
 
    Solving:  Stress period:     1    Time step:   105
 
 
    Solving:  Stress period:     1    Time step:   106
 
 
    Solving:  Stress period:     1    Time step:   107
 
 
    Solving:  Stress period:     1    Time step:   108
 
 
    Solving:  Stress period:     1    Time step:   109
 
 
    Solving:  Stress period:     1    Time step:   110
 
 
    Solving:  Stress period:     1    Time step:   111
 
 
    Solving:  Stress period:     1    Time step:   112
 
 
    Solving:  Stress period:     1    Time step:   113
 
 
    Solving:  Stress period:     1    Time step:   114
 
 
    Solving:  Stress period:     1    Time step:   115
 
 
    Solving:  Stress period:     1    Time step:   116
 
 
    Solving:  Stress period:     1    Time step:   117
 
 
    Solving:  Stress period:     1    Time step:   118
 
 
    Solving:  Stress period:     1    Time step:   119
 
 
    Solving:  Stress period:     1    Time step:   120
 
 
    Solving:  Stress period:     1    Time step:   121
 
 
    Solving:  Stress period:     1    Time step:   122
 
 
    Solving:  Stress period:     1    Time step:   123
 
 
    Solving:  Stress period:     1    Time step:   124
 
 
    Solving:  Stress period:     1    Time step:   125
 
 
    Solving:  Stress period:     1    Time step:   126
 
 
    Solving:  Stress period:     1    Time step:   127
 
 
    Solving:  Stress period:     1    Time step:   128
 
 
    Solving:  Stress period:     1    Time step:   129
 
 
    Solving:  Stress period:     1    Time step:   130
 
 
    Solving:  Stress period:     1    Time step:   131
 
 
    Solving:  Stress period:     1    Time step:   132
 
 
    Solving:  Stress period:     1    Time step:   133
 
 
    Solving:  Stress period:     1    Time step:   134
 
 
    Solving:  Stress period:     1    Time step:   135
 
 
    Solving:  Stress period:     1    Time step:   136
 
 
    Solving:  Stress period:     1    Time step:   137
 
 
    Solving:  Stress period:     1    Time step:   138
 
 
    Solving:  Stress period:     1    Time step:   139
 
 
    Solving:  Stress period:     1    Time step:   140
 
 
    Solving:  Stress period:     1    Time step:   141
 
 
    Solving:  Stress period:     1    Time step:   142
 
 
    Solving:  Stress period:     1    Time step:   143
 
 
    Solving:  Stress period:     1    Time step:   144
 
 
    Solving:  Stress period:     1    Time step:   145
 
 
    Solving:  Stress period:     1    Time step:   146
 
 
    Solving:  Stress period:     1    Time step:   147
 
 
    Solving:  Stress period:     1    Time step:   148
 
 
    Solving:  Stress period:     1    Time step:   149
 
 
    Solving:  Stress period:     1    Time step:   150
 

 MEMORY MANAGER TOTAL STORAGE BY DATA TYPE, IN KILOBYTES
 -------------------------------
                    ALLOCATED   
 DATA TYPE           MEMORY     
 -------------------------------
 Character        13.152000     
 Logical          5.20000000E-02
 Integer          27.624000     
 Real             87.920000     
 -------------------------------
 Total            128.74800     
 Virtual          0.0000000     
 -------------------------------


 
 Run end date and time (yyyy/mm/dd hh:mm:ss): 2026/07/11 14:12:51
 Elapsed run time:  0.384 Seconds
 Normal termination of simulation.
